../Core/Src/main.c:87:5:main	16	static
../Core/Src/main.c:153:6:SystemClock_Config	88	static
../Core/Src/main.c:200:13:MX_SPI3_Init	8	static
../Core/Src/main.c:238:13:MX_USART2_UART_Init	8	static
../Core/Src/main.c:271:13:MX_GPIO_Init	48	static
../Core/Src/main.c:344:13:LED2_Blink	8	static
../Core/Src/main.c:385:6:HAL_GPIO_EXTI_Callback	16	static
../Core/Src/main.c:406:21:TFT_ShieldDetect	32	static
../Core/Src/main.c:433:13:TFT_DisplayMenu	8	static
../Core/Src/main.c:455:6:Error_Handler	8	static
