../Core/Src/main.c:157:5:main	8	static
../Core/Src/main.c:257:6:SystemClock_Config	88	static
../Core/Src/main.c:314:6:PeriphCommonClock_Config	144	static
../Core/Src/main.c:342:13:MX_ADC3_Init	24	static
../Core/Src/main.c:394:13:MX_CRC_Init	8	static
../Core/Src/main.c:425:13:MX_DCMI_Init	8	static
../Core/Src/main.c:462:13:MX_DMA2D_Init	8	static
../Core/Src/main.c:499:13:MX_ETH_Init	8	static
../Core/Src/main.c:548:13:MX_I2C1_Init	8	static
../Core/Src/main.c:596:13:MX_I2C3_Init	8	static
../Core/Src/main.c:644:13:MX_LTDC_Init	64	static
../Core/Src/main.c:706:13:MX_QUADSPI_Init	8	static
../Core/Src/main.c:741:13:MX_RTC_Init	72	static
../Core/Src/main.c:837:13:MX_SAI2_Init	8	static
../Core/Src/main.c:912:13:MX_SPDIFRX_Init	8	static
../Core/Src/main.c:948:13:MX_SPI2_Init	8	static
../Core/Src/main.c:988:13:MX_TIM1_Init	112	static
../Core/Src/main.c:1068:13:MX_TIM2_Init	64	static
../Core/Src/main.c:1127:13:MX_TIM3_Init	64	static
../Core/Src/main.c:1186:13:MX_TIM5_Init	64	static
../Core/Src/main.c:1245:13:MX_TIM8_Init	40	static
../Core/Src/main.c:1292:13:MX_TIM12_Init	40	static
../Core/Src/main.c:1334:13:MX_USART1_UART_Init	8	static
../Core/Src/main.c:1369:13:MX_USART6_UART_Init	8	static
../Core/Src/main.c:1400:13:MX_FMC_Init	40	static
../Core/Src/main.c:1451:13:MX_GPIO_Init	72	static
../Core/Src/main.c:1616:6:LCD_GPIO_Init	64	static
../Core/Src/main.c:1666:13:LTDC_Init	24	static
../Core/Src/main.c:1738:6:LCD_DisplayOn	8	static
../Core/Src/main.c:1750:6:LCD_DisplayOff	8	static
../Core/Src/main.c:1763:13:OnError_Handler	16	static
../Core/Src/main.c:1777:6:Error_Handler	4	static,ignoring_inline_asm
