../Core/Src/stm32f7xx_hal_msp.c:65:6:HAL_MspInit	16	static
../Core/Src/stm32f7xx_hal_msp.c:87:6:HAL_ADC_MspInit	48	static
../Core/Src/stm32f7xx_hal_msp.c:128:6:HAL_ADC_MspDeInit	16	static
../Core/Src/stm32f7xx_hal_msp.c:160:6:HAL_CRC_MspInit	24	static
../Core/Src/stm32f7xx_hal_msp.c:182:6:HAL_CRC_MspDeInit	16	static
../Core/Src/stm32f7xx_hal_msp.c:204:6:HAL_DCMI_MspInit	64	static
../Core/Src/stm32f7xx_hal_msp.c:282:6:HAL_DCMI_MspDeInit	16	static
../Core/Src/stm32f7xx_hal_msp.c:329:6:HAL_DMA2D_MspInit	24	static
../Core/Src/stm32f7xx_hal_msp.c:354:6:HAL_DMA2D_MspDeInit	16	static
../Core/Src/stm32f7xx_hal_msp.c:379:6:HAL_ETH_MspInit	64	static
../Core/Src/stm32f7xx_hal_msp.c:438:6:HAL_ETH_MspDeInit	16	static
../Core/Src/stm32f7xx_hal_msp.c:478:6:HAL_I2C_MspInit	184	static
../Core/Src/stm32f7xx_hal_msp.c:557:6:HAL_I2C_MspDeInit	16	static
../Core/Src/stm32f7xx_hal_msp.c:608:6:HAL_LTDC_MspInit	64	static
../Core/Src/stm32f7xx_hal_msp.c:709:6:HAL_LTDC_MspDeInit	16	static
../Core/Src/stm32f7xx_hal_msp.c:778:6:HAL_QSPI_MspInit	56	static
../Core/Src/stm32f7xx_hal_msp.c:841:6:HAL_QSPI_MspDeInit	16	static
../Core/Src/stm32f7xx_hal_msp.c:878:6:HAL_RTC_MspInit	152	static
../Core/Src/stm32f7xx_hal_msp.c:911:6:HAL_RTC_MspDeInit	16	static
../Core/Src/stm32f7xx_hal_msp.c:933:6:HAL_SPDIFRX_MspInit	176	static
../Core/Src/stm32f7xx_hal_msp.c:983:6:HAL_SPDIFRX_MspDeInit	16	static
../Core/Src/stm32f7xx_hal_msp.c:1011:6:HAL_SPI_MspInit	48	static
../Core/Src/stm32f7xx_hal_msp.c:1056:6:HAL_SPI_MspDeInit	16	static
../Core/Src/stm32f7xx_hal_msp.c:1088:6:HAL_TIM_Base_MspInit	40	static
../Core/Src/stm32f7xx_hal_msp.c:1154:6:HAL_TIM_PWM_MspInit	24	static
../Core/Src/stm32f7xx_hal_msp.c:1170:6:HAL_TIM_MspPostInit	56	static
../Core/Src/stm32f7xx_hal_msp.c:1285:6:HAL_TIM_Base_MspDeInit	16	static
../Core/Src/stm32f7xx_hal_msp.c:1351:6:HAL_TIM_PWM_MspDeInit	16	static
../Core/Src/stm32f7xx_hal_msp.c:1373:6:HAL_UART_MspInit	192	static
../Core/Src/stm32f7xx_hal_msp.c:1462:6:HAL_UART_MspDeInit	16	static
../Core/Src/stm32f7xx_hal_msp.c:1507:13:HAL_FMC_MspInit	32	static
../Core/Src/stm32f7xx_hal_msp.c:1613:6:HAL_SDRAM_MspInit	16	static
../Core/Src/stm32f7xx_hal_msp.c:1625:13:HAL_FMC_MspDeInit	8	static
../Core/Src/stm32f7xx_hal_msp.c:1699:6:HAL_SDRAM_MspDeInit	16	static
../Core/Src/stm32f7xx_hal_msp.c:1711:6:HAL_SAI_MspInit	48	static
../Core/Src/stm32f7xx_hal_msp.c:1761:6:HAL_SAI_MspDeInit	16	static
