Archive member included to satisfy reference by file (symbol)

c:/st/stm32cubeide_1.11.2/stm32cubeide/plugins/com.st.stm32cube.ide.mcu.externaltools.gnu-tools-for-stm32.10.3-2021.10.win32_1.0.100.202210260954/tools/bin/../lib/gcc/arm-none-eabi/10.3.1/../../../../arm-none-eabi/lib/thumb/v7e-m+fp/hard\libc_nano.a(lib_a-errno.o)
                              ./Core/Src/syscalls.o (__errno)
c:/st/stm32cubeide_1.11.2/stm32cubeide/plugins/com.st.stm32cube.ide.mcu.externaltools.gnu-tools-for-stm32.10.3-2021.10.win32_1.0.100.202210260954/tools/bin/../lib/gcc/arm-none-eabi/10.3.1/../../../../arm-none-eabi/lib/thumb/v7e-m+fp/hard\libc_nano.a(lib_a-exit.o)
                              c:/st/stm32cubeide_1.11.2/stm32cubeide/plugins/com.st.stm32cube.ide.mcu.externaltools.gnu-tools-for-stm32.10.3-2021.10.win32_1.0.100.202210260954/tools/bin/../lib/gcc/arm-none-eabi/10.3.1/../../../../arm-none-eabi/lib/thumb/v7e-m+fp/hard/crt0.o (exit)
c:/st/stm32cubeide_1.11.2/stm32cubeide/plugins/com.st.stm32cube.ide.mcu.externaltools.gnu-tools-for-stm32.10.3-2021.10.win32_1.0.100.202210260954/tools/bin/../lib/gcc/arm-none-eabi/10.3.1/../../../../arm-none-eabi/lib/thumb/v7e-m+fp/hard\libc_nano.a(lib_a-impure.o)
                              c:/st/stm32cubeide_1.11.2/stm32cubeide/plugins/com.st.stm32cube.ide.mcu.externaltools.gnu-tools-for-stm32.10.3-2021.10.win32_1.0.100.202210260954/tools/bin/../lib/gcc/arm-none-eabi/10.3.1/../../../../arm-none-eabi/lib/thumb/v7e-m+fp/hard\libc_nano.a(lib_a-exit.o) (_global_impure_ptr)
c:/st/stm32cubeide_1.11.2/stm32cubeide/plugins/com.st.stm32cube.ide.mcu.externaltools.gnu-tools-for-stm32.10.3-2021.10.win32_1.0.100.202210260954/tools/bin/../lib/gcc/arm-none-eabi/10.3.1/../../../../arm-none-eabi/lib/thumb/v7e-m+fp/hard\libc_nano.a(lib_a-init.o)
                              c:/st/stm32cubeide_1.11.2/stm32cubeide/plugins/com.st.stm32cube.ide.mcu.externaltools.gnu-tools-for-stm32.10.3-2021.10.win32_1.0.100.202210260954/tools/bin/../lib/gcc/arm-none-eabi/10.3.1/../../../../arm-none-eabi/lib/thumb/v7e-m+fp/hard/crt0.o (__libc_init_array)
c:/st/stm32cubeide_1.11.2/stm32cubeide/plugins/com.st.stm32cube.ide.mcu.externaltools.gnu-tools-for-stm32.10.3-2021.10.win32_1.0.100.202210260954/tools/bin/../lib/gcc/arm-none-eabi/10.3.1/../../../../arm-none-eabi/lib/thumb/v7e-m+fp/hard\libc_nano.a(lib_a-malloc.o)
                              ./Drivers/BSP/Adafruit_Shield/stm32_adafruit_sd.o (malloc)
c:/st/stm32cubeide_1.11.2/stm32cubeide/plugins/com.st.stm32cube.ide.mcu.externaltools.gnu-tools-for-stm32.10.3-2021.10.win32_1.0.100.202210260954/tools/bin/../lib/gcc/arm-none-eabi/10.3.1/../../../../arm-none-eabi/lib/thumb/v7e-m+fp/hard\libc_nano.a(lib_a-memset.o)
                              c:/st/stm32cubeide_1.11.2/stm32cubeide/plugins/com.st.stm32cube.ide.mcu.externaltools.gnu-tools-for-stm32.10.3-2021.10.win32_1.0.100.202210260954/tools/bin/../lib/gcc/arm-none-eabi/10.3.1/../../../../arm-none-eabi/lib/thumb/v7e-m+fp/hard/crt0.o (memset)
c:/st/stm32cubeide_1.11.2/stm32cubeide/plugins/com.st.stm32cube.ide.mcu.externaltools.gnu-tools-for-stm32.10.3-2021.10.win32_1.0.100.202210260954/tools/bin/../lib/gcc/arm-none-eabi/10.3.1/../../../../arm-none-eabi/lib/thumb/v7e-m+fp/hard\libc_nano.a(lib_a-nano-freer.o)
                              c:/st/stm32cubeide_1.11.2/stm32cubeide/plugins/com.st.stm32cube.ide.mcu.externaltools.gnu-tools-for-stm32.10.3-2021.10.win32_1.0.100.202210260954/tools/bin/../lib/gcc/arm-none-eabi/10.3.1/../../../../arm-none-eabi/lib/thumb/v7e-m+fp/hard\libc_nano.a(lib_a-malloc.o) (_free_r)
c:/st/stm32cubeide_1.11.2/stm32cubeide/plugins/com.st.stm32cube.ide.mcu.externaltools.gnu-tools-for-stm32.10.3-2021.10.win32_1.0.100.202210260954/tools/bin/../lib/gcc/arm-none-eabi/10.3.1/../../../../arm-none-eabi/lib/thumb/v7e-m+fp/hard\libc_nano.a(lib_a-nano-mallocr.o)
                              c:/st/stm32cubeide_1.11.2/stm32cubeide/plugins/com.st.stm32cube.ide.mcu.externaltools.gnu-tools-for-stm32.10.3-2021.10.win32_1.0.100.202210260954/tools/bin/../lib/gcc/arm-none-eabi/10.3.1/../../../../arm-none-eabi/lib/thumb/v7e-m+fp/hard\libc_nano.a(lib_a-malloc.o) (_malloc_r)
c:/st/stm32cubeide_1.11.2/stm32cubeide/plugins/com.st.stm32cube.ide.mcu.externaltools.gnu-tools-for-stm32.10.3-2021.10.win32_1.0.100.202210260954/tools/bin/../lib/gcc/arm-none-eabi/10.3.1/../../../../arm-none-eabi/lib/thumb/v7e-m+fp/hard\libc_nano.a(lib_a-sbrkr.o)
                              c:/st/stm32cubeide_1.11.2/stm32cubeide/plugins/com.st.stm32cube.ide.mcu.externaltools.gnu-tools-for-stm32.10.3-2021.10.win32_1.0.100.202210260954/tools/bin/../lib/gcc/arm-none-eabi/10.3.1/../../../../arm-none-eabi/lib/thumb/v7e-m+fp/hard\libc_nano.a(lib_a-nano-mallocr.o) (_sbrk_r)
c:/st/stm32cubeide_1.11.2/stm32cubeide/plugins/com.st.stm32cube.ide.mcu.externaltools.gnu-tools-for-stm32.10.3-2021.10.win32_1.0.100.202210260954/tools/bin/../lib/gcc/arm-none-eabi/10.3.1/../../../../arm-none-eabi/lib/thumb/v7e-m+fp/hard\libc_nano.a(lib_a-strlen.o)
[...]
Memory Configuration

Name             Origin             Length             Attributes
RAM              0x0000000020000000 0x0000000000020000 xrw
FLASH            0x0000000008000000 0x0000000000080000 xr
*default*        0x0000000000000000 0xffffffffffffffff

Linker script and memory map

LOAD c:/st/stm32cubeide_1.11.2/stm32cubeide/plugins/com.st.stm32cube.ide.mcu.externaltools.gnu-tools-for-stm32.10.3-2021.10.win32_1.0.100.202210260954/tools/bin/../lib/gcc/arm-none-eabi/10.3.1/thumb/v7e-m+fp/hard/crti.o
LOAD c:/st/stm32cubeide_1.11.2/stm32cubeide/plugins/com.st.stm32cube.ide.mcu.externaltools.gnu-tools-for-stm32.10.3-2021.10.win32_1.0.100.202210260954/tools/bin/../lib/gcc/arm-none-eabi/10.3.1/thumb/v7e-m+fp/hard/crtbegin.o
LOAD c:/st/stm32cubeide_1.11.2/stm32cubeide/plugins/com.st.stm32cube.ide.mcu.externaltools.gnu-tools-for-stm32.10.3-2021.10.win32_1.0.100.202210260954/tools/bin/../lib/gcc/arm-none-eabi/10.3.1/../../../../arm-none-eabi/lib/thumb/v7e-m+fp/hard/crt0.o
LOAD ./Core/Src/main.o
LOAD ./Core/Src/radio_demo.o
LOAD ./Core/Src/stm32f4xx_hal_msp.o
LOAD ./Core/Src/stm32f4xx_it.o
LOAD ./Core/Src/syscalls.o
LOAD ./Core/Src/sysmem.o
LOAD ./Core/Src/system_stm32f4xx.o
LOAD ./Core/Startup/startup_stm32f411retx.o
LOAD ./Drivers/BSP/Adafruit_Shield/stm32_adafruit_lcd.o
LOAD ./Drivers/BSP/Adafruit_Shield/stm32_adafruit_sd.o
LOAD ./Drivers/BSP/Components/st7735/st7735.o
LOAD ./Drivers/BSP/STM32F4xx-Nucleo/stm32f4xx_nucleo.o
LOAD ./Drivers/NRF24L01/nrf24.o
LOAD ./Drivers/STM32F4xx_HAL_Driver/Src/stm32f4xx_hal.o
LOAD ./Drivers/STM32F4xx_HAL_Driver/Src/stm32f4xx_hal_cortex.o
LOAD ./Drivers/STM32F4xx_HAL_Driver/Src/stm32f4xx_hal_dma.o
LOAD ./Drivers/STM32F4xx_HAL_Driver/Src/stm32f4xx_hal_dma_ex.o
LOAD ./Drivers/STM32F4xx_HAL_Driver/Src/stm32f4xx_hal_exti.o
LOAD ./Drivers/STM32F4xx_HAL_Driver/Src/stm32f4xx_hal_flash.o
LOAD ./Drivers/STM32F4xx_HAL_Driver/Src/stm32f4xx_hal_flash_ex.o
LOAD ./Drivers/STM32F4xx_HAL_Driver/Src/stm32f4xx_hal_flash_ramfunc.o
LOAD ./Drivers/STM32F4xx_HAL_Driver/Src/stm32f4xx_hal_gpio.o
LOAD ./Drivers/STM32F4xx_HAL_Driver/Src/stm32f4xx_hal_pwr.o
LOAD ./Drivers/STM32F4xx_HAL_Driver/Src/stm32f4xx_hal_pwr_ex.o
LOAD ./Drivers/STM32F4xx_HAL_Driver/Src/stm32f4xx_hal_rcc.o
LOAD ./Drivers/STM32F4xx_HAL_Driver/Src/stm32f4xx_hal_rcc_ex.o
LOAD ./Drivers/STM32F4xx_HAL_Driver/Src/stm32f4xx_hal_spi.o
LOAD ./Drivers/STM32F4xx_HAL_Driver/Src/stm32f4xx_hal_tim.o
LOAD ./Drivers/STM32F4xx_HAL_Driver/Src/stm32f4xx_hal_tim_ex.o
LOAD ./Drivers/STM32F4xx_HAL_Driver/Src/stm32f4xx_hal_uart.o
START GROUP
LOAD c:/st/stm32cubeide_1.11.2/stm32cubeide/plugins/com.st.stm32cube.ide.mcu.externaltools.gnu-tools-for-stm32.10.3-2021.10.win32_1.0.100.202210260954/tools/bin/../lib/gcc/arm-none-eabi/10.3.1/../../../../arm-none-eabi/lib/thumb/v7e-m+fp/hard\libc_nano.a
LOAD c:/st/stm32cubeide_1.11.2/stm32cubeide/plugins/com.st.stm32cube.ide.mcu.externaltools.gnu-tools-for-stm32.10.3-2021.10.win32_1.0.100.202210260954/tools/bin/../lib/gcc/arm-none-eabi/10.3.1/../../../../arm-none-eabi/lib/thumb/v7e-m+fp/hard\libm.a
END GROUP
START GROUP
LOAD c:/st/stm32cubeide_1.11.2/stm32cubeide/plugins/com.st.stm32cube.ide.mcu.externaltools.gnu-tools-for-stm32.10.3-2021.10.win32_1.0.100.202210260954/tools/bin/../lib/gcc/arm-none-eabi/10.3.1/thumb/v7e-m+fp/hard\libgcc.a
LOAD c:/st/stm32cubeide_1.11.2/stm32cubeide/plugins/com.st.stm32cube.ide.mcu.externaltools.gnu-tools-for-stm32.10.3-2021.10.win32_1.0.100.202210260954/tools/bin/../lib/gcc/arm-none-eabi/10.3.1/../../../../arm-none-eabi/lib/thumb/v7e-m+fp/hard\libc_nano.a
END GROUP
START GROUP
LOAD c:/st/stm32cubeide_1.11.2/stm32cubeide/plugins/com.st.stm32cube.ide.mcu.externaltools.gnu-tools-for-stm32.10.3-2021.10.win32_1.0.100.202210260954/tools/bin/../lib/gcc/arm-none-eabi/10.3.1/thumb/v7e-m+fp/hard\libgcc.a
LOAD c:/st/stm32cubeide_1.11.2/stm32cubeide/plugins/com.st.stm32cube.ide.mcu.externaltools.gnu-tools-for-stm32.10.3-2021.10.win32_1.0.100.202210260954/tools/bin/../lib/gcc/arm-none-eabi/10.3.1/../../../../arm-none-eabi/lib/thumb/v7e-m+fp/hard\libc_nano.a
LOAD c:/st/stm32cubeide_1.11.2/stm32cubeide/plugins/com.st.stm32cube.ide.mcu.externaltools.gnu-tools-for-stm32.10.3-2021.10.win32_1.0.100.202210260954/tools/bin/../lib/gcc/arm-none-eabi/10.3.1/../../../../arm-none-eabi/lib/thumb/v7e-m+fp/hard\libnosys.a
END GROUP
START GROUP
LOAD c:/st/stm32cubeide_1.11.2/stm32cubeide/plugins/com.st.stm32cube.ide.mcu.externaltools.gnu-tools-for-stm32.10.3-2021.10.win32_1.0.100.202210260954/tools/bin/../lib/gcc/arm-none-eabi/10.3.1/thumb/v7e-m+fp/hard\libgcc.a
LOAD c:/st/stm32cubeide_1.11.2/stm32cubeide/plugins/com.st.stm32cube.ide.mcu.externaltools.gnu-tools-for-stm32.10.3-2021.10.win32_1.0.100.202210260954/tools/bin/../lib/gcc/arm-none-eabi/10.3.1/../../../../arm-none-eabi/lib/thumb/v7e-m+fp/hard\libc_nano.a
LOAD c:/st/stm32cubeide_1.11.2/stm32cubeide/plugins/com.st.stm32cube.ide.mcu.externaltools.gnu-tools-for-stm32.10.3-2021.10.win32_1.0.100.202210260954/tools/bin/../lib/gcc/arm-none-eabi/10.3.1/../../../../arm-none-eabi/lib/thumb/v7e-m+fp/hard\libnosys.a
END GROUP
LOAD c:/st/stm32cubeide_1.11.2/stm32cubeide/plugins/com.st.stm32cube.ide.mcu.externaltools.gnu-tools-for-stm32.10.3-2021.10.win32_1.0.100.202210260954/tools/bin/../lib/gcc/arm-none-eabi/10.3.1/thumb/v7e-m+fp/hard/crtend.o
LOAD c:/st/stm32cubeide_1.11.2/stm32cubeide/plugins/com.st.stm32cube.ide.mcu.externaltools.gnu-tools-for-stm32.10.3-2021.10.win32_1.0.100.202210260954/tools/bin/../lib/gcc/arm-none-eabi/10.3.1/thumb/v7e-m+fp/hard/crtn.o
                0x0000000020020000                _estack = (ORIGIN (RAM) + LENGTH (RAM))
                0x0000000000000200                _Min_Heap_Size = 0x200
                0x0000000000000400                _Min_Stack_Size = 0x400

.isr_vector     0x0000000008000000      0x198
                0x0000000008000000                . = ALIGN (0x4)
 *(.isr_vector)
 .isr_vector    0x0000000008000000      0x198 ./Core/Startup/startup_stm32f411retx.o
                0x0000000008000000                g_pfnVectors
                0x0000000008000198                . = ALIGN (0x4)

.text           0x0000000008000198     0x47b0
                0x0000000008000198                . = ALIGN (0x4)
 *(.text)
 .text          0x0000000008000198       0x40 c:/st/stm32cubeide_1.11.2/stm32cubeide/plugins/com.st.stm32cube.ide.mcu.externaltools.gnu-tools-for-stm32.10.3-2021.10.win32_1.0.100.202210260954/tools/bin/../lib/gcc/arm-none-eabi/10.3.1/thumb/v7e-m+fp/hard/crtbegin.o
 .text          0x00000000080001d8       0x10 c:/st/stm32cubeide_1.11.2/stm32cubeide/plugins/com.st.stm32cube.ide.mcu.externaltools.gnu-tools-for-stm32.10.3-2021.10.win32_1.0.100.202210260954/tools/bin/../lib/gcc/arm-none-eabi/10.3.1/../../../../arm-none-eabi/lib/thumb/v7e-m+fp/hard\libc_nano.a(lib_a-strlen.o)
                0x00000000080001d8                strlen
 .text          0x00000000080001e8       0x30 c:/st/stm32cubeide_1.11.2/stm32cubeide/plugins/com.st.stm32cube.ide.mcu.externaltools.gnu-tools-for-stm32.10.3-2021.10.win32_1.0.100.202210260954/tools/bin/../lib/gcc/arm-none-eabi/10.3.1/thumb/v7e-m+fp/hard\libgcc.a(_aeabi_uldivmod.o)
                0x00000000080001e8                __aeabi_uldivmod
 .text          0x0000000008000218      0x2d0 c:/st/stm32cubeide_1.11.2/stm32cubeide/plugins/com.st.stm32cube.ide.mcu.externaltools.gnu-tools-for-stm32.10.3-2021.10.win32_1.0.100.202210260954/tools/bin/../lib/gcc/arm-none-eabi/10.3.1/thumb/v7e-m+fp/hard\libgcc.a(_udivmoddi4.o)
                0x0000000008000218                __udivmoddi4
 .text          0x00000000080004e8        0x4 c:/st/stm32cubeide_1.11.2/stm32cubeide/plugins/com.st.stm32cube.ide.mcu.externaltools.gnu-tools-for-stm32.10.3-2021.10.win32_1.0.100.202210260954/tools/bin/../lib/gcc/arm-none-eabi/10.3.1/thumb/v7e-m+fp/hard\libgcc.a(_dvmd_tls.o)
                0x00000000080004e8                __aeabi_idiv0
                0x00000000080004e8                __aeabi_ldiv0
 *(.text*)
 .text.main     0x00000000080004ec       0x44 ./Core/Src/main.o
                0x00000000080004ec                main
 .text.SystemClock_Config
                0x0000000008000530       0xd4 ./Core/Src/main.o
                0x0000000008000530                SystemClock_Config
 .text.MX_SPI3_Init
                0x0000000008000604       0x6c ./Core/Src/main.o
 .text.MX_USART2_UART_Init
                0x0000000008000670       0x54 ./Core/Src/main.o
 .text.MX_GPIO_Init
                0x00000000080006c4      0x17c ./Core/Src/main.o
 .text.LED2_Blink
                0x0000000008000840       0x60 ./Core/Src/main.o
 .text.HAL_GPIO_EXTI_Callback
                0x00000000080008a0       0x38 ./Core/Src/main.o
                0x00000000080008a0                HAL_GPIO_EXTI_Callback
 .text.TFT_ShieldDetect
                0x00000000080008d8       0x5c ./Core/Src/main.o
 .text.TFT_DisplayMenu
                0x0000000008000934       0x38 ./Core/Src/main.o
 .text.Error_Handler
                0x000000000800096c        0xc ./Core/Src/main.o
                0x000000000800096c                Error_Handler
 .text.nRF24_CE_L
                0x0000000008000978       0x1c ./Core/Src/radio_demo.o
 .text.nRF24_CE_H
                0x0000000008000994       0x1c ./Core/Src/radio_demo.o
 .text.Delay_ms
                0x00000000080009b0       0x16 ./Core/Src/radio_demo.o
 *fill*         0x00000000080009c6        0x2 
 .text.UART_SendChar
                0x00000000080009c8       0x24 ./Core/Src/radio_demo.o
                0x00000000080009c8                UART_SendChar
 .text.UART_SendStr
                0x00000000080009ec       0x28 ./Core/Src/radio_demo.o
                0x00000000080009ec                UART_SendStr
 .text.Toggle_LED
                0x0000000008000a14       0x14 ./Core/Src/radio_demo.o
                0x0000000008000a14                Toggle_LED
 .text.UART_SendBufHex
                0x0000000008000a28       0x5c ./Core/Src/radio_demo.o
                0x0000000008000a28                UART_SendBufHex
 .text.UART_SendInt
                0x0000000008000a84       0x94 ./Core/Src/radio_demo.o
                0x0000000008000a84                UART_SendInt
 .text.runRadio
                0x0000000008000b18      0x1f0 ./Core/Src/radio_demo.o
                0x0000000008000b18                runRadio
 .text.HAL_MspInit
                0x0000000008000d08       0x50 ./Core/Src/stm32f4xx_hal_msp.o
                0x0000000008000d08                HAL_MspInit
 .text.HAL_SPI_MspInit
                0x0000000008000d58       0xd4 ./Core/Src/stm32f4xx_hal_msp.o
                0x0000000008000d58                HAL_SPI_MspInit
 .text.HAL_SPI_MspDeInit
                0x0000000008000e2c       0x4c ./Core/Src/stm32f4xx_hal_msp.o
                0x0000000008000e2c                HAL_SPI_MspDeInit
 .text.HAL_UART_MspInit
                0x0000000008000e78       0x90 ./Core/Src/stm32f4xx_hal_msp.o
                0x0000000008000e78                HAL_UART_MspInit
 .text.NMI_Handler
                0x0000000008000f08        0xe ./Core/Src/stm32f4xx_it.o
                0x0000000008000f08                NMI_Handler
 .text.HardFault_Handler
                0x0000000008000f16        0x6 ./Core/Src/stm32f4xx_it.o
                0x0000000008000f16                HardFault_Handler
 .text.MemManage_Handler
                0x0000000008000f1c        0x6 ./Core/Src/stm32f4xx_it.o
                0x0000000008000f1c                MemManage_Handler
 .text.BusFault_Handler
                0x0000000008000f22        0x6 ./Core/Src/stm32f4xx_it.o
                0x0000000008000f22                BusFault_Handler
 .text.UsageFault_Handler
                0x0000000008000f28        0x6 ./Core/Src/stm32f4xx_it.o
                0x0000000008000f28                UsageFault_Handler
 .text.SVC_Handler
                0x0000000008000f2e        0xe ./Core/Src/stm32f4xx_it.o
                0x0000000008000f2e                SVC_Handler
 .text.DebugMon_Handler
                0x0000000008000f3c        0xe ./Core/Src/stm32f4xx_it.o
                0x0000000008000f3c                DebugMon_Handler
 .text.PendSV_Handler
                0x0000000008000f4a        0xe ./Core/Src/stm32f4xx_it.o
                0x0000000008000f4a                PendSV_Handler
 .text.SysTick_Handler
                0x0000000008000f58        0xc ./Core/Src/stm32f4xx_it.o
                0x0000000008000f58                SysTick_Handler
 .text.EXTI2_IRQHandler
                0x0000000008000f64        0xe ./Core/Src/stm32f4xx_it.o
                0x0000000008000f64                EXTI2_IRQHandler
 *fill*         0x0000000008000f72        0x2 
 .text.SystemInit
                0x0000000008000f74       0x2c ./Core/Src/system_stm32f4xx.o
                0x0000000008000f74                SystemInit
 .text.Reset_Handler
                0x0000000008000fa0       0x50 ./Core/Startup/startup_stm32f411retx.o
                0x0000000008000fa0                Reset_Handler
 .text.Default_Handler
                0x0000000008000ff0        0x2 ./Core/Startup/startup_stm32f411retx.o
                0x0000000008000ff0                RTC_Alarm_IRQHandler
                0x0000000008000ff0                SPI4_IRQHandler
                0x0000000008000ff0                TIM1_CC_IRQHandler
                0x0000000008000ff0                DMA2_Stream5_IRQHandler
                0x0000000008000ff0                DMA1_Stream5_IRQHandler
                0x0000000008000ff0                PVD_IRQHandler
                0x0000000008000ff0                SDIO_IRQHandler
                0x0000000008000ff0                TAMP_STAMP_IRQHandler
                0x0000000008000ff0                EXTI3_IRQHandler
                0x0000000008000ff0                TIM1_UP_TIM10_IRQHandler
                0x0000000008000ff0                I2C3_ER_IRQHandler
                0x0000000008000ff0                EXTI0_IRQHandler
                0x0000000008000ff0                I2C2_EV_IRQHandler
                0x0000000008000ff0                DMA1_Stream2_IRQHandler
                0x0000000008000ff0                FPU_IRQHandler
                0x0000000008000ff0                DMA2_Stream2_IRQHandler
                0x0000000008000ff0                SPI1_IRQHandler
                0x0000000008000ff0                TIM1_BRK_TIM9_IRQHandler
                0x0000000008000ff0                DMA2_Stream3_IRQHandler
                0x0000000008000ff0                USART6_IRQHandler
                0x0000000008000ff0                DMA2_Stream0_IRQHandler
                0x0000000008000ff0                TIM4_IRQHandler
                0x0000000008000ff0                I2C1_EV_IRQHandler
                0x0000000008000ff0                DMA1_Stream6_IRQHandler
                0x0000000008000ff0                DMA1_Stream1_IRQHandler
                0x0000000008000ff0                TIM3_IRQHandler
                0x0000000008000ff0                RCC_IRQHandler
                0x0000000008000ff0                Default_Handler
                0x0000000008000ff0                EXTI15_10_IRQHandler
                0x0000000008000ff0                ADC_IRQHandler
                0x0000000008000ff0                DMA1_Stream7_IRQHandler
                0x0000000008000ff0                SPI5_IRQHandler
                0x0000000008000ff0                TIM5_IRQHandler
                0x0000000008000ff0                DMA2_Stream7_IRQHandler
                0x0000000008000ff0                I2C3_EV_IRQHandler
                0x0000000008000ff0                EXTI9_5_IRQHandler
                0x0000000008000ff0                RTC_WKUP_IRQHandler
                0x0000000008000ff0                SPI2_IRQHandler
                0x0000000008000ff0                DMA1_Stream0_IRQHandler
                0x0000000008000ff0                EXTI4_IRQHandler
                0x0000000008000ff0                WWDG_IRQHandler
                0x0000000008000ff0                TIM2_IRQHandler
                0x0000000008000ff0                OTG_FS_WKUP_IRQHandler
                0x0000000008000ff0                TIM1_TRG_COM_TIM11_IRQHandler
                0x0000000008000ff0                EXTI1_IRQHandler
                0x0000000008000ff0                USART2_IRQHandler
                0x0000000008000ff0                I2C2_ER_IRQHandler
                0x0000000008000ff0                DMA2_Stream1_IRQHandler
                0x0000000008000ff0                FLASH_IRQHandler
                0x0000000008000ff0                DMA2_Stream4_IRQHandler
                0x0000000008000ff0                USART1_IRQHandler
                0x0000000008000ff0                OTG_FS_IRQHandler
                0x0000000008000ff0                SPI3_IRQHandler
                0x0000000008000ff0                DMA1_Stream4_IRQHandler
                0x0000000008000ff0                I2C1_ER_IRQHandler
                0x0000000008000ff0                DMA2_Stream6_IRQHandler
                0x0000000008000ff0                DMA1_Stream3_IRQHandler
 *fill*         0x0000000008000ff2        0x2 
 .text.BSP_LCD_Init
                0x0000000008000ff4       0x5c ./Drivers/BSP/Adafruit_Shield/stm32_adafruit_lcd.o
                0x0000000008000ff4                BSP_LCD_Init
 .text.BSP_LCD_GetXSize
                0x0000000008001050       0x18 ./Drivers/BSP/Adafruit_Shield/stm32_adafruit_lcd.o
                0x0000000008001050                BSP_LCD_GetXSize
 .text.BSP_LCD_GetYSize
                0x0000000008001068       0x18 ./Drivers/BSP/Adafruit_Shield/stm32_adafruit_lcd.o
                0x0000000008001068                BSP_LCD_GetYSize
 .text.BSP_LCD_SetTextColor
                0x0000000008001080       0x20 ./Drivers/BSP/Adafruit_Shield/stm32_adafruit_lcd.o
                0x0000000008001080                BSP_LCD_SetTextColor
 .text.BSP_LCD_SetFont
                0x00000000080010a0       0x20 ./Drivers/BSP/Adafruit_Shield/stm32_adafruit_lcd.o
                0x00000000080010a0                BSP_LCD_SetFont
 .text.BSP_LCD_GetFont
                0x00000000080010c0       0x18 ./Drivers/BSP/Adafruit_Shield/stm32_adafruit_lcd.o
                0x00000000080010c0                BSP_LCD_GetFont
 .text.BSP_LCD_Clear
                0x00000000080010d8       0x68 ./Drivers/BSP/Adafruit_Shield/stm32_adafruit_lcd.o
                0x00000000080010d8                BSP_LCD_Clear
 .text.BSP_LCD_DisplayChar
                0x0000000008001140       0x54 ./Drivers/BSP/Adafruit_Shield/stm32_adafruit_lcd.o
                0x0000000008001140                BSP_LCD_DisplayChar
 .text.BSP_LCD_DisplayStringAt
                0x0000000008001194      0x11c ./Drivers/BSP/Adafruit_Shield/stm32_adafruit_lcd.o
                0x0000000008001194                BSP_LCD_DisplayStringAt
 .text.BSP_LCD_DisplayStringAtLine
                0x00000000080012b0       0x2e ./Drivers/BSP/Adafruit_Shield/stm32_adafruit_lcd.o
                0x00000000080012b0                BSP_LCD_DisplayStringAtLine
 *fill*         0x00000000080012de        0x2 
 .text.BSP_LCD_DrawPixel
                0x00000000080012e0       0x38 ./Drivers/BSP/Adafruit_Shield/stm32_adafruit_lcd.o
                0x00000000080012e0                BSP_LCD_DrawPixel
 .text.BSP_LCD_DrawHLine
                0x0000000008001318       0x74 ./Drivers/BSP/Adafruit_Shield/stm32_adafruit_lcd.o
                0x0000000008001318                BSP_LCD_DrawHLine
 .text.BSP_LCD_DrawBitmap
                0x000000000800138c       0xdc ./Drivers/BSP/Adafruit_Shield/stm32_adafruit_lcd.o
                0x000000000800138c                BSP_LCD_DrawBitmap
 .text.DrawChar
                0x0000000008001468      0x1e4 ./Drivers/BSP/Adafruit_Shield/stm32_adafruit_lcd.o
 .text.SetDisplayWindow
                0x000000000800164c       0x44 ./Drivers/BSP/Adafruit_Shield/stm32_adafruit_lcd.o
 .text.st7735_Init
                0x0000000008001690      0x288 ./Drivers/BSP/Components/st7735/st7735.o
                0x0000000008001690                st7735_Init
 .text.st7735_DisplayOn
                0x0000000008001918       0x3e ./Drivers/BSP/Components/st7735/st7735.o
                0x0000000008001918                st7735_DisplayOn
 .text.st7735_DisplayOff
                0x0000000008001956       0x3e ./Drivers/BSP/Components/st7735/st7735.o
                0x0000000008001956                st7735_DisplayOff
 .text.st7735_SetCursor
                0x0000000008001994       0x7e ./Drivers/BSP/Components/st7735/st7735.o
                0x0000000008001994                st7735_SetCursor
 .text.st7735_WritePixel
                0x0000000008001a12       0x60 ./Drivers/BSP/Components/st7735/st7735.o
                0x0000000008001a12                st7735_WritePixel
 .text.st7735_WriteReg
                0x0000000008001a72       0x2a ./Drivers/BSP/Components/st7735/st7735.o
                0x0000000008001a72                st7735_WriteReg
 .text.st7735_SetDisplayWindow
                0x0000000008001a9c       0xf6 ./Drivers/BSP/Components/st7735/st7735.o
                0x0000000008001a9c                st7735_SetDisplayWindow
 *fill*         0x0000000008001b92        0x2 
 .text.st7735_DrawHLine
                0x0000000008001b94       0x74 ./Drivers/BSP/Components/st7735/st7735.o
                0x0000000008001b94                st7735_DrawHLine
 .text.st7735_DrawVLine
                0x0000000008001c08       0x60 ./Drivers/BSP/Components/st7735/st7735.o
                0x0000000008001c08                st7735_DrawVLine
 .text.st7735_GetLcdPixelWidth
                0x0000000008001c68       0x10 ./Drivers/BSP/Components/st7735/st7735.o
                0x0000000008001c68                st7735_GetLcdPixelWidth
 .text.st7735_GetLcdPixelHeight
                0x0000000008001c78       0x10 ./Drivers/BSP/Components/st7735/st7735.o
                0x0000000008001c78                st7735_GetLcdPixelHeight
 .text.st7735_DrawBitmap
                0x0000000008001c88       0x92 ./Drivers/BSP/Components/st7735/st7735.o
                0x0000000008001c88                st7735_DrawBitmap
 *fill*         0x0000000008001d1a        0x2 
 .text.BSP_LED_Init
                0x0000000008001d1c       0x6c ./Drivers/BSP/STM32F4xx-Nucleo/stm32f4xx_nucleo.o
                0x0000000008001d1c                BSP_LED_Init
 .text.BSP_LED_Toggle
                0x0000000008001d88       0x28 ./Drivers/BSP/STM32F4xx-Nucleo/stm32f4xx_nucleo.o
                0x0000000008001d88                BSP_LED_Toggle
 .text.BSP_PB_Init
                0x0000000008001db0       0xac ./Drivers/BSP/STM32F4xx-Nucleo/stm32f4xx_nucleo.o
                0x0000000008001db0                BSP_PB_Init
 .text.SPIx_MspInit
                0x0000000008001e5c       0xb8 ./Drivers/BSP/STM32F4xx-Nucleo/stm32f4xx_nucleo.o
 .text.SPIx_Init
                0x0000000008001f14       0x74 ./Drivers/BSP/STM32F4xx-Nucleo/stm32f4xx_nucleo.o
 .text.SPIx_Write
                0x0000000008001f88       0x40 ./Drivers/BSP/STM32F4xx-Nucleo/stm32f4xx_nucleo.o
 .text.SPIx_Error
                0x0000000008001fc8       0x18 ./Drivers/BSP/STM32F4xx-Nucleo/stm32f4xx_nucleo.o
 .text.LCD_IO_Init
                0x0000000008001fe0       0x90 ./Drivers/BSP/STM32F4xx-Nucleo/stm32f4xx_nucleo.o
                0x0000000008001fe0                LCD_IO_Init
 .text.LCD_IO_WriteReg
                0x0000000008002070       0x44 ./Drivers/BSP/STM32F4xx-Nucleo/stm32f4xx_nucleo.o
                0x0000000008002070                LCD_IO_WriteReg
 .text.LCD_IO_WriteMultipleData
                0x00000000080020b4       0xc8 ./Drivers/BSP/STM32F4xx-Nucleo/stm32f4xx_nucleo.o
                0x00000000080020b4                LCD_IO_WriteMultipleData
 .text.LCD_Delay
                0x000000000800217c       0x16 ./Drivers/BSP/STM32F4xx-Nucleo/stm32f4xx_nucleo.o
                0x000000000800217c                LCD_Delay
 *fill*         0x0000000008002192        0x2 
 .text.nRF24_CSN_L
                0x0000000008002194       0x1c ./Drivers/NRF24L01/nrf24.o
 .text.nRF24_CSN_H
                0x00000000080021b0       0x1c ./Drivers/NRF24L01/nrf24.o
 .text.nRF24_LL_RW
                0x00000000080021cc       0x38 ./Drivers/NRF24L01/nrf24.o
 .text.nRF24_ReadReg
                0x0000000008002204       0x34 ./Drivers/NRF24L01/nrf24.o
 .text.nRF24_WriteReg
                0x0000000008002238       0x70 ./Drivers/NRF24L01/nrf24.o
 .text.nRF24_ReadMBReg
                0x00000000080022a8       0x44 ./Drivers/NRF24L01/nrf24.o
 .text.nRF24_WriteMBReg
                0x00000000080022ec       0x42 ./Drivers/NRF24L01/nrf24.o
 .text.nRF24_Init
                0x000000000800232e       0x98 ./Drivers/NRF24L01/nrf24.o
                0x000000000800232e                nRF24_Init
 *fill*         0x00000000080023c6        0x2 
 .text.nRF24_Check
                0x00000000080023c8       0x5c ./Drivers/NRF24L01/nrf24.o
                0x00000000080023c8                nRF24_Check
 .text.nRF24_SetPowerMode
                0x0000000008002424       0x3e ./Drivers/NRF24L01/nrf24.o
                0x0000000008002424                nRF24_SetPowerMode
 .text.nRF24_SetOperationalMode
                0x0000000008002462       0x42 ./Drivers/NRF24L01/nrf24.o
                0x0000000008002462                nRF24_SetOperationalMode
 .text.nRF24_SetDynamicPayloadLength
                0x00000000080024a4       0x54 ./Drivers/NRF24L01/nrf24.o
                0x00000000080024a4                nRF24_SetDynamicPayloadLength
 .text.nRF24_SetPayloadWithAck
                0x00000000080024f8       0x44 ./Drivers/NRF24L01/nrf24.o
                0x00000000080024f8                nRF24_SetPayloadWithAck
 .text.nRF24_SetCRCScheme
                0x000000000800253c       0x42 ./Drivers/NRF24L01/nrf24.o
                0x000000000800253c                nRF24_SetCRCScheme
 .text.nRF24_SetRFChannel
                0x000000000800257e       0x1c ./Drivers/NRF24L01/nrf24.o
                0x000000000800257e                nRF24_SetRFChannel
 .text.nRF24_SetAddrWidth
                0x000000000800259a       0x20 ./Drivers/NRF24L01/nrf24.o
                0x000000000800259a                nRF24_SetAddrWidth
 *fill*         0x00000000080025ba        0x2 
 .text.nRF24_SetAddr
                0x00000000080025bc       0x94 ./Drivers/NRF24L01/nrf24.o
                0x00000000080025bc                nRF24_SetAddr
 .text.nRF24_SetTXPower
                0x0000000008002650       0x36 ./Drivers/NRF24L01/nrf24.o
                0x0000000008002650                nRF24_SetTXPower
 .text.nRF24_SetDataRate
                0x0000000008002686       0x36 ./Drivers/NRF24L01/nrf24.o
                0x0000000008002686                nRF24_SetDataRate
 .text.nRF24_SetRXPipe
                0x00000000080026bc       0xa8 ./Drivers/NRF24L01/nrf24.o
                0x00000000080026bc                nRF24_SetRXPipe
 .text.nRF24_GetStatus_RXFIFO
                0x0000000008002764       0x16 ./Drivers/NRF24L01/nrf24.o
                0x0000000008002764                nRF24_GetStatus_RXFIFO
 .text.nRF24_FlushTX
                0x000000000800277a       0x10 ./Drivers/NRF24L01/nrf24.o
                0x000000000800277a                nRF24_FlushTX
 .text.nRF24_FlushRX
                0x000000000800278a       0x10 ./Drivers/NRF24L01/nrf24.o
                0x000000000800278a                nRF24_FlushRX
 .text.nRF24_ClearIRQFlags
                0x000000000800279a       0x2a ./Drivers/NRF24L01/nrf24.o
                0x000000000800279a                nRF24_ClearIRQFlags
 .text.nRF24_GetRxDplPayloadWidth
                0x00000000080027c4       0x28 ./Drivers/NRF24L01/nrf24.o
 .text.nRF24_ReadPayloadGeneric
                0x00000000080027ec       0x90 ./Drivers/NRF24L01/nrf24.o
 .text.nRF24_ReadPayloadDpl
                0x000000000800287c       0x1e ./Drivers/NRF24L01/nrf24.o
                0x000000000800287c                nRF24_ReadPayloadDpl
 .text.nRF24_WriteAckPayload
                0x000000000800289a       0x48 ./Drivers/NRF24L01/nrf24.o
                0x000000000800289a                nRF24_WriteAckPayload
 *fill*         0x00000000080028e2        0x2 
 .text.HAL_Init
                0x00000000080028e4       0x44 ./Drivers/STM32F4xx_HAL_Driver/Src/stm32f4xx_hal.o
                0x00000000080028e4                HAL_Init
 .text.HAL_InitTick
                0x0000000008002928       0x60 ./Drivers/STM32F4xx_HAL_Driver/Src/stm32f4xx_hal.o
                0x0000000008002928                HAL_InitTick
 .text.HAL_IncTick
                0x0000000008002988       0x28 ./Drivers/STM32F4xx_HAL_Driver/Src/stm32f4xx_hal.o
                0x0000000008002988                HAL_IncTick
 .text.HAL_GetTick
                0x00000000080029b0       0x18 ./Drivers/STM32F4xx_HAL_Driver/Src/stm32f4xx_hal.o
                0x00000000080029b0                HAL_GetTick
 .text.HAL_Delay
                0x00000000080029c8       0x48 ./Drivers/STM32F4xx_HAL_Driver/Src/stm32f4xx_hal.o
                0x00000000080029c8                HAL_Delay
 .text.__NVIC_SetPriorityGrouping
                0x0000000008002a10       0x48 ./Drivers/STM32F4xx_HAL_Driver/Src/stm32f4xx_hal_cortex.o
 .text.__NVIC_GetPriorityGrouping
                0x0000000008002a58       0x1c ./Drivers/STM32F4xx_HAL_Driver/Src/stm32f4xx_hal_cortex.o
 .text.__NVIC_EnableIRQ
                0x0000000008002a74       0x3c ./Drivers/STM32F4xx_HAL_Driver/Src/stm32f4xx_hal_cortex.o
 .text.__NVIC_SetPriority
                0x0000000008002ab0       0x54 ./Drivers/STM32F4xx_HAL_Driver/Src/stm32f4xx_hal_cortex.o
 .text.NVIC_EncodePriority
                0x0000000008002b04       0x66 ./Drivers/STM32F4xx_HAL_Driver/Src/stm32f4xx_hal_cortex.o
 *fill*         0x0000000008002b6a        0x2 
 .text.SysTick_Config
                0x0000000008002b6c       0x44 ./Drivers/STM32F4xx_HAL_Driver/Src/stm32f4xx_hal_cortex.o
 .text.HAL_NVIC_SetPriorityGrouping
                0x0000000008002bb0       0x16 ./Drivers/STM32F4xx_HAL_Driver/Src/stm32f4xx_hal_cortex.o
                0x0000000008002bb0                HAL_NVIC_SetPriorityGrouping
 .text.HAL_NVIC_SetPriority
                0x0000000008002bc6       0x38 ./Drivers/STM32F4xx_HAL_Driver/Src/stm32f4xx_hal_cortex.o
                0x0000000008002bc6                HAL_NVIC_SetPriority
 .text.HAL_NVIC_EnableIRQ
                0x0000000008002bfe       0x1c ./Drivers/STM32F4xx_HAL_Driver/Src/stm32f4xx_hal_cortex.o
                0x0000000008002bfe                HAL_NVIC_EnableIRQ
 .text.HAL_SYSTICK_Config
                0x0000000008002c1a       0x18 ./Drivers/STM32F4xx_HAL_Driver/Src/stm32f4xx_hal_cortex.o
                0x0000000008002c1a                HAL_SYSTICK_Config
 *fill*         0x0000000008002c32        0x2 
 .text.HAL_GPIO_Init
                0x0000000008002c34      0x308 ./Drivers/STM32F4xx_HAL_Driver/Src/stm32f4xx_hal_gpio.o
                0x0000000008002c34                HAL_GPIO_Init
 .text.HAL_GPIO_DeInit
                0x0000000008002f3c      0x1c8 ./Drivers/STM32F4xx_HAL_Driver/Src/stm32f4xx_hal_gpio.o
                0x0000000008002f3c                HAL_GPIO_DeInit
 .text.HAL_GPIO_ReadPin
                0x0000000008003104       0x30 ./Drivers/STM32F4xx_HAL_Driver/Src/stm32f4xx_hal_gpio.o
                0x0000000008003104                HAL_GPIO_ReadPin
 .text.HAL_GPIO_WritePin
                0x0000000008003134       0x32 ./Drivers/STM32F4xx_HAL_Driver/Src/stm32f4xx_hal_gpio.o
                0x0000000008003134                HAL_GPIO_WritePin
 .text.HAL_GPIO_TogglePin
                0x0000000008003166       0x34 ./Drivers/STM32F4xx_HAL_Driver/Src/stm32f4xx_hal_gpio.o
                0x0000000008003166                HAL_GPIO_TogglePin
 *fill*         0x000000000800319a        0x2 
 .text.HAL_GPIO_EXTI_IRQHandler
                0x000000000800319c       0x30 ./Drivers/STM32F4xx_HAL_Driver/Src/stm32f4xx_hal_gpio.o
                0x000000000800319c                HAL_GPIO_EXTI_IRQHandler
 .text.HAL_RCC_OscConfig
                0x00000000080031cc      0x4f0 ./Drivers/STM32F4xx_HAL_Driver/Src/stm32f4xx_hal_rcc.o
                0x00000000080031cc                HAL_RCC_OscConfig
 .text.HAL_RCC_ClockConfig
                0x00000000080036bc      0x1cc ./Drivers/STM32F4xx_HAL_Driver/Src/stm32f4xx_hal_rcc.o
                0x00000000080036bc                HAL_RCC_ClockConfig
 .text.HAL_RCC_GetSysClockFreq
                0x0000000008003888      0x20c ./Drivers/STM32F4xx_HAL_Driver/Src/stm32f4xx_hal_rcc.o
                0x0000000008003888                HAL_RCC_GetSysClockFreq
 .text.HAL_RCC_GetHCLKFreq
                0x0000000008003a94       0x18 ./Drivers/STM32F4xx_HAL_Driver/Src/stm32f4xx_hal_rcc.o
                0x0000000008003a94                HAL_RCC_GetHCLKFreq
 .text.HAL_RCC_GetPCLK1Freq
                0x0000000008003aac       0x28 ./Drivers/STM32F4xx_HAL_Driver/Src/stm32f4xx_hal_rcc.o
                0x0000000008003aac                HAL_RCC_GetPCLK1Freq
 .text.HAL_RCC_GetPCLK2Freq
                0x0000000008003ad4       0x28 ./Drivers/STM32F4xx_HAL_Driver/Src/stm32f4xx_hal_rcc.o
                0x0000000008003ad4                HAL_RCC_GetPCLK2Freq
 .text.HAL_SPI_Init
                0x0000000008003afc      0x112 ./Drivers/STM32F4xx_HAL_Driver/Src/stm32f4xx_hal_spi.o
                0x0000000008003afc                HAL_SPI_Init
 .text.HAL_SPI_DeInit
                0x0000000008003c0e       0x50 ./Drivers/STM32F4xx_HAL_Driver/Src/stm32f4xx_hal_spi.o
                0x0000000008003c0e                HAL_SPI_DeInit
 .text.HAL_SPI_TransmitReceive
                0x0000000008003c5e      0x344 ./Drivers/STM32F4xx_HAL_Driver/Src/stm32f4xx_hal_spi.o
                0x0000000008003c5e                HAL_SPI_TransmitReceive
 .text.HAL_SPI_GetState
                0x0000000008003fa2       0x1c ./Drivers/STM32F4xx_HAL_Driver/Src/stm32f4xx_hal_spi.o
                0x0000000008003fa2                HAL_SPI_GetState
 *fill*         0x0000000008003fbe        0x2 
 .text.SPI_WaitFlagStateUntilTimeout
                0x0000000008003fc0      0x110 ./Drivers/STM32F4xx_HAL_Driver/Src/stm32f4xx_hal_spi.o
 .text.SPI_EndRxTxTransaction
                0x00000000080040d0       0x84 ./Drivers/STM32F4xx_HAL_Driver/Src/stm32f4xx_hal_spi.o
 .text.HAL_UART_Init
                0x0000000008004154       0x9a ./Drivers/STM32F4xx_HAL_Driver/Src/stm32f4xx_hal_uart.o
                0x0000000008004154                HAL_UART_Init
 .text.HAL_UART_Transmit
                0x00000000080041ee      0x124 ./Drivers/STM32F4xx_HAL_Driver/Src/stm32f4xx_hal_uart.o
                0x00000000080041ee                HAL_UART_Transmit
 .text.UART_WaitOnFlagUntilTimeout
                0x0000000008004312       0xdc ./Drivers/STM32F4xx_HAL_Driver/Src/stm32f4xx_hal_uart.o
 *fill*         0x00000000080043ee        0x2 
 .text.UART_SetConfig
                0x00000000080043f0      0x4e8 ./Drivers/STM32F4xx_HAL_Driver/Src/stm32f4xx_hal_uart.o
 .text.__libc_init_array
                0x00000000080048d8       0x48 c:/st/stm32cubeide_1.11.2/stm32cubeide/plugins/com.st.stm32cube.ide.mcu.externaltools.gnu-tools-for-stm32.10.3-2021.10.win32_1.0.100.202210260954/tools/bin/../lib/gcc/arm-none-eabi/10.3.1/../../../../arm-none-eabi/lib/thumb/v7e-m+fp/hard\libc_nano.a(lib_a-init.o)
                0x00000000080048d8                __libc_init_array
 .text.memset   0x0000000008004920       0x10 c:/st/stm32cubeide_1.11.2/stm32cubeide/plugins/com.st.stm32cube.ide.mcu.externaltools.gnu-tools-for-stm32.10.3-2021.10.win32_1.0.100.202210260954/tools/bin/../lib/gcc/arm-none-eabi/10.3.1/../../../../arm-none-eabi/lib/thumb/v7e-m+fp/hard\libc_nano.a(lib_a-memset.o)
                0x0000000008004920                memset
 *(.glue_7)
 .glue_7        0x0000000008004930        0x0 linker stubs
 *(.glue_7t)
 .glue_7t       0x0000000008004930        0x0 linker stubs
 *(.eh_frame)
 .eh_frame      0x0000000008004930        0x0 c:/st/stm32cubeide_1.11.2/stm32cubeide/plugins/com.st.stm32cube.ide.mcu.externaltools.gnu-tools-for-stm32.10.3-2021.10.win32_1.0.100.202210260954/tools/bin/../lib/gcc/arm-none-eabi/10.3.1/thumb/v7e-m+fp/hard/crtbegin.o
 *(.init)
 .init          0x0000000008004930        0x4 c:/st/stm32cubeide_1.11.2/stm32cubeide/plugins/com.st.stm32cube.ide.mcu.externaltools.gnu-tools-for-stm32.10.3-2021.10.win32_1.0.100.202210260954/tools/bin/../lib/gcc/arm-none-eabi/10.3.1/thumb/v7e-m+fp/hard/crti.o
                0x0000000008004930                _init
 .init          0x0000000008004934        0x8 c:/st/stm32cubeide_1.11.2/stm32cubeide/plugins/com.st.stm32cube.ide.mcu.externaltools.gnu-tools-for-stm32.10.3-2021.10.win32_1.0.100.202210260954/tools/bin/../lib/gcc/arm-none-eabi/10.3.1/thumb/v7e-m+fp/hard/crtn.o
 *(.fini)
 .fini          0x000000000800493c        0x4 c:/st/stm32cubeide_1.11.2/stm32cubeide/plugins/com.st.stm32cube.ide.mcu.externaltools.gnu-tools-for-stm32.10.3-2021.10.win32_1.0.100.202210260954/tools/bin/../lib/gcc/arm-none-eabi/10.3.1/thumb/v7e-m+fp/hard/crti.o
                0x000000000800493c                _fini
 .fini          0x0000000008004940        0x8 c:/st/stm32cubeide_1.11.2/stm32cubeide/plugins/com.st.stm32cube.ide.mcu.externaltools.gnu-tools-for-stm32.10.3-2021.10.win32_1.0.100.202210260954/tools/bin/../lib/gcc/arm-none-eabi/10.3.1/thumb/v7e-m+fp/hard/crtn.o
                0x0000000008004948                . = ALIGN (0x4)
                0x0000000008004948                _etext = .

.vfp11_veneer   0x0000000008004948        0x0
 .vfp11_veneer  0x0000000008004948        0x0 linker stubs

.v4_bx          0x0000000008004948        0x0
 .v4_bx         0x0000000008004948        0x0 linker stubs

.iplt           0x0000000008004948        0x0
 .iplt          0x0000000008004948        0x0 c:/st/stm32cubeide_1.11.2/stm32cubeide/plugins/com.st.stm32cube.ide.mcu.externaltools.gnu-tools-for-stm32.10.3-2021.10.win32_1.0.100.202210260954/tools/bin/../lib/gcc/arm-none-eabi/10.3.1/thumb/v7e-m+fp/hard/crtbegin.o

.rodata         0x0000000008004948     0x230c
                0x0000000008004948                . = ALIGN (0x4)
 *(.rodata)
 .rodata        0x0000000008004948       0x2d ./Core/Src/main.o
 *fill*         0x0000000008004975        0x3 
 .rodata        0x0000000008004978       0x84 ./Core/Src/radio_demo.o
 .rodata        0x00000000080049fc        0x6 ./Drivers/NRF24L01/nrf24.o
 *(.rodata*)
 *fill*         0x0000000008004a02        0x2 
 .rodata.nRF24_ADDR.0
                0x0000000008004a04        0x3 ./Core/Src/radio_demo.o
 *fill*         0x0000000008004a07        0x1 
 .rodata.AHBPrescTable
                0x0000000008004a08       0x10 ./Core/Src/system_stm32f4xx.o
                0x0000000008004a08                AHBPrescTable
 .rodata.APBPrescTable
                0x0000000008004a18        0x8 ./Core/Src/system_stm32f4xx.o
                0x0000000008004a18                APBPrescTable
 .rodata.Font24_Table
                0x0000000008004a20     0x1ab8 ./Drivers/BSP/Adafruit_Shield/stm32_adafruit_lcd.o
                0x0000000008004a20                Font24_Table
 .rodata.Font12_Table
                0x00000000080064d8      0x474 ./Drivers/BSP/Adafruit_Shield/stm32_adafruit_lcd.o
                0x00000000080064d8                Font12_Table
 .rodata.Font8_Table
                0x000000000800694c      0x2f8 ./Drivers/BSP/Adafruit_Shield/stm32_adafruit_lcd.o
                0x000000000800694c                Font8_Table
 .rodata.nRF24_RX_PW_PIPE
                0x0000000008006c44        0x6 ./Drivers/NRF24L01/nrf24.o
 *fill*         0x0000000008006c4a        0x2 
 .rodata.nRF24_ADDR_REGS
                0x0000000008006c4c        0x7 ./Drivers/NRF24L01/nrf24.o
                0x0000000008006c54                . = ALIGN (0x4)
 *fill*         0x0000000008006c53        0x1 

.ARM.extab      0x0000000008006c54        0x0
                0x0000000008006c54                . = ALIGN (0x4)
 *(.ARM.extab* .gnu.linkonce.armextab.*)
                0x0000000008006c54                . = ALIGN (0x4)

.ARM            0x0000000008006c54        0x8
                0x0000000008006c54                . = ALIGN (0x4)
                0x0000000008006c54                __exidx_start = .
 *(.ARM.exidx*)
 .ARM.exidx     0x0000000008006c54        0x8 c:/st/stm32cubeide_1.11.2/stm32cubeide/plugins/com.st.stm32cube.ide.mcu.externaltools.gnu-tools-for-stm32.10.3-2021.10.win32_1.0.100.202210260954/tools/bin/../lib/gcc/arm-none-eabi/10.3.1/thumb/v7e-m+fp/hard\libgcc.a(_udivmoddi4.o)
                0x0000000008006c5c                __exidx_end = .
                0x0000000008006c5c                . = ALIGN (0x4)

.rel.dyn        0x0000000008006c5c        0x0
 .rel.iplt      0x0000000008006c5c        0x0 c:/st/stm32cubeide_1.11.2/stm32cubeide/plugins/com.st.stm32cube.ide.mcu.externaltools.gnu-tools-for-stm32.10.3-2021.10.win32_1.0.100.202210260954/tools/bin/../lib/gcc/arm-none-eabi/10.3.1/thumb/v7e-m+fp/hard/crtbegin.o

.preinit_array  0x0000000008006c5c        0x0
                0x0000000008006c5c                . = ALIGN (0x4)
                0x0000000008006c5c                PROVIDE (__preinit_array_start = .)
 *(.preinit_array*)
                0x0000000008006c5c                PROVIDE (__preinit_array_end = .)
                0x0000000008006c5c                . = ALIGN (0x4)

.init_array     0x0000000008006c5c        0x4
                0x0000000008006c5c                . = ALIGN (0x4)
                0x0000000008006c5c                PROVIDE (__init_array_start = .)
 *(SORT_BY_NAME(.init_array.*))
 *(.init_array*)
 .init_array    0x0000000008006c5c        0x4 c:/st/stm32cubeide_1.11.2/stm32cubeide/plugins/com.st.stm32cube.ide.mcu.externaltools.gnu-tools-for-stm32.10.3-2021.10.win32_1.0.100.202210260954/tools/bin/../lib/gcc/arm-none-eabi/10.3.1/thumb/v7e-m+fp/hard/crtbegin.o
                0x0000000008006c60                PROVIDE (__init_array_end = .)
                0x0000000008006c60                . = ALIGN (0x4)

.fini_array     0x0000000008006c60        0x4
                0x0000000008006c60                . = ALIGN (0x4)
                [!provide]                        PROVIDE (__fini_array_start = .)
 *(SORT_BY_NAME(.fini_array.*))
 *(.fini_array*)
 .fini_array    0x0000000008006c60        0x4 c:/st/stm32cubeide_1.11.2/stm32cubeide/plugins/com.st.stm32cube.ide.mcu.externaltools.gnu-tools-for-stm32.10.3-2021.10.win32_1.0.100.202210260954/tools/bin/../lib/gcc/arm-none-eabi/10.3.1/thumb/v7e-m+fp/hard/crtbegin.o
                [!provide]                        PROVIDE (__fini_array_end = .)
                0x0000000008006c64                . = ALIGN (0x4)
                0x0000000008006c64                _sidata = LOADADDR (.data)

.data           0x0000000020000000       0x68 load address 0x0000000008006c64
                0x0000000020000000                . = ALIGN (0x4)
                0x0000000020000000                _sdata = .
 *(.data)
 *(.data*)
 .data.SystemCoreClock
                0x0000000020000000        0x4 ./Core/Src/system_stm32f4xx.o
                0x0000000020000000                SystemCoreClock
 .data.Font24   0x0000000020000004        0x8 ./Drivers/BSP/Adafruit_Shield/stm32_adafruit_lcd.o
                0x0000000020000004                Font24
 .data.Font12   0x000000002000000c        0x8 ./Drivers/BSP/Adafruit_Shield/stm32_adafruit_lcd.o
                0x000000002000000c                Font12
 .data.Font8    0x0000000020000014        0x8 ./Drivers/BSP/Adafruit_Shield/stm32_adafruit_lcd.o
                0x0000000020000014                Font8
 .data.st7735_drv
                0x000000002000001c       0x38 ./Drivers/BSP/Components/st7735/st7735.o
                0x000000002000001c                st7735_drv
 .data.GPIO_PORT
                0x0000000020000054        0x4 ./Drivers/BSP/STM32F4xx-Nucleo/stm32f4xx_nucleo.o
                0x0000000020000054                GPIO_PORT
 .data.BUTTON_PORT
                0x0000000020000058        0x4 ./Drivers/BSP/STM32F4xx-Nucleo/stm32f4xx_nucleo.o
                0x0000000020000058                BUTTON_PORT
 .data.SpixTimeout
                0x000000002000005c        0x4 ./Drivers/BSP/STM32F4xx-Nucleo/stm32f4xx_nucleo.o
                0x000000002000005c                SpixTimeout
 .data.uwTickPrio
                0x0000000020000060        0x4 ./Drivers/STM32F4xx_HAL_Driver/Src/stm32f4xx_hal.o
                0x0000000020000060                uwTickPrio
 .data.uwTickFreq
                0x0000000020000064        0x1 ./Drivers/STM32F4xx_HAL_Driver/Src/stm32f4xx_hal.o
                0x0000000020000064                uwTickFreq
                0x0000000020000068                . = ALIGN (0x4)
 *fill*         0x0000000020000065        0x3 
                0x0000000020000068                _edata = .

.igot.plt       0x0000000020000068        0x0 load address 0x0000000008006ccc
 .igot.plt      0x0000000020000068        0x0 c:/st/stm32cubeide_1.11.2/stm32cubeide/plugins/com.st.stm32cube.ide.mcu.externaltools.gnu-tools-for-stm32.10.3-2021.10.win32_1.0.100.202210260954/tools/bin/../lib/gcc/arm-none-eabi/10.3.1/thumb/v7e-m+fp/hard/crtbegin.o
                0x0000000020000068                . = ALIGN (0x4)

.bss            0x0000000020000068      0x73c load address 0x0000000008006ccc
                0x0000000020000068                _sbss = .
                0x0000000020000068                __bss_start__ = _sbss
 *(.bss)
 .bss           0x0000000020000068       0x1c c:/st/stm32cubeide_1.11.2/stm32cubeide/plugins/com.st.stm32cube.ide.mcu.externaltools.gnu-tools-for-stm32.10.3-2021.10.win32_1.0.100.202210260954/tools/bin/../lib/gcc/arm-none-eabi/10.3.1/thumb/v7e-m+fp/hard/crtbegin.o
 *(.bss*)
 .bss.hspi3     0x0000000020000084       0x58 ./Core/Src/main.o
                0x0000000020000084                hspi3
 .bss.huart2    0x00000000200000dc       0x44 ./Core/Src/main.o
                0x00000000200000dc                huart2
 .bss.BlinkSpeed
                0x0000000020000120        0x1 ./Core/Src/main.o
                0x0000000020000120                BlinkSpeed
 *fill*         0x0000000020000121        0x3 
 .bss.nRF24_payload
                0x0000000020000124       0x20 ./Core/Src/radio_demo.o
                0x0000000020000124                nRF24_payload
 .bss.pipe      0x0000000020000144        0x1 ./Core/Src/radio_demo.o
                0x0000000020000144                pipe
 *fill*         0x0000000020000145        0x3 
 .bss.i         0x0000000020000148        0x4 ./Core/Src/radio_demo.o
                0x0000000020000148                i
 .bss.payload_length
                0x000000002000014c        0x1 ./Core/Src/radio_demo.o
                0x000000002000014c                payload_length
 *fill*         0x000000002000014d        0x3 
 .bss.DrawProp  0x0000000020000150        0xc ./Drivers/BSP/Adafruit_Shield/stm32_adafruit_lcd.o
                0x0000000020000150                DrawProp
 .bss.lcd_drv   0x000000002000015c        0x4 ./Drivers/BSP/Adafruit_Shield/stm32_adafruit_lcd.o
 .bss.bitmap    0x0000000020000160      0x366 ./Drivers/BSP/Adafruit_Shield/stm32_adafruit_lcd.o
 *fill*         0x00000000200004c6        0x2 
 .bss.ArrayRGB  0x00000000200004c8      0x280 ./Drivers/BSP/Components/st7735/st7735.o
 .bss.hnucleo_Spi
                0x0000000020000748       0x58 ./Drivers/BSP/STM32F4xx-Nucleo/stm32f4xx_nucleo.o
 .bss.uwTick    0x00000000200007a0        0x4 ./Drivers/STM32F4xx_HAL_Driver/Src/stm32f4xx_hal.o
                0x00000000200007a0                uwTick
 *(COMMON)
                0x00000000200007a4                . = ALIGN (0x4)
                0x00000000200007a4                _ebss = .
                0x00000000200007a4                __bss_end__ = _ebss

._user_heap_stack
                0x00000000200007a4      0x604 load address 0x0000000008006ccc
                0x00000000200007a8                . = ALIGN (0x8)
 *fill*         0x00000000200007a4        0x4 
                [!provide]                        PROVIDE (end = .)
                0x00000000200007a8                PROVIDE (_end = .)
                0x00000000200009a8                . = (. + _Min_Heap_Size)
 *fill*         0x00000000200007a8      0x200 
                0x0000000020000da8                . = (. + _Min_Stack_Size)
 *fill*         0x00000000200009a8      0x400 
                0x0000000020000da8                . = ALIGN (0x8)

/DISCARD/
 libc.a(*)
 libm.a(*)
 libgcc.a(*)

.ARM.attributes
                0x0000000000000000       0x30
 *(.ARM.attributes)
 .ARM.attributes
                0x0000000000000000       0x1e c:/st/stm32cubeide_1.11.2/stm32cubeide/plugins/com.st.stm32cube.ide.mcu.externaltools.gnu-tools-for-stm32.10.3-2021.10.win32_1.0.100.202210260954/tools/bin/../lib/gcc/arm-none-eabi/10.3.1/thumb/v7e-m+fp/hard/crti.o
 .ARM.attributes
                0x000000000000001e       0x34 c:/st/stm32cubeide_1.11.2/stm32cubeide/plugins/com.st.stm32cube.ide.mcu.externaltools.gnu-tools-for-stm32.10.3-2021.10.win32_1.0.100.202210260954/tools/bin/../lib/gcc/arm-none-eabi/10.3.1/thumb/v7e-m+fp/hard/crtbegin.o
 .ARM.attributes
                0x0000000000000052       0x34 ./Core/Src/main.o
 .ARM.attributes
                0x0000000000000086       0x34 ./Core/Src/radio_demo.o
 .ARM.attributes
                0x00000000000000ba       0x34 ./Core/Src/stm32f4xx_hal_msp.o
 .ARM.attributes
                0x00000000000000ee       0x34 ./Core/Src/stm32f4xx_it.o
 .ARM.attributes
                0x0000000000000122       0x34 ./Core/Src/system_stm32f4xx.o
 .ARM.attributes
                0x0000000000000156       0x21 ./Core/Startup/startup_stm32f411retx.o
 .ARM.attributes
                0x0000000000000177       0x34 ./Drivers/BSP/Adafruit_Shield/stm32_adafruit_lcd.o
 .ARM.attributes
                0x00000000000001ab       0x34 ./Drivers/BSP/Components/st7735/st7735.o
 .ARM.attributes
                0x00000000000001df       0x34 ./Drivers/BSP/STM32F4xx-Nucleo/stm32f4xx_nucleo.o
 .ARM.attributes
                0x0000000000000213       0x34 ./Drivers/NRF24L01/nrf24.o
 .ARM.attributes
                0x0000000000000247       0x34 ./Drivers/STM32F4xx_HAL_Driver/Src/stm32f4xx_hal.o
 .ARM.attributes
                0x000000000000027b       0x34 ./Drivers/STM32F4xx_HAL_Driver/Src/stm32f4xx_hal_cortex.o
 .ARM.attributes
                0x00000000000002af       0x34 ./Drivers/STM32F4xx_HAL_Driver/Src/stm32f4xx_hal_gpio.o
 .ARM.attributes
                0x00000000000002e3       0x34 ./Drivers/STM32F4xx_HAL_Driver/Src/stm32f4xx_hal_rcc.o
 .ARM.attributes
                0x0000000000000317       0x34 ./Drivers/STM32F4xx_HAL_Driver/Src/stm32f4xx_hal_spi.o
 .ARM.attributes
                0x000000000000034b       0x34 ./Drivers/STM32F4xx_HAL_Driver/Src/stm32f4xx_hal_uart.o
 .ARM.attributes
                0x000000000000037f       0x34 c:/st/stm32cubeide_1.11.2/stm32cubeide/plugins/com.st.stm32cube.ide.mcu.externaltools.gnu-tools-for-stm32.10.3-2021.10.win32_1.0.100.202210260954/tools/bin/../lib/gcc/arm-none-eabi/10.3.1/../../../../arm-none-eabi/lib/thumb/v7e-m+fp/hard\libc_nano.a(lib_a-init.o)
 .ARM.attributes
                0x00000000000003b3       0x34 c:/st/stm32cubeide_1.11.2/stm32cubeide/plugins/com.st.stm32cube.ide.mcu.externaltools.gnu-tools-for-stm32.10.3-2021.10.win32_1.0.100.202210260954/tools/bin/../lib/gcc/arm-none-eabi/10.3.1/../../../../arm-none-eabi/lib/thumb/v7e-m+fp/hard\libc_nano.a(lib_a-memset.o)
 .ARM.attributes
                0x00000000000003e7       0x17 c:/st/stm32cubeide_1.11.2/stm32cubeide/plugins/com.st.stm32cube.ide.mcu.externaltools.gnu-tools-for-stm32.10.3-2021.10.win32_1.0.100.202210260954/tools/bin/../lib/gcc/arm-none-eabi/10.3.1/../../../../arm-none-eabi/lib/thumb/v7e-m+fp/hard\libc_nano.a(lib_a-strlen.o)
 .ARM.attributes
                0x00000000000003fe       0x1e c:/st/stm32cubeide_1.11.2/stm32cubeide/plugins/com.st.stm32cube.ide.mcu.externaltools.gnu-tools-for-stm32.10.3-2021.10.win32_1.0.100.202210260954/tools/bin/../lib/gcc/arm-none-eabi/10.3.1/thumb/v7e-m+fp/hard\libgcc.a(_aeabi_uldivmod.o)
 .ARM.attributes
                0x000000000000041c       0x34 c:/st/stm32cubeide_1.11.2/stm32cubeide/plugins/com.st.stm32cube.ide.mcu.externaltools.gnu-tools-for-stm32.10.3-2021.10.win32_1.0.100.202210260954/tools/bin/../lib/gcc/arm-none-eabi/10.3.1/thumb/v7e-m+fp/hard\libgcc.a(_udivmoddi4.o)
 .ARM.attributes
                0x0000000000000450       0x1e c:/st/stm32cubeide_1.11.2/stm32cubeide/plugins/com.st.stm32cube.ide.mcu.externaltools.gnu-tools-for-stm32.10.3-2021.10.win32_1.0.100.202210260954/tools/bin/../lib/gcc/arm-none-eabi/10.3.1/thumb/v7e-m+fp/hard\libgcc.a(_dvmd_tls.o)
 .ARM.attributes
                0x000000000000046e       0x1e c:/st/stm32cubeide_1.11.2/stm32cubeide/plugins/com.st.stm32cube.ide.mcu.externaltools.gnu-tools-for-stm32.10.3-2021.10.win32_1.0.100.202210260954/tools/bin/../lib/gcc/arm-none-eabi/10.3.1/thumb/v7e-m+fp/hard/crtn.o
OUTPUT(Nucleo_F411RE_NRF24L01_TFT_Receiver_v2.elf elf32-littlearm)
LOAD linker stubs
LOAD c:/st/stm32cubeide_1.11.2/stm32cubeide/plugins/com.st.stm32cube.ide.mcu.externaltools.gnu-tools-for-stm32.10.3-2021.10.win32_1.0.100.202210260954/tools/bin/../lib/gcc/arm-none-eabi/10.3.1/../../../../arm-none-eabi/lib/thumb/v7e-m+fp/hard\libc.a
LOAD c:/st/stm32cubeide_1.11.2/stm32cubeide/plugins/com.st.stm32cube.ide.mcu.externaltools.gnu-tools-for-stm32.10.3-2021.10.win32_1.0.100.202210260954/tools/bin/../lib/gcc/arm-none-eabi/10.3.1/../../../../arm-none-eabi/lib/thumb/v7e-m+fp/hard\libm.a
LOAD c:/st/stm32cubeide_1.11.2/stm32cubeide/plugins/com.st.stm32cube.ide.mcu.externaltools.gnu-tools-for-stm32.10.3-2021.10.win32_1.0.100.202210260954/tools/bin/../lib/gcc/arm-none-eabi/10.3.1/thumb/v7e-m+fp/hard\libgcc.a

.debug_info     0x0000000000000000     0xdf48
 .debug_info    0x0000000000000000     0x1376 ./Core/Src/main.o
 .debug_info    0x0000000000001376      0xd7c ./Core/Src/radio_demo.o
 .debug_info    0x00000000000020f2      0xce0 ./Core/Src/stm32f4xx_hal_msp.o
 .debug_info    0x0000000000002dd2      0x164 ./Core/Src/stm32f4xx_it.o
 .debug_info    0x0000000000002f36      0x54f ./Core/Src/system_stm32f4xx.o
 .debug_info    0x0000000000003485       0x22 ./Core/Startup/startup_stm32f411retx.o
 .debug_info    0x00000000000034a7     0x1159 ./Drivers/BSP/Adafruit_Shield/stm32_adafruit_lcd.o
 .debug_info    0x0000000000004600      0x5dc ./Drivers/BSP/Components/st7735/st7735.o
 .debug_info    0x0000000000004bdc     0x12b3 ./Drivers/BSP/STM32F4xx-Nucleo/stm32f4xx_nucleo.o
 .debug_info    0x0000000000005e8f     0x1002 ./Drivers/NRF24L01/nrf24.o
 .debug_info    0x0000000000006e91      0x90d ./Drivers/STM32F4xx_HAL_Driver/Src/stm32f4xx_hal.o
 .debug_info    0x000000000000779e      0xd8b ./Drivers/STM32F4xx_HAL_Driver/Src/stm32f4xx_hal_cortex.o
 .debug_info    0x0000000000008529      0x78e ./Drivers/STM32F4xx_HAL_Driver/Src/stm32f4xx_hal_gpio.o
 .debug_info    0x0000000000008cb7      0x98d ./Drivers/STM32F4xx_HAL_Driver/Src/stm32f4xx_hal_rcc.o
 .debug_info    0x0000000000009644     0x1750 ./Drivers/STM32F4xx_HAL_Driver/Src/stm32f4xx_hal_spi.o
 .debug_info    0x000000000000ad94     0x31b4 ./Drivers/STM32F4xx_HAL_Driver/Src/stm32f4xx_hal_uart.o

.debug_abbrev   0x0000000000000000     0x224e
 .debug_abbrev  0x0000000000000000      0x308 ./Core/Src/main.o
 .debug_abbrev  0x0000000000000308      0x2af ./Core/Src/radio_demo.o
 .debug_abbrev  0x00000000000005b7      0x1b0 ./Core/Src/stm32f4xx_hal_msp.o
 .debug_abbrev  0x0000000000000767       0x9f ./Core/Src/stm32f4xx_it.o
 .debug_abbrev  0x0000000000000806      0x116 ./Core/Src/system_stm32f4xx.o
 .debug_abbrev  0x000000000000091c       0x12 ./Core/Startup/startup_stm32f411retx.o
 .debug_abbrev  0x000000000000092e      0x26f ./Drivers/BSP/Adafruit_Shield/stm32_adafruit_lcd.o
 .debug_abbrev  0x0000000000000b9d      0x18d ./Drivers/BSP/Components/st7735/st7735.o
 .debug_abbrev  0x0000000000000d2a      0x2b5 ./Drivers/BSP/STM32F4xx-Nucleo/stm32f4xx_nucleo.o
 .debug_abbrev  0x0000000000000fdf      0x33a ./Drivers/NRF24L01/nrf24.o
 .debug_abbrev  0x0000000000001319      0x23e ./Drivers/STM32F4xx_HAL_Driver/Src/stm32f4xx_hal.o
 .debug_abbrev  0x0000000000001557      0x316 ./Drivers/STM32F4xx_HAL_Driver/Src/stm32f4xx_hal_cortex.o
 .debug_abbrev  0x000000000000186d      0x1c4 ./Drivers/STM32F4xx_HAL_Driver/Src/stm32f4xx_hal_gpio.o
 .debug_abbrev  0x0000000000001a31      0x2aa ./Drivers/STM32F4xx_HAL_Driver/Src/stm32f4xx_hal_rcc.o
 .debug_abbrev  0x0000000000001cdb      0x26e ./Drivers/STM32F4xx_HAL_Driver/Src/stm32f4xx_hal_spi.o
 .debug_abbrev  0x0000000000001f49      0x305 ./Drivers/STM32F4xx_HAL_Driver/Src/stm32f4xx_hal_uart.o

.debug_aranges  0x0000000000000000      0xc48
 .debug_aranges
                0x0000000000000000       0x68 ./Core/Src/main.o
 .debug_aranges
                0x0000000000000068       0x68 ./Core/Src/radio_demo.o
 .debug_aranges
                0x00000000000000d0       0x40 ./Core/Src/stm32f4xx_hal_msp.o
 .debug_aranges
                0x0000000000000110       0x68 ./Core/Src/stm32f4xx_it.o
 .debug_aranges
                0x0000000000000178       0x28 ./Core/Src/system_stm32f4xx.o
 .debug_aranges
                0x00000000000001a0       0x28 ./Core/Startup/startup_stm32f411retx.o
 .debug_aranges
                0x00000000000001c8      0x118 ./Drivers/BSP/Adafruit_Shield/stm32_adafruit_lcd.o
 .debug_aranges
                0x00000000000002e0       0x78 ./Drivers/BSP/Components/st7735/st7735.o
 .debug_aranges
                0x0000000000000358       0xd0 ./Drivers/BSP/STM32F4xx-Nucleo/stm32f4xx_nucleo.o
 .debug_aranges
                0x0000000000000428      0x168 ./Drivers/NRF24L01/nrf24.o
 .debug_aranges
                0x0000000000000590       0xf0 ./Drivers/STM32F4xx_HAL_Driver/Src/stm32f4xx_hal.o
 .debug_aranges
                0x0000000000000680      0x118 ./Drivers/STM32F4xx_HAL_Driver/Src/stm32f4xx_hal_cortex.o
 .debug_aranges
                0x0000000000000798       0x58 ./Drivers/STM32F4xx_HAL_Driver/Src/stm32f4xx_hal_gpio.o
 .debug_aranges
                0x00000000000007f0       0x88 ./Drivers/STM32F4xx_HAL_Driver/Src/stm32f4xx_hal_rcc.o
 .debug_aranges
                0x0000000000000878      0x1d0 ./Drivers/STM32F4xx_HAL_Driver/Src/stm32f4xx_hal_spi.o
 .debug_aranges
                0x0000000000000a48      0x200 ./Drivers/STM32F4xx_HAL_Driver/Src/stm32f4xx_hal_uart.o

.debug_ranges   0x0000000000000000      0xb80
 .debug_ranges  0x0000000000000000       0x58 ./Core/Src/main.o
 .debug_ranges  0x0000000000000058       0x58 ./Core/Src/radio_demo.o
 .debug_ranges  0x00000000000000b0       0x30 ./Core/Src/stm32f4xx_hal_msp.o
 .debug_ranges  0x00000000000000e0       0x58 ./Core/Src/stm32f4xx_it.o
 .debug_ranges  0x0000000000000138       0x18 ./Core/Src/system_stm32f4xx.o
 .debug_ranges  0x0000000000000150       0x20 ./Core/Startup/startup_stm32f411retx.o
 .debug_ranges  0x0000000000000170      0x108 ./Drivers/BSP/Adafruit_Shield/stm32_adafruit_lcd.o
 .debug_ranges  0x0000000000000278       0x68 ./Drivers/BSP/Components/st7735/st7735.o
 .debug_ranges  0x00000000000002e0       0xc0 ./Drivers/BSP/STM32F4xx-Nucleo/stm32f4xx_nucleo.o
 .debug_ranges  0x00000000000003a0      0x158 ./Drivers/NRF24L01/nrf24.o
 .debug_ranges  0x00000000000004f8       0xe0 ./Drivers/STM32F4xx_HAL_Driver/Src/stm32f4xx_hal.o
 .debug_ranges  0x00000000000005d8      0x108 ./Drivers/STM32F4xx_HAL_Driver/Src/stm32f4xx_hal_cortex.o
 .debug_ranges  0x00000000000006e0       0x48 ./Drivers/STM32F4xx_HAL_Driver/Src/stm32f4xx_hal_gpio.o
 .debug_ranges  0x0000000000000728       0x78 ./Drivers/STM32F4xx_HAL_Driver/Src/stm32f4xx_hal_rcc.o
 .debug_ranges  0x00000000000007a0      0x1c0 ./Drivers/STM32F4xx_HAL_Driver/Src/stm32f4xx_hal_spi.o
 .debug_ranges  0x0000000000000960      0x220 ./Drivers/STM32F4xx_HAL_Driver/Src/stm32f4xx_hal_uart.o

.debug_macro    0x0000000000000000    0x172e7
 .debug_macro   0x0000000000000000      0x3c1 ./Core/Src/main.o
 .debug_macro   0x00000000000003c1      0xa78 ./Core/Src/main.o
 .debug_macro   0x0000000000000e39      0x29b ./Core/Src/main.o
 .debug_macro   0x00000000000010d4       0x2e ./Core/Src/main.o
 .debug_macro   0x0000000000001102       0x28 ./Core/Src/main.o
 .debug_macro   0x000000000000112a       0x22 ./Core/Src/main.o
 .debug_macro   0x000000000000114c       0x8e ./Core/Src/main.o
 .debug_macro   0x00000000000011da       0x51 ./Core/Src/main.o
 .debug_macro   0x000000000000122b      0x103 ./Core/Src/main.o
 .debug_macro   0x000000000000132e       0x6a ./Core/Src/main.o
 .debug_macro   0x0000000000001398      0x1df ./Core/Src/main.o
 .debug_macro   0x0000000000001577       0x1c ./Core/Src/main.o
 .debug_macro   0x0000000000001593       0x22 ./Core/Src/main.o
 .debug_macro   0x00000000000015b5       0xd9 ./Core/Src/main.o
 .debug_macro   0x000000000000168e     0x102d ./Core/Src/main.o
 .debug_macro   0x00000000000026bb      0x11f ./Core/Src/main.o
 .debug_macro   0x00000000000027da     0xb953 ./Core/Src/main.o
 .debug_macro   0x000000000000e12d       0x6d ./Core/Src/main.o
 .debug_macro   0x000000000000e19a     0x367e ./Core/Src/main.o
 .debug_macro   0x0000000000011818      0x174 ./Core/Src/main.o
 .debug_macro   0x000000000001198c       0x5c ./Core/Src/main.o
 .debug_macro   0x00000000000119e8      0x447 ./Core/Src/main.o
 .debug_macro   0x0000000000011e2f      0x9fe ./Core/Src/main.o
 .debug_macro   0x000000000001282d      0x115 ./Core/Src/main.o
 .debug_macro   0x0000000000012942      0x11b ./Core/Src/main.o
 .debug_macro   0x0000000000012a5d       0xa5 ./Core/Src/main.o
 .debug_macro   0x0000000000012b02      0x15f ./Core/Src/main.o
 .debug_macro   0x0000000000012c61      0x287 ./Core/Src/main.o
 .debug_macro   0x0000000000012ee8       0x5f ./Core/Src/main.o
 .debug_macro   0x0000000000012f47      0x236 ./Core/Src/main.o
 .debug_macro   0x000000000001317d      0x132 ./Core/Src/main.o
 .debug_macro   0x00000000000132af      0x264 ./Core/Src/main.o
 .debug_macro   0x0000000000013513       0x2e ./Core/Src/main.o
 .debug_macro   0x0000000000013541      0x11a ./Core/Src/main.o
 .debug_macro   0x000000000001365b       0x85 ./Core/Src/main.o
 .debug_macro   0x00000000000136e0       0x89 ./Core/Src/main.o
 .debug_macro   0x0000000000013769      0x225 ./Core/Src/main.o
 .debug_macro   0x000000000001398e      0x295 ./Core/Src/main.o
 .debug_macro   0x0000000000013c23      0x126 ./Core/Src/main.o
 .debug_macro   0x0000000000013d49      0x189 ./Core/Src/main.o
 .debug_macro   0x0000000000013ed2       0x33 ./Core/Src/main.o
 .debug_macro   0x0000000000013f05      0x1d4 ./Core/Src/main.o
 .debug_macro   0x00000000000140d9       0x10 ./Core/Src/main.o
 .debug_macro   0x00000000000140e9       0x59 ./Core/Src/main.o
 .debug_macro   0x0000000000014142       0x52 ./Core/Src/main.o
 .debug_macro   0x0000000000014194       0x1e ./Core/Src/main.o
 .debug_macro   0x00000000000141b2       0x3c ./Core/Src/main.o
 .debug_macro   0x00000000000141ee       0x34 ./Core/Src/main.o
 .debug_macro   0x0000000000014222       0x16 ./Core/Src/main.o
 .debug_macro   0x0000000000014238       0x35 ./Core/Src/main.o
 .debug_macro   0x000000000001426d      0x341 ./Core/Src/main.o
 .debug_macro   0x00000000000145ae       0x10 ./Core/Src/main.o
 .debug_macro   0x00000000000145be       0x16 ./Core/Src/main.o
 .debug_macro   0x00000000000145d4       0x43 ./Core/Src/main.o
 .debug_macro   0x0000000000014617       0x34 ./Core/Src/main.o
 .debug_macro   0x000000000001464b       0x10 ./Core/Src/main.o
 .debug_macro   0x000000000001465b       0x58 ./Core/Src/main.o
 .debug_macro   0x00000000000146b3       0x71 ./Core/Src/main.o
 .debug_macro   0x0000000000014724       0x1c ./Core/Src/main.o
 .debug_macro   0x0000000000014740      0x12a ./Core/Src/main.o
 .debug_macro   0x000000000001486a       0x10 ./Core/Src/main.o
 .debug_macro   0x000000000001487a       0x1c ./Core/Src/main.o
 .debug_macro   0x0000000000014896       0x52 ./Core/Src/main.o
 .debug_macro   0x00000000000148e8       0x22 ./Core/Src/main.o
 .debug_macro   0x000000000001490a       0x10 ./Core/Src/main.o
 .debug_macro   0x000000000001491a       0x52 ./Core/Src/main.o
 .debug_macro   0x000000000001496c       0xd5 ./Core/Src/main.o
 .debug_macro   0x0000000000014a41       0x1c ./Core/Src/main.o
 .debug_macro   0x0000000000014a5d       0x3d ./Core/Src/main.o
 .debug_macro   0x0000000000014a9a       0x16 ./Core/Src/main.o
 .debug_macro   0x0000000000014ab0      0x145 ./Core/Src/main.o
 .debug_macro   0x0000000000014bf5       0x16 ./Core/Src/main.o
 .debug_macro   0x0000000000014c0b       0x16 ./Core/Src/main.o
 .debug_macro   0x0000000000014c21       0x29 ./Core/Src/main.o
 .debug_macro   0x0000000000014c4a       0x8e ./Core/Src/main.o
 .debug_macro   0x0000000000014cd8      0x438 ./Core/Src/radio_demo.o
 .debug_macro   0x0000000000015110       0x4c ./Core/Src/radio_demo.o
 .debug_macro   0x000000000001515c       0x94 ./Core/Src/radio_demo.o
 .debug_macro   0x00000000000151f0       0x57 ./Core/Src/radio_demo.o
 .debug_macro   0x0000000000015247       0x10 ./Core/Src/radio_demo.o
 .debug_macro   0x0000000000015257       0x20 ./Core/Src/radio_demo.o
 .debug_macro   0x0000000000015277       0x56 ./Core/Src/radio_demo.o
 .debug_macro   0x00000000000152cd       0x1c ./Core/Src/radio_demo.o
 .debug_macro   0x00000000000152e9      0x18c ./Core/Src/radio_demo.o
 .debug_macro   0x0000000000015475      0x3a9 ./Core/Src/stm32f4xx_hal_msp.o
 .debug_macro   0x000000000001581e      0x3b3 ./Core/Src/stm32f4xx_it.o
 .debug_macro   0x0000000000015bd1      0x1ca ./Core/Src/system_stm32f4xx.o
 .debug_macro   0x0000000000015d9b       0xd6 ./Drivers/BSP/Adafruit_Shield/stm32_adafruit_lcd.o
 .debug_macro   0x0000000000015e71       0x7c ./Drivers/BSP/Components/st7735/st7735.o
 .debug_macro   0x0000000000015eed      0x1fd ./Drivers/BSP/STM32F4xx-Nucleo/stm32f4xx_nucleo.o
 .debug_macro   0x00000000000160ea      0x183 ./Drivers/BSP/STM32F4xx-Nucleo/stm32f4xx_nucleo.o
 .debug_macro   0x000000000001626d      0x3c2 ./Drivers/NRF24L01/nrf24.o
 .debug_macro   0x000000000001662f      0x186 ./Drivers/NRF24L01/nrf24.o
 .debug_macro   0x00000000000167b5      0x224 ./Drivers/STM32F4xx_HAL_Driver/Src/stm32f4xx_hal.o
 .debug_macro   0x00000000000169d9      0x1c4 ./Drivers/STM32F4xx_HAL_Driver/Src/stm32f4xx_hal_cortex.o
 .debug_macro   0x0000000000016b9d      0x1ca ./Drivers/STM32F4xx_HAL_Driver/Src/stm32f4xx_hal_gpio.o
 .debug_macro   0x0000000000016d67      0x1e8 ./Drivers/STM32F4xx_HAL_Driver/Src/stm32f4xx_hal_rcc.o
 .debug_macro   0x0000000000016f4f      0x1d3 ./Drivers/STM32F4xx_HAL_Driver/Src/stm32f4xx_hal_spi.o
 .debug_macro   0x0000000000017122      0x1c5 ./Drivers/STM32F4xx_HAL_Driver/Src/stm32f4xx_hal_uart.o

.debug_line     0x0000000000000000     0xdad8
 .debug_line    0x0000000000000000      0xc02 ./Core/Src/main.o
 .debug_line    0x0000000000000c02      0xca3 ./Core/Src/radio_demo.o
 .debug_line    0x00000000000018a5      0xaa9 ./Core/Src/stm32f4xx_hal_msp.o
 .debug_line    0x000000000000234e      0xad0 ./Core/Src/stm32f4xx_it.o
 .debug_line    0x0000000000002e1e      0x731 ./Core/Src/system_stm32f4xx.o
 .debug_line    0x000000000000354f       0x85 ./Core/Startup/startup_stm32f411retx.o
 .debug_line    0x00000000000035d4      0xfb6 ./Drivers/BSP/Adafruit_Shield/stm32_adafruit_lcd.o
 .debug_line    0x000000000000458a      0x69f ./Drivers/BSP/Components/st7735/st7735.o
 .debug_line    0x0000000000004c29      0xa9c ./Drivers/BSP/STM32F4xx-Nucleo/stm32f4xx_nucleo.o
 .debug_line    0x00000000000056c5     0x101b ./Drivers/NRF24L01/nrf24.o
 .debug_line    0x00000000000066e0      0x991 ./Drivers/STM32F4xx_HAL_Driver/Src/stm32f4xx_hal.o
 .debug_line    0x0000000000007071      0xc40 ./Drivers/STM32F4xx_HAL_Driver/Src/stm32f4xx_hal_cortex.o
 .debug_line    0x0000000000007cb1      0xac9 ./Drivers/STM32F4xx_HAL_Driver/Src/stm32f4xx_hal_gpio.o
 .debug_line    0x000000000000877a      0xd0d ./Drivers/STM32F4xx_HAL_Driver/Src/stm32f4xx_hal_rcc.o
 .debug_line    0x0000000000009487     0x1c1b ./Drivers/STM32F4xx_HAL_Driver/Src/stm32f4xx_hal_spi.o
 .debug_line    0x000000000000b0a2     0x2a36 ./Drivers/STM32F4xx_HAL_Driver/Src/stm32f4xx_hal_uart.o

.debug_str      0x0000000000000000    0x8a084
 .debug_str     0x0000000000000000    0x86ba3 ./Core/Src/main.o
                                      0x86ee9 (size before relaxing)
 .debug_str     0x0000000000086ba3      0xe80 ./Core/Src/radio_demo.o
                                      0x87365 (size before relaxing)
 .debug_str     0x0000000000087a23       0xaa ./Core/Src/stm32f4xx_hal_msp.o
                                      0x86751 (size before relaxing)
 .debug_str     0x0000000000087acd       0xf3 ./Core/Src/stm32f4xx_it.o
                                      0x8603e (size before relaxing)
 .debug_str     0x0000000000087bc0       0xf0 ./Core/Src/system_stm32f4xx.o
                                      0x80fef (size before relaxing)
 .debug_str     0x0000000000087cb0       0x36 ./Core/Startup/startup_stm32f411retx.o
                                         0xe5 (size before relaxing)
 .debug_str     0x0000000000087ce6      0x527 ./Drivers/BSP/Adafruit_Shield/stm32_adafruit_lcd.o
                                       0x49c4 (size before relaxing)
 .debug_str     0x000000000008820d      0x171 ./Drivers/BSP/Components/st7735/st7735.o
                                       0x441f (size before relaxing)
 .debug_str     0x000000000008837e      0x390 ./Drivers/BSP/STM32F4xx-Nucleo/stm32f4xx_nucleo.o
                                      0x826cf (size before relaxing)
 .debug_str     0x000000000008870e      0x22b ./Drivers/NRF24L01/nrf24.o
                                      0x871a4 (size before relaxing)
 .debug_str     0x0000000000088939      0x5e6 ./Drivers/STM32F4xx_HAL_Driver/Src/stm32f4xx_hal.o
                                      0x81a06 (size before relaxing)
 .debug_str     0x0000000000088f1f      0x323 ./Drivers/STM32F4xx_HAL_Driver/Src/stm32f4xx_hal_cortex.o
                                      0x81727 (size before relaxing)
 .debug_str     0x0000000000089242       0xc4 ./Drivers/STM32F4xx_HAL_Driver/Src/stm32f4xx_hal_gpio.o
                                      0x81155 (size before relaxing)
 .debug_str     0x0000000000089306      0x233 ./Drivers/STM32F4xx_HAL_Driver/Src/stm32f4xx_hal_rcc.o
                                      0x8140e (size before relaxing)
 .debug_str     0x0000000000089539      0x564 ./Drivers/STM32F4xx_HAL_Driver/Src/stm32f4xx_hal_spi.o
                                      0x8188c (size before relaxing)
 .debug_str     0x0000000000089a9d      0x5e7 ./Drivers/STM32F4xx_HAL_Driver/Src/stm32f4xx_hal_uart.o
                                      0x8199b (size before relaxing)

.comment        0x0000000000000000       0x50
 .comment       0x0000000000000000       0x50 ./Core/Src/main.o
                                         0x51 (size before relaxing)
 .comment       0x0000000000000050       0x51 ./Core/Src/radio_demo.o
 .comment       0x0000000000000050       0x51 ./Core/Src/stm32f4xx_hal_msp.o
 .comment       0x0000000000000050       0x51 ./Core/Src/stm32f4xx_it.o
 .comment       0x0000000000000050       0x51 ./Core/Src/system_stm32f4xx.o
 .comment       0x0000000000000050       0x51 ./Drivers/BSP/Adafruit_Shield/stm32_adafruit_lcd.o
 .comment       0x0000000000000050       0x51 ./Drivers/BSP/Components/st7735/st7735.o
 .comment       0x0000000000000050       0x51 ./Drivers/BSP/STM32F4xx-Nucleo/stm32f4xx_nucleo.o
 .comment       0x0000000000000050       0x51 ./Drivers/NRF24L01/nrf24.o
 .comment       0x0000000000000050       0x51 ./Drivers/STM32F4xx_HAL_Driver/Src/stm32f4xx_hal.o
 .comment       0x0000000000000050       0x51 ./Drivers/STM32F4xx_HAL_Driver/Src/stm32f4xx_hal_cortex.o
 .comment       0x0000000000000050       0x51 ./Drivers/STM32F4xx_HAL_Driver/Src/stm32f4xx_hal_gpio.o
 .comment       0x0000000000000050       0x51 ./Drivers/STM32F4xx_HAL_Driver/Src/stm32f4xx_hal_rcc.o
 .comment       0x0000000000000050       0x51 ./Drivers/STM32F4xx_HAL_Driver/Src/stm32f4xx_hal_spi.o
 .comment       0x0000000000000050       0x51 ./Drivers/STM32F4xx_HAL_Driver/Src/stm32f4xx_hal_uart.o

.debug_frame    0x0000000000000000     0x3174
 .debug_frame   0x0000000000000000      0x150 ./Core/Src/main.o
 .debug_frame   0x0000000000000150      0x15c ./Core/Src/radio_demo.o
 .debug_frame   0x00000000000002ac       0xc4 ./Core/Src/stm32f4xx_hal_msp.o
 .debug_frame   0x0000000000000370      0x128 ./Core/Src/stm32f4xx_it.o
 .debug_frame   0x0000000000000498       0x58 ./Core/Src/system_stm32f4xx.o
 .debug_frame   0x00000000000004f0      0x4a8 ./Drivers/BSP/Adafruit_Shield/stm32_adafruit_lcd.o
 .debug_frame   0x0000000000000998      0x1c8 ./Drivers/BSP/Components/st7735/st7735.o
 .debug_frame   0x0000000000000b60      0x338 ./Drivers/BSP/STM32F4xx-Nucleo/stm32f4xx_nucleo.o
 .debug_frame   0x0000000000000e98      0x594 ./Drivers/NRF24L01/nrf24.o
 .debug_frame   0x000000000000142c      0x374 ./Drivers/STM32F4xx_HAL_Driver/Src/stm32f4xx_hal.o
 .debug_frame   0x00000000000017a0      0x498 ./Drivers/STM32F4xx_HAL_Driver/Src/stm32f4xx_hal_cortex.o
 .debug_frame   0x0000000000001c38      0x14c ./Drivers/STM32F4xx_HAL_Driver/Src/stm32f4xx_hal_gpio.o
 .debug_frame   0x0000000000001d84      0x1f4 ./Drivers/STM32F4xx_HAL_Driver/Src/stm32f4xx_hal_rcc.o
 .debug_frame   0x0000000000001f78      0x824 ./Drivers/STM32F4xx_HAL_Driver/Src/stm32f4xx_hal_spi.o
 .debug_frame   0x000000000000279c      0x92c ./Drivers/STM32F4xx_HAL_Driver/Src/stm32f4xx_hal_uart.o
 .debug_frame   0x00000000000030c8       0x2c c:/st/stm32cubeide_1.11.2/stm32cubeide/plugins/com.st.stm32cube.ide.mcu.externaltools.gnu-tools-for-stm32.10.3-2021.10.win32_1.0.100.202210260954/tools/bin/../lib/gcc/arm-none-eabi/10.3.1/../../../../arm-none-eabi/lib/thumb/v7e-m+fp/hard\libc_nano.a(lib_a-init.o)
 .debug_frame   0x00000000000030f4       0x20 c:/st/stm32cubeide_1.11.2/stm32cubeide/plugins/com.st.stm32cube.ide.mcu.externaltools.gnu-tools-for-stm32.10.3-2021.10.win32_1.0.100.202210260954/tools/bin/../lib/gcc/arm-none-eabi/10.3.1/../../../../arm-none-eabi/lib/thumb/v7e-m+fp/hard\libc_nano.a(lib_a-memset.o)
 .debug_frame   0x0000000000003114       0x2c c:/st/stm32cubeide_1.11.2/stm32cubeide/plugins/com.st.stm32cube.ide.mcu.externaltools.gnu-tools-for-stm32.10.3-2021.10.win32_1.0.100.202210260954/tools/bin/../lib/gcc/arm-none-eabi/10.3.1/thumb/v7e-m+fp/hard\libgcc.a(_aeabi_uldivmod.o)
 .debug_frame   0x0000000000003140       0x34 c:/st/stm32cubeide_1.11.2/stm32cubeide/plugins/com.st.stm32cube.ide.mcu.externaltools.gnu-tools-for-stm32.10.3-2021.10.win32_1.0.100.202210260954/tools/bin/../lib/gcc/arm-none-eabi/10.3.1/thumb/v7e-m+fp/hard\libgcc.a(_udivmoddi4.o)
