Archive member included to satisfy reference by file (symbol)

c:/st/stm32cubeide_1.11.2/stm32cubeide/plugins/com.st.stm32cube.ide.mcu.externaltools.gnu-tools-for-stm32.10.3-2021.10.win32_1.0.100.202210260954/tools/bin/../lib/gcc/arm-none-eabi/10.3.1/../../../../arm-none-eabi/lib/thumb/v7e-m+fp/hard\libc_nano.a(lib_a-errno.o)
                              ./Core/Src/syscalls.o (__errno)
c:/st/stm32cubeide_1.11.2/stm32cubeide/plugins/com.st.stm32cube.ide.mcu.externaltools.gnu-tools-for-stm32.10.3-2021.10.win32_1.0.100.202210260954/tools/bin/../lib/gcc/arm-none-eabi/10.3.1/../../../../arm-none-eabi/lib/thumb/v7e-m+fp/hard\libc_nano.a(lib_a-exit.o)
                              c:/st/stm32cubeide_1.11.2/stm32cubeide/plugins/com.st.stm32cube.ide.mcu.externaltools.gnu-tools-for-stm32.10.3-2021.10.win32_1.0.100.202210260954/tools/bin/../lib/gcc/arm-none-eabi/10.3.1/../../../../arm-none-eabi/lib/thumb/v7e-m+fp/hard/crt0.o (exit)
c:/st/stm32cubeide_1.11.2/stm32cubeide/plugins/com.st.stm32cube.ide.mcu.externaltools.gnu-tools-for-stm32.10.3-2021.10.win32_1.0.100.202210260954/tools/bin/../lib/gcc/arm-none-eabi/10.3.1/../../../../arm-none-eabi/lib/thumb/v7e-m+fp/hard\libc_nano.a(lib_a-impure.o)
                              c:/st/stm32cubeide_1.11.2/stm32cubeide/plugins/com.st.stm32cube.ide.mcu.externaltools.gnu-tools-for-stm32.10.3-2021.10.win32_1.0.100.202210260954/tools/bin/../lib/gcc/arm-none-eabi/10.3.1/../../../../arm-none-eabi/lib/thumb/v7e-m+fp/hard\libc_nano.a(lib_a-exit.o) (_global_impure_ptr)
c:/st/stm32cubeide_1.11.2/stm32cubeide/plugins/com.st.stm32cube.ide.mcu.externaltools.gnu-tools-for-stm32.10.3-2021.10.win32_1.0.100.202210260954/tools/bin/../lib/gcc/arm-none-eabi/10.3.1/../../../../arm-none-eabi/lib/thumb/v7e-m+fp/hard\libc_nano.a(lib_a-init.o)
                              c:/st/stm32cubeide_1.11.2/stm32cubeide/plugins/com.st.stm32cube.ide.mcu.externaltools.gnu-tools-for-stm32.10.3-2021.10.win32_1.0.100.202210260954/tools/bin/../lib/gcc/arm-none-eabi/10.3.1/../../../../arm-none-eabi/lib/thumb/v7e-m+fp/hard/crt0.o (__libc_init_array)
c:/st/stm32cubeide_1.11.2/stm32cubeide/plugins/com.st.stm32cube.ide.mcu.externaltools.gnu-tools-for-stm32.10.3-2021.10.win32_1.0.100.202210260954/tools/bin/../lib/gcc/arm-none-eabi/10.3.1/../../../../arm-none-eabi/lib/thumb/v7e-m+fp/hard\libc_nano.a(lib_a-memset.o)
                              c:/st/stm32cubeide_1.11.2/stm32cubeide/plugins/com.st.stm32cube.ide.mcu.externaltools.gnu-tools-for-stm32.10.3-2021.10.win32_1.0.100.202210260954/tools/bin/../lib/gcc/arm-none-eabi/10.3.1/../../../../arm-none-eabi/lib/thumb/v7e-m+fp/hard/crt0.o (memset)
c:/st/stm32cubeide_1.11.2/stm32cubeide/plugins/com.st.stm32cube.ide.mcu.externaltools.gnu-tools-for-stm32.10.3-2021.10.win32_1.0.100.202210260954/tools/bin/../lib/gcc/arm-none-eabi/10.3.1/../../../../arm-none-eabi/lib/thumb/v7e-m+fp/hard\libc_nano.a(lib_a-strlen.o)
                              ./Core/Src/radio_demo.o (strlen)
c:/st/stm32cubeide_1.11.2/stm32cubeide/plugins/com.st.stm32cube.ide.mcu.externaltools.gnu-tools-for-stm32.10.3-2021.10.win32_1.0.100.202210260954/tools/bin/../lib/gcc/arm-none-eabi/10.3.1/thumb/v7e-m+fp/hard\libgcc.a(_aeabi_uldivmod.o)
                              ./Drivers/STM32F4xx_HAL_Driver/Src/stm32f4xx_hal_rcc.o (__aeabi_uldivmod)
c:/st/stm32cubeide_1.11.2/stm32cubeide/plugins/com.st.stm32cube.ide.mcu.externaltools.gnu-tools-for-stm32.10.3-2021.10.win32_1.0.100.202210260954/tools/bin/../lib/gcc/arm-none-eabi/10.3.1/thumb/v7e-m+fp/hard\libgcc.a(_udivmoddi4.o)
                              c:/st/stm32cubeide_1.11.2/stm32cubeide/plugins/com.st.stm32cube.ide.mcu.externaltools.gnu-tools-for-stm32.10.3-2021.10.win32_1.0.100.202210260954/tools/bin/../lib/gcc/arm-none-eabi/10.3.1/thumb/v7e-m+fp/hard\libgcc.a(_aeabi_uldivmod.o) (__udivmoddi4)
c:/st/stm32cubeide_1.11.2/stm32cubeide/plugins/com.st.stm32cube.ide.mcu.externaltools.gnu-tools-for-stm32.10.3-2021.10.win32_1.0.100.202210260954/tools/bin/../lib/gcc/arm-none-eabi/10.3.1/thumb/v7e-m+fp/hard\libgcc.a(_dvmd_tls.o)
                              c:/st/stm32cubeide_1.11.2/stm32cubeide/plugins/com.st.stm32cube.ide.mcu.externaltools.gnu-tools-for-stm32.10.3-2021.10.win32_1.0.100.202210260954/tools/bin/../lib/gcc/arm-none-eabi/10.3.1/thumb/v7e-m+fp/hard\libgcc.a(_aeabi_uldivmod.o) (__aeabi_ldiv0)

Discarded input sections

 .text          0x0000000000000000        0x0 c:/st/stm32cubeide_1.11.2/stm32cubeide/plugins/com.st.stm32cube.ide.mcu.externaltools.gnu-tools-for-stm32.10.3-2021.10.win32_1.0.100.202210260954/tools/bin/../lib/gcc/arm-none-eabi/10.3.1/thumb/v7e-m+fp/hard/crti.o
 .data          0x0000000000000000        0x0 c:/st/stm32cubeide_1.11.2/stm32cubeide/plugins/com.st.stm32cube.ide.mcu.externaltools.gnu-tools-for-stm32.10.3-2021.10.win32_1.0.100.202210260954/tools/bin/../lib/gcc/arm-none-eabi/10.3.1/thumb/v7e-m+fp/hard/crti.o
[...]
Memory Configuration

Name             Origin             Length             Attributes
CCMRAM           0x0000000010000000 0x0000000000010000 xrw
RAM              0x0000000020000000 0x0000000000030000 xrw
FLASH            0x0000000008000000 0x0000000000200000 xr
*default*        0x0000000000000000 0xffffffffffffffff

Linker script and memory map

LOAD c:/st/stm32cubeide_1.11.2/stm32cubeide/plugins/com.st.stm32cube.ide.mcu.externaltools.gnu-tools-for-stm32.10.3-2021.10.win32_1.0.100.202210260954/tools/bin/../lib/gcc/arm-none-eabi/10.3.1/thumb/v7e-m+fp/hard/crti.o
LOAD c:/st/stm32cubeide_1.11.2/stm32cubeide/plugins/com.st.stm32cube.ide.mcu.externaltools.gnu-tools-for-stm32.10.3-2021.10.win32_1.0.100.202210260954/tools/bin/../lib/gcc/arm-none-eabi/10.3.1/thumb/v7e-m+fp/hard/crtbegin.o
LOAD c:/st/stm32cubeide_1.11.2/stm32cubeide/plugins/com.st.stm32cube.ide.mcu.externaltools.gnu-tools-for-stm32.10.3-2021.10.win32_1.0.100.202210260954/tools/bin/../lib/gcc/arm-none-eabi/10.3.1/../../../../arm-none-eabi/lib/thumb/v7e-m+fp/hard/crt0.o
LOAD ./Core/Src/main.o
LOAD ./Core/Src/radio_demo.o
LOAD ./Core/Src/stm32f4xx_hal_msp.o
LOAD ./Core/Src/stm32f4xx_hal_timebase_tim.o
LOAD ./Core/Src/stm32f4xx_it.o
LOAD ./Core/Src/syscalls.o
LOAD ./Core/Src/sysmem.o
LOAD ./Core/Src/system_stm32f4xx.o
LOAD ./Core/Startup/startup_stm32f429zitx.o
LOAD ./Drivers/BSP/Components/cs43l22/cs43l22.o
LOAD ./Drivers/BSP/Components/dp83848/dp83848.o
LOAD ./Drivers/BSP/Components/exc7200/exc7200.o
LOAD ./Drivers/BSP/Components/ft3x67/ft3x67.o
LOAD ./Drivers/BSP/Components/ft6x06/ft6x06.o
LOAD ./Drivers/BSP/Components/i3g4250d/i3g4250d.o
LOAD ./Drivers/BSP/Components/ili9325/ili9325.o
LOAD ./Drivers/BSP/Components/ili9341/ili9341.o
LOAD ./Drivers/BSP/Components/l3gd20/l3gd20.o
LOAD ./Drivers/BSP/Components/lan8742/lan8742.o
LOAD ./Drivers/BSP/Components/lis302dl/lis302dl.o
LOAD ./Drivers/BSP/Components/lis3dsh/lis3dsh.o
LOAD ./Drivers/BSP/Components/ls016b8uy/ls016b8uy.o
LOAD ./Drivers/BSP/Components/lsm303agr/lsm303agr.o
LOAD ./Drivers/BSP/Components/lsm303dlhc/lsm303dlhc.o
LOAD ./Drivers/BSP/Components/mfxstm32l152/mfxstm32l152.o
LOAD ./Drivers/BSP/Components/nt35510/nt35510.o
LOAD ./Drivers/BSP/Components/otm8009a/otm8009a.o
LOAD ./Drivers/BSP/Components/ov2640/ov2640.o
LOAD ./Drivers/BSP/Components/ov5640/ov5640.o
LOAD ./Drivers/BSP/Components/s5k5cag/s5k5cag.o
LOAD ./Drivers/BSP/Components/st7735/st7735.o
LOAD ./Drivers/BSP/Components/st7789h2/st7789h2.o
LOAD ./Drivers/BSP/Components/stmpe1600/stmpe1600.o
LOAD ./Drivers/BSP/Components/stmpe811/stmpe811.o
LOAD ./Drivers/BSP/Components/ts3510/ts3510.o
LOAD ./Drivers/BSP/Components/wm8994/wm8994.o
LOAD ./Drivers/BSP/STM32F429I-Discovery/stm32f429i_discovery.o
LOAD ./Drivers/BSP/STM32F429I-Discovery/stm32f429i_discovery_eeprom.o
LOAD ./Drivers/BSP/STM32F429I-Discovery/stm32f429i_discovery_gyroscope.o
LOAD ./Drivers/BSP/STM32F429I-Discovery/stm32f429i_discovery_io.o
LOAD ./Drivers/BSP/STM32F429I-Discovery/stm32f429i_discovery_lcd.o
LOAD ./Drivers/BSP/STM32F429I-Discovery/stm32f429i_discovery_sdram.o
LOAD ./Drivers/BSP/STM32F429I-Discovery/stm32f429i_discovery_ts.o
LOAD ./Drivers/NRF24L01/nrf24.o
LOAD ./Drivers/STM32F4xx_HAL_Driver/Src/stm32f4xx_hal.o
LOAD ./Drivers/STM32F4xx_HAL_Driver/Src/stm32f4xx_hal_cortex.o
LOAD ./Drivers/STM32F4xx_HAL_Driver/Src/stm32f4xx_hal_crc.o
LOAD ./Drivers/STM32F4xx_HAL_Driver/Src/stm32f4xx_hal_dma.o
LOAD ./Drivers/STM32F4xx_HAL_Driver/Src/stm32f4xx_hal_dma2d.o
LOAD ./Drivers/STM32F4xx_HAL_Driver/Src/stm32f4xx_hal_dma_ex.o
LOAD ./Drivers/STM32F4xx_HAL_Driver/Src/stm32f4xx_hal_dsi.o
LOAD ./Drivers/STM32F4xx_HAL_Driver/Src/stm32f4xx_hal_exti.o
LOAD ./Drivers/STM32F4xx_HAL_Driver/Src/stm32f4xx_hal_flash.o
LOAD ./Drivers/STM32F4xx_HAL_Driver/Src/stm32f4xx_hal_flash_ex.o
LOAD ./Drivers/STM32F4xx_HAL_Driver/Src/stm32f4xx_hal_flash_ramfunc.o
LOAD ./Drivers/STM32F4xx_HAL_Driver/Src/stm32f4xx_hal_gpio.o
LOAD ./Drivers/STM32F4xx_HAL_Driver/Src/stm32f4xx_hal_hcd.o
LOAD ./Drivers/STM32F4xx_HAL_Driver/Src/stm32f4xx_hal_i2c.o
LOAD ./Drivers/STM32F4xx_HAL_Driver/Src/stm32f4xx_hal_i2c_ex.o
LOAD ./Drivers/STM32F4xx_HAL_Driver/Src/stm32f4xx_hal_ltdc.o
LOAD ./Drivers/STM32F4xx_HAL_Driver/Src/stm32f4xx_hal_ltdc_ex.o
LOAD ./Drivers/STM32F4xx_HAL_Driver/Src/stm32f4xx_hal_pwr.o
LOAD ./Drivers/STM32F4xx_HAL_Driver/Src/stm32f4xx_hal_pwr_ex.o
LOAD ./Drivers/STM32F4xx_HAL_Driver/Src/stm32f4xx_hal_rcc.o
LOAD ./Drivers/STM32F4xx_HAL_Driver/Src/stm32f4xx_hal_rcc_ex.o
LOAD ./Drivers/STM32F4xx_HAL_Driver/Src/stm32f4xx_hal_sdram.o
LOAD ./Drivers/STM32F4xx_HAL_Driver/Src/stm32f4xx_hal_spi.o
LOAD ./Drivers/STM32F4xx_HAL_Driver/Src/stm32f4xx_hal_tim.o
LOAD ./Drivers/STM32F4xx_HAL_Driver/Src/stm32f4xx_hal_tim_ex.o
LOAD ./Drivers/STM32F4xx_HAL_Driver/Src/stm32f4xx_hal_uart.o
LOAD ./Drivers/STM32F4xx_HAL_Driver/Src/stm32f4xx_ll_fmc.o
LOAD ./Drivers/STM32F4xx_HAL_Driver/Src/stm32f4xx_ll_usb.o
START GROUP
LOAD c:/st/stm32cubeide_1.11.2/stm32cubeide/plugins/com.st.stm32cube.ide.mcu.externaltools.gnu-tools-for-stm32.10.3-2021.10.win32_1.0.100.202210260954/tools/bin/../lib/gcc/arm-none-eabi/10.3.1/../../../../arm-none-eabi/lib/thumb/v7e-m+fp/hard\libc_nano.a
LOAD c:/st/stm32cubeide_1.11.2/stm32cubeide/plugins/com.st.stm32cube.ide.mcu.externaltools.gnu-tools-for-stm32.10.3-2021.10.win32_1.0.100.202210260954/tools/bin/../lib/gcc/arm-none-eabi/10.3.1/../../../../arm-none-eabi/lib/thumb/v7e-m+fp/hard\libm.a
END GROUP
START GROUP
LOAD c:/st/stm32cubeide_1.11.2/stm32cubeide/plugins/com.st.stm32cube.ide.mcu.externaltools.gnu-tools-for-stm32.10.3-2021.10.win32_1.0.100.202210260954/tools/bin/../lib/gcc/arm-none-eabi/10.3.1/thumb/v7e-m+fp/hard\libgcc.a
LOAD c:/st/stm32cubeide_1.11.2/stm32cubeide/plugins/com.st.stm32cube.ide.mcu.externaltools.gnu-tools-for-stm32.10.3-2021.10.win32_1.0.100.202210260954/tools/bin/../lib/gcc/arm-none-eabi/10.3.1/../../../../arm-none-eabi/lib/thumb/v7e-m+fp/hard\libc_nano.a
END GROUP
START GROUP
LOAD c:/st/stm32cubeide_1.11.2/stm32cubeide/plugins/com.st.stm32cube.ide.mcu.externaltools.gnu-tools-for-stm32.10.3-2021.10.win32_1.0.100.202210260954/tools/bin/../lib/gcc/arm-none-eabi/10.3.1/thumb/v7e-m+fp/hard\libgcc.a
LOAD c:/st/stm32cubeide_1.11.2/stm32cubeide/plugins/com.st.stm32cube.ide.mcu.externaltools.gnu-tools-for-stm32.10.3-2021.10.win32_1.0.100.202210260954/tools/bin/../lib/gcc/arm-none-eabi/10.3.1/../../../../arm-none-eabi/lib/thumb/v7e-m+fp/hard\libc_nano.a
LOAD c:/st/stm32cubeide_1.11.2/stm32cubeide/plugins/com.st.stm32cube.ide.mcu.externaltools.gnu-tools-for-stm32.10.3-2021.10.win32_1.0.100.202210260954/tools/bin/../lib/gcc/arm-none-eabi/10.3.1/../../../../arm-none-eabi/lib/thumb/v7e-m+fp/hard\libnosys.a
END GROUP
START GROUP
LOAD c:/st/stm32cubeide_1.11.2/stm32cubeide/plugins/com.st.stm32cube.ide.mcu.externaltools.gnu-tools-for-stm32.10.3-2021.10.win32_1.0.100.202210260954/tools/bin/../lib/gcc/arm-none-eabi/10.3.1/thumb/v7e-m+fp/hard\libgcc.a
LOAD c:/st/stm32cubeide_1.11.2/stm32cubeide/plugins/com.st.stm32cube.ide.mcu.externaltools.gnu-tools-for-stm32.10.3-2021.10.win32_1.0.100.202210260954/tools/bin/../lib/gcc/arm-none-eabi/10.3.1/../../../../arm-none-eabi/lib/thumb/v7e-m+fp/hard\libc_nano.a
LOAD c:/st/stm32cubeide_1.11.2/stm32cubeide/plugins/com.st.stm32cube.ide.mcu.externaltools.gnu-tools-for-stm32.10.3-2021.10.win32_1.0.100.202210260954/tools/bin/../lib/gcc/arm-none-eabi/10.3.1/../../../../arm-none-eabi/lib/thumb/v7e-m+fp/hard\libnosys.a
END GROUP
LOAD c:/st/stm32cubeide_1.11.2/stm32cubeide/plugins/com.st.stm32cube.ide.mcu.externaltools.gnu-tools-for-stm32.10.3-2021.10.win32_1.0.100.202210260954/tools/bin/../lib/gcc/arm-none-eabi/10.3.1/thumb/v7e-m+fp/hard/crtend.o
LOAD c:/st/stm32cubeide_1.11.2/stm32cubeide/plugins/com.st.stm32cube.ide.mcu.externaltools.gnu-tools-for-stm32.10.3-2021.10.win32_1.0.100.202210260954/tools/bin/../lib/gcc/arm-none-eabi/10.3.1/thumb/v7e-m+fp/hard/crtn.o
                0x0000000020030000                _estack = (ORIGIN (RAM) + LENGTH (RAM))
                0x0000000000000200                _Min_Heap_Size = 0x200
                0x0000000000000400                _Min_Stack_Size = 0x400

.isr_vector     0x0000000008000000      0x1ac
                0x0000000008000000                . = ALIGN (0x4)
 *(.isr_vector)
 .isr_vector    0x0000000008000000      0x1ac ./Core/Startup/startup_stm32f429zitx.o
                0x0000000008000000                g_pfnVectors
                0x00000000080001ac                . = ALIGN (0x4)

.text           0x00000000080001ac     0x9bb8
                0x00000000080001ac                . = ALIGN (0x4)
 *(.text)
 .text          0x00000000080001ac       0x40 c:/st/stm32cubeide_1.11.2/stm32cubeide/plugins/com.st.stm32cube.ide.mcu.externaltools.gnu-tools-for-stm32.10.3-2021.10.win32_1.0.100.202210260954/tools/bin/../lib/gcc/arm-none-eabi/10.3.1/thumb/v7e-m+fp/hard/crtbegin.o
 .text          0x00000000080001ec       0x10 c:/st/stm32cubeide_1.11.2/stm32cubeide/plugins/com.st.stm32cube.ide.mcu.externaltools.gnu-tools-for-stm32.10.3-2021.10.win32_1.0.100.202210260954/tools/bin/../lib/gcc/arm-none-eabi/10.3.1/../../../../arm-none-eabi/lib/thumb/v7e-m+fp/hard\libc_nano.a(lib_a-strlen.o)
                0x00000000080001ec                strlen
 .text          0x00000000080001fc       0x30 c:/st/stm32cubeide_1.11.2/stm32cubeide/plugins/com.st.stm32cube.ide.mcu.externaltools.gnu-tools-for-stm32.10.3-2021.10.win32_1.0.100.202210260954/tools/bin/../lib/gcc/arm-none-eabi/10.3.1/thumb/v7e-m+fp/hard\libgcc.a(_aeabi_uldivmod.o)
                0x00000000080001fc                __aeabi_uldivmod
 .text          0x000000000800022c      0x2d0 c:/st/stm32cubeide_1.11.2/stm32cubeide/plugins/com.st.stm32cube.ide.mcu.externaltools.gnu-tools-for-stm32.10.3-2021.10.win32_1.0.100.202210260954/tools/bin/../lib/gcc/arm-none-eabi/10.3.1/thumb/v7e-m+fp/hard\libgcc.a(_udivmoddi4.o)
                0x000000000800022c                __udivmoddi4
 .text          0x00000000080004fc        0x4 c:/st/stm32cubeide_1.11.2/stm32cubeide/plugins/com.st.stm32cube.ide.mcu.externaltools.gnu-tools-for-stm32.10.3-2021.10.win32_1.0.100.202210260954/tools/bin/../lib/gcc/arm-none-eabi/10.3.1/thumb/v7e-m+fp/hard\libgcc.a(_dvmd_tls.o)
                0x00000000080004fc                __aeabi_idiv0
                0x00000000080004fc                __aeabi_ldiv0
 *(.text*)
 .text.main     0x0000000008000500       0x90 ./Core/Src/main.o
                0x0000000008000500                main
 .text.SystemClock_Config
                0x0000000008000590       0xe4 ./Core/Src/main.o
                0x0000000008000590                SystemClock_Config
 .text.MX_CRC_Init
                0x0000000008000674       0x28 ./Core/Src/main.o
 .text.MX_DMA2D_Init
                0x000000000800069c       0x64 ./Core/Src/main.o
 .text.MX_I2C3_Init
                0x0000000008000700       0x80 ./Core/Src/main.o
 .text.MX_LTDC_Init
                0x0000000008000780      0x164 ./Core/Src/main.o
 .text.MX_SPI3_Init
                0x00000000080008e4       0x6c ./Core/Src/main.o
 .text.MX_SPI5_Init
                0x0000000008000950       0x6c ./Core/Src/main.o
 .text.MX_TIM1_Init
                0x00000000080009bc       0xa0 ./Core/Src/main.o
 .text.MX_USART1_UART_Init
                0x0000000008000a5c       0x54 ./Core/Src/main.o
 .text.MX_USB_OTG_HS_HCD_Init
                0x0000000008000ab0       0x58 ./Core/Src/main.o
 .text.MX_FMC_Init
                0x0000000008000b08       0xa0 ./Core/Src/main.o
 .text.MX_GPIO_Init
                0x0000000008000ba8      0x248 ./Core/Src/main.o
 .text.HAL_TIM_PeriodElapsedCallback
                0x0000000008000df0       0x24 ./Core/Src/main.o
                0x0000000008000df0                HAL_TIM_PeriodElapsedCallback
 .text.Error_Handler
                0x0000000008000e14        0xa ./Core/Src/main.o
                0x0000000008000e14                Error_Handler
 *fill*         0x0000000008000e1e        0x2 
 .text.nRF24_CE_L
                0x0000000008000e20       0x1c ./Core/Src/radio_demo.o
 .text.nRF24_CE_H
                0x0000000008000e3c       0x1c ./Core/Src/radio_demo.o
 .text.Delay_ms
                0x0000000008000e58       0x16 ./Core/Src/radio_demo.o
 *fill*         0x0000000008000e6e        0x2 
 .text.UART_SendChar
                0x0000000008000e70       0x24 ./Core/Src/radio_demo.o
                0x0000000008000e70                UART_SendChar
 .text.UART_SendStr
                0x0000000008000e94       0x28 ./Core/Src/radio_demo.o
                0x0000000008000e94                UART_SendStr
 .text.Toggle_LED
                0x0000000008000ebc       0x18 ./Core/Src/radio_demo.o
                0x0000000008000ebc                Toggle_LED
 .text.UART_SendBufHex
                0x0000000008000ed4       0x5c ./Core/Src/radio_demo.o
                0x0000000008000ed4                UART_SendBufHex
 .text.UART_SendHex8
                0x0000000008000f30       0x3c ./Core/Src/radio_demo.o
                0x0000000008000f30                UART_SendHex8
 .text.UART_SendInt
                0x0000000008000f6c       0x94 ./Core/Src/radio_demo.o
                0x0000000008000f6c                UART_SendInt
 .text.nRF24_TransmitPacket
                0x0000000008001000       0xa0 ./Core/Src/radio_demo.o
                0x0000000008001000                nRF24_TransmitPacket
 .text.runRadio
                0x00000000080010a0      0x3fc ./Core/Src/radio_demo.o
                0x00000000080010a0                runRadio
 .text.HAL_MspInit
                0x000000000800149c       0x50 ./Core/Src/stm32f4xx_hal_msp.o
                0x000000000800149c                HAL_MspInit
 .text.HAL_CRC_MspInit
                0x00000000080014ec       0x44 ./Core/Src/stm32f4xx_hal_msp.o
                0x00000000080014ec                HAL_CRC_MspInit
 .text.HAL_DMA2D_MspInit
                0x0000000008001530       0x44 ./Core/Src/stm32f4xx_hal_msp.o
                0x0000000008001530                HAL_DMA2D_MspInit
 .text.HAL_I2C_MspInit
                0x0000000008001574       0xd4 ./Core/Src/stm32f4xx_hal_msp.o
                0x0000000008001574                HAL_I2C_MspInit
 .text.HAL_LTDC_MspInit
                0x0000000008001648      0x250 ./Core/Src/stm32f4xx_hal_msp.o
                0x0000000008001648                HAL_LTDC_MspInit
 .text.HAL_SPI_MspInit
                0x0000000008001898      0x140 ./Core/Src/stm32f4xx_hal_msp.o
                0x0000000008001898                HAL_SPI_MspInit
 .text.HAL_SPI_MspDeInit
                0x00000000080019d8       0x74 ./Core/Src/stm32f4xx_hal_msp.o
                0x00000000080019d8                HAL_SPI_MspDeInit
 .text.HAL_TIM_Base_MspInit
                0x0000000008001a4c       0x44 ./Core/Src/stm32f4xx_hal_msp.o
                0x0000000008001a4c                HAL_TIM_Base_MspInit
 .text.HAL_UART_MspInit
                0x0000000008001a90       0x90 ./Core/Src/stm32f4xx_hal_msp.o
                0x0000000008001a90                HAL_UART_MspInit
 .text.HAL_HCD_MspInit
                0x0000000008001b20       0xbc ./Core/Src/stm32f4xx_hal_msp.o
                0x0000000008001b20                HAL_HCD_MspInit
 .text.HAL_FMC_MspInit
                0x0000000008001bdc      0x124 ./Core/Src/stm32f4xx_hal_msp.o
 .text.HAL_SDRAM_MspInit
                0x0000000008001d00       0x14 ./Core/Src/stm32f4xx_hal_msp.o
                0x0000000008001d00                HAL_SDRAM_MspInit
 .text.HAL_InitTick
                0x0000000008001d14       0xf8 ./Core/Src/stm32f4xx_hal_timebase_tim.o
                0x0000000008001d14                HAL_InitTick
 .text.NMI_Handler
                0x0000000008001e0c        0x6 ./Core/Src/stm32f4xx_it.o
                0x0000000008001e0c                NMI_Handler
 .text.HardFault_Handler
                0x0000000008001e12        0x6 ./Core/Src/stm32f4xx_it.o
                0x0000000008001e12                HardFault_Handler
 .text.MemManage_Handler
                0x0000000008001e18        0x6 ./Core/Src/stm32f4xx_it.o
                0x0000000008001e18                MemManage_Handler
 .text.BusFault_Handler
                0x0000000008001e1e        0x6 ./Core/Src/stm32f4xx_it.o
                0x0000000008001e1e                BusFault_Handler
 .text.UsageFault_Handler
                0x0000000008001e24        0x6 ./Core/Src/stm32f4xx_it.o
                0x0000000008001e24                UsageFault_Handler
 .text.SVC_Handler
                0x0000000008001e2a        0xe ./Core/Src/stm32f4xx_it.o
                0x0000000008001e2a                SVC_Handler
 .text.DebugMon_Handler
                0x0000000008001e38        0xe ./Core/Src/stm32f4xx_it.o
                0x0000000008001e38                DebugMon_Handler
 .text.PendSV_Handler
                0x0000000008001e46        0xe ./Core/Src/stm32f4xx_it.o
                0x0000000008001e46                PendSV_Handler
 .text.SysTick_Handler
                0x0000000008001e54        0xe ./Core/Src/stm32f4xx_it.o
                0x0000000008001e54                SysTick_Handler
 *fill*         0x0000000008001e62        0x2 
 .text.TIM6_DAC_IRQHandler
                0x0000000008001e64       0x14 ./Core/Src/stm32f4xx_it.o
                0x0000000008001e64                TIM6_DAC_IRQHandler
 .text.OTG_HS_IRQHandler
                0x0000000008001e78       0x14 ./Core/Src/stm32f4xx_it.o
                0x0000000008001e78                OTG_HS_IRQHandler
 .text.SystemInit
                0x0000000008001e8c       0x24 ./Core/Src/system_stm32f4xx.o
                0x0000000008001e8c                SystemInit
 .text.Reset_Handler
                0x0000000008001eb0       0x50 ./Core/Startup/startup_stm32f429zitx.o
                0x0000000008001eb0                Reset_Handler
 .text.Default_Handler
                0x0000000008001f00        0x2 ./Core/Startup/startup_stm32f429zitx.o
                0x0000000008001f00                RTC_Alarm_IRQHandler
                0x0000000008001f00                HASH_RNG_IRQHandler
                0x0000000008001f00                EXTI2_IRQHandler
                0x0000000008001f00                TIM8_CC_IRQHandler
                0x0000000008001f00                UART8_IRQHandler
                0x0000000008001f00                SPI4_IRQHandler
                0x0000000008001f00                TIM1_CC_IRQHandler
                0x0000000008001f00                DMA2_Stream5_IRQHandler
                0x0000000008001f00                DMA1_Stream5_IRQHandler
                0x0000000008001f00                PVD_IRQHandler
                0x0000000008001f00                SDIO_IRQHandler
                0x0000000008001f00                TAMP_STAMP_IRQHandler
                0x0000000008001f00                CAN2_RX1_IRQHandler
                0x0000000008001f00                EXTI3_IRQHandler
                0x0000000008001f00                TIM8_TRG_COM_TIM14_IRQHandler
                0x0000000008001f00                TIM1_UP_TIM10_IRQHandler
                0x0000000008001f00                TIM8_UP_TIM13_IRQHandler
                0x0000000008001f00                I2C3_ER_IRQHandler
                0x0000000008001f00                EXTI0_IRQHandler
                0x0000000008001f00                I2C2_EV_IRQHandler
                0x0000000008001f00                DMA1_Stream2_IRQHandler
                0x0000000008001f00                CAN1_RX0_IRQHandler
                0x0000000008001f00                FPU_IRQHandler
                0x0000000008001f00                OTG_HS_WKUP_IRQHandler
                0x0000000008001f00                LTDC_ER_IRQHandler
                0x0000000008001f00                CAN2_SCE_IRQHandler
                0x0000000008001f00                DMA2_Stream2_IRQHandler
                0x0000000008001f00                SPI1_IRQHandler
                0x0000000008001f00                TIM1_BRK_TIM9_IRQHandler
                0x0000000008001f00                DCMI_IRQHandler
                0x0000000008001f00                CAN2_RX0_IRQHandler
                0x0000000008001f00                DMA2_Stream3_IRQHandler
                0x0000000008001f00                USART6_IRQHandler
                0x0000000008001f00                USART3_IRQHandler
                0x0000000008001f00                CAN1_RX1_IRQHandler
                0x0000000008001f00                UART5_IRQHandler
                0x0000000008001f00                DMA2_Stream0_IRQHandler
                0x0000000008001f00                TIM4_IRQHandler
                0x0000000008001f00                I2C1_EV_IRQHandler
                0x0000000008001f00                DMA1_Stream6_IRQHandler
                0x0000000008001f00                DMA1_Stream1_IRQHandler
                0x0000000008001f00                UART4_IRQHandler
                0x0000000008001f00                TIM3_IRQHandler
                0x0000000008001f00                RCC_IRQHandler
                0x0000000008001f00                TIM8_BRK_TIM12_IRQHandler
                0x0000000008001f00                Default_Handler
                0x0000000008001f00                EXTI15_10_IRQHandler
                0x0000000008001f00                ADC_IRQHandler
                0x0000000008001f00                DMA1_Stream7_IRQHandler
                0x0000000008001f00                SPI5_IRQHandler
                0x0000000008001f00                TIM7_IRQHandler
                0x0000000008001f00                CAN2_TX_IRQHandler
                0x0000000008001f00                TIM5_IRQHandler
                0x0000000008001f00                DMA2_Stream7_IRQHandler
                0x0000000008001f00                I2C3_EV_IRQHandler
                0x0000000008001f00                EXTI9_5_IRQHandler
                0x0000000008001f00                RTC_WKUP_IRQHandler
                0x0000000008001f00                LTDC_IRQHandler
                0x0000000008001f00                ETH_WKUP_IRQHandler
                0x0000000008001f00                SPI2_IRQHandler
                0x0000000008001f00                OTG_HS_EP1_IN_IRQHandler
                0x0000000008001f00                DMA1_Stream0_IRQHandler
                0x0000000008001f00                CAN1_TX_IRQHandler
                0x0000000008001f00                EXTI4_IRQHandler
                0x0000000008001f00                ETH_IRQHandler
                0x0000000008001f00                OTG_HS_EP1_OUT_IRQHandler
                0x0000000008001f00                WWDG_IRQHandler
                0x0000000008001f00                SPI6_IRQHandler
                0x0000000008001f00                TIM2_IRQHandler
                0x0000000008001f00                OTG_FS_WKUP_IRQHandler
                0x0000000008001f00                TIM1_TRG_COM_TIM11_IRQHandler
                0x0000000008001f00                DMA2D_IRQHandler
                0x0000000008001f00                EXTI1_IRQHandler
                0x0000000008001f00                UART7_IRQHandler
                0x0000000008001f00                USART2_IRQHandler
                0x0000000008001f00                I2C2_ER_IRQHandler
                0x0000000008001f00                DMA2_Stream1_IRQHandler
                0x0000000008001f00                CAN1_SCE_IRQHandler
                0x0000000008001f00                FLASH_IRQHandler
                0x0000000008001f00                DMA2_Stream4_IRQHandler
                0x0000000008001f00                USART1_IRQHandler
                0x0000000008001f00                OTG_FS_IRQHandler
                0x0000000008001f00                SPI3_IRQHandler
                0x0000000008001f00                DMA1_Stream4_IRQHandler
                0x0000000008001f00                I2C1_ER_IRQHandler
                0x0000000008001f00                FMC_IRQHandler
                0x0000000008001f00                DMA2_Stream6_IRQHandler
                0x0000000008001f00                SAI1_IRQHandler
                0x0000000008001f00                DMA1_Stream3_IRQHandler
 .text.ili9341_Init
                0x0000000008001f02      0x294 ./Drivers/BSP/Components/ili9341/ili9341.o
                0x0000000008001f02                ili9341_Init
 .text.ili9341_ReadID
                0x0000000008002196       0x18 ./Drivers/BSP/Components/ili9341/ili9341.o
                0x0000000008002196                ili9341_ReadID
 .text.ili9341_DisplayOn
                0x00000000080021ae        0xe ./Drivers/BSP/Components/ili9341/ili9341.o
                0x00000000080021ae                ili9341_DisplayOn
 .text.ili9341_DisplayOff
                0x00000000080021bc        0xe ./Drivers/BSP/Components/ili9341/ili9341.o
                0x00000000080021bc                ili9341_DisplayOff
 .text.ili9341_WriteReg
                0x00000000080021ca       0x1a ./Drivers/BSP/Components/ili9341/ili9341.o
                0x00000000080021ca                ili9341_WriteReg
 .text.ili9341_WriteData
                0x00000000080021e4       0x1a ./Drivers/BSP/Components/ili9341/ili9341.o
                0x00000000080021e4                ili9341_WriteData
 .text.ili9341_ReadData
                0x00000000080021fe       0x26 ./Drivers/BSP/Components/ili9341/ili9341.o
                0x00000000080021fe                ili9341_ReadData
 .text.ili9341_GetLcdPixelWidth
                0x0000000008002224       0x10 ./Drivers/BSP/Components/ili9341/ili9341.o
                0x0000000008002224                ili9341_GetLcdPixelWidth
 .text.ili9341_GetLcdPixelHeight
                0x0000000008002234       0x12 ./Drivers/BSP/Components/ili9341/ili9341.o
                0x0000000008002234                ili9341_GetLcdPixelHeight
 *fill*         0x0000000008002246        0x2 
 .text.BSP_LED_Init
                0x0000000008002248       0xa8 ./Drivers/BSP/STM32F429I-Discovery/stm32f429i_discovery.o
                0x0000000008002248                BSP_LED_Init
 .text.SPIx_Init
                0x00000000080022f0       0x74 ./Drivers/BSP/STM32F429I-Discovery/stm32f429i_discovery.o
 .text.SPIx_Read
                0x0000000008002364       0x40 ./Drivers/BSP/STM32F429I-Discovery/stm32f429i_discovery.o
 .text.SPIx_Write
                0x00000000080023a4       0x3c ./Drivers/BSP/STM32F429I-Discovery/stm32f429i_discovery.o
 .text.SPIx_Error
                0x00000000080023e0       0x18 ./Drivers/BSP/STM32F429I-Discovery/stm32f429i_discovery.o
 .text.SPIx_MspInit
                0x00000000080023f8       0x74 ./Drivers/BSP/STM32F429I-Discovery/stm32f429i_discovery.o
 .text.LCD_IO_Init
                0x000000000800246c       0xf0 ./Drivers/BSP/STM32F429I-Discovery/stm32f429i_discovery.o
                0x000000000800246c                LCD_IO_Init
 .text.LCD_IO_WriteData
                0x000000000800255c       0x44 ./Drivers/BSP/STM32F429I-Discovery/stm32f429i_discovery.o
                0x000000000800255c                LCD_IO_WriteData
 .text.LCD_IO_WriteReg
                0x00000000080025a0       0x44 ./Drivers/BSP/STM32F429I-Discovery/stm32f429i_discovery.o
                0x00000000080025a0                LCD_IO_WriteReg
 .text.LCD_IO_ReadData
                0x00000000080025e4       0x64 ./Drivers/BSP/STM32F429I-Discovery/stm32f429i_discovery.o
                0x00000000080025e4                LCD_IO_ReadData
 .text.LCD_Delay
                0x0000000008002648       0x16 ./Drivers/BSP/STM32F429I-Discovery/stm32f429i_discovery.o
                0x0000000008002648                LCD_Delay
 *fill*         0x000000000800265e        0x2 
 .text.BSP_LCD_Init
                0x0000000008002660       0xd4 ./Drivers/BSP/STM32F429I-Discovery/stm32f429i_discovery_lcd.o
                0x0000000008002660                BSP_LCD_Init
 .text.BSP_LCD_GetXSize
                0x0000000008002734       0x18 ./Drivers/BSP/STM32F429I-Discovery/stm32f429i_discovery_lcd.o
                0x0000000008002734                BSP_LCD_GetXSize
 .text.BSP_LCD_GetYSize
                0x000000000800274c       0x18 ./Drivers/BSP/STM32F429I-Discovery/stm32f429i_discovery_lcd.o
                0x000000000800274c                BSP_LCD_GetYSize
 .text.BSP_LCD_LayerDefaultInit
                0x0000000008002764       0xc8 ./Drivers/BSP/STM32F429I-Discovery/stm32f429i_discovery_lcd.o
                0x0000000008002764                BSP_LCD_LayerDefaultInit
 .text.BSP_LCD_SelectLayer
                0x000000000800282c       0x20 ./Drivers/BSP/STM32F429I-Discovery/stm32f429i_discovery_lcd.o
                0x000000000800282c                BSP_LCD_SelectLayer
 .text.BSP_LCD_SetTextColor
                0x000000000800284c       0x30 ./Drivers/BSP/STM32F429I-Discovery/stm32f429i_discovery_lcd.o
                0x000000000800284c                BSP_LCD_SetTextColor
 .text.BSP_LCD_SetBackColor
                0x000000000800287c       0x34 ./Drivers/BSP/STM32F429I-Discovery/stm32f429i_discovery_lcd.o
                0x000000000800287c                BSP_LCD_SetBackColor
 .text.BSP_LCD_SetFont
                0x00000000080028b0       0x34 ./Drivers/BSP/STM32F429I-Discovery/stm32f429i_discovery_lcd.o
                0x00000000080028b0                BSP_LCD_SetFont
 .text.BSP_LCD_GetFont
                0x00000000080028e4       0x2c ./Drivers/BSP/STM32F429I-Discovery/stm32f429i_discovery_lcd.o
                0x00000000080028e4                BSP_LCD_GetFont
 .text.BSP_LCD_Clear
                0x0000000008002910       0x50 ./Drivers/BSP/STM32F429I-Discovery/stm32f429i_discovery_lcd.o
                0x0000000008002910                BSP_LCD_Clear
 .text.BSP_LCD_DisplayChar
                0x0000000008002960       0x88 ./Drivers/BSP/STM32F429I-Discovery/stm32f429i_discovery_lcd.o
                0x0000000008002960                BSP_LCD_DisplayChar
 .text.BSP_LCD_DisplayStringAt
                0x00000000080029e8      0x17c ./Drivers/BSP/STM32F429I-Discovery/stm32f429i_discovery_lcd.o
                0x00000000080029e8                BSP_LCD_DisplayStringAt
 .text.BSP_LCD_DisplayStringAtLine
                0x0000000008002b64       0x2e ./Drivers/BSP/STM32F429I-Discovery/stm32f429i_discovery_lcd.o
                0x0000000008002b64                BSP_LCD_DisplayStringAtLine
 *fill*         0x0000000008002b92        0x2 
 .text.BSP_LCD_DisplayOn
                0x0000000008002b94       0x20 ./Drivers/BSP/STM32F429I-Discovery/stm32f429i_discovery_lcd.o
                0x0000000008002b94                BSP_LCD_DisplayOn
 .text.BSP_LCD_MspInit
                0x0000000008002bb4      0x1ac ./Drivers/BSP/STM32F429I-Discovery/stm32f429i_discovery_lcd.o
                0x0000000008002bb4                BSP_LCD_MspInit
 .text.BSP_LCD_DrawPixel
                0x0000000008002d60       0x4c ./Drivers/BSP/STM32F429I-Discovery/stm32f429i_discovery_lcd.o
                0x0000000008002d60                BSP_LCD_DrawPixel
 .text.DrawChar
                0x0000000008002dac      0x174 ./Drivers/BSP/STM32F429I-Discovery/stm32f429i_discovery_lcd.o
 .text.FillBuffer
                0x0000000008002f20       0x70 ./Drivers/BSP/STM32F429I-Discovery/stm32f429i_discovery_lcd.o
 .text.BSP_SDRAM_Init
                0x0000000008002f90       0xbc ./Drivers/BSP/STM32F429I-Discovery/stm32f429i_discovery_sdram.o
                0x0000000008002f90                BSP_SDRAM_Init
 .text.BSP_SDRAM_Initialization_sequence
                0x000000000800304c       0xc0 ./Drivers/BSP/STM32F429I-Discovery/stm32f429i_discovery_sdram.o
                0x000000000800304c                BSP_SDRAM_Initialization_sequence
 .text.BSP_SDRAM_MspInit
                0x000000000800310c      0x218 ./Drivers/BSP/STM32F429I-Discovery/stm32f429i_discovery_sdram.o
                0x000000000800310c                BSP_SDRAM_MspInit
 .text.nRF24_CSN_L
                0x0000000008003324       0x1c ./Drivers/NRF24L01/nrf24.o
 .text.nRF24_CSN_H
                0x0000000008003340       0x1c ./Drivers/NRF24L01/nrf24.o
 .text.nRF24_LL_RW
                0x000000000800335c       0x38 ./Drivers/NRF24L01/nrf24.o
 .text.nRF24_ReadReg
                0x0000000008003394       0x34 ./Drivers/NRF24L01/nrf24.o
 .text.nRF24_WriteReg
                0x00000000080033c8       0x70 ./Drivers/NRF24L01/nrf24.o
 .text.nRF24_ReadMBReg
                0x0000000008003438       0x44 ./Drivers/NRF24L01/nrf24.o
 .text.nRF24_WriteMBReg
                0x000000000800347c       0x42 ./Drivers/NRF24L01/nrf24.o
 .text.nRF24_Init
                0x00000000080034be       0x98 ./Drivers/NRF24L01/nrf24.o
                0x00000000080034be                nRF24_Init
 *fill*         0x0000000008003556        0x2 
 .text.nRF24_Check
                0x0000000008003558       0x5c ./Drivers/NRF24L01/nrf24.o
                0x0000000008003558                nRF24_Check
 .text.nRF24_SetPowerMode
                0x00000000080035b4       0x3e ./Drivers/NRF24L01/nrf24.o
                0x00000000080035b4                nRF24_SetPowerMode
 .text.nRF24_SetOperationalMode
                0x00000000080035f2       0x42 ./Drivers/NRF24L01/nrf24.o
                0x00000000080035f2                nRF24_SetOperationalMode
 .text.nRF24_SetDynamicPayloadLength
                0x0000000008003634       0x54 ./Drivers/NRF24L01/nrf24.o
                0x0000000008003634                nRF24_SetDynamicPayloadLength
 .text.nRF24_SetPayloadWithAck
                0x0000000008003688       0x44 ./Drivers/NRF24L01/nrf24.o
                0x0000000008003688                nRF24_SetPayloadWithAck
 .text.nRF24_SetCRCScheme
                0x00000000080036cc       0x42 ./Drivers/NRF24L01/nrf24.o
                0x00000000080036cc                nRF24_SetCRCScheme
 .text.nRF24_SetRFChannel
                0x000000000800370e       0x1c ./Drivers/NRF24L01/nrf24.o
                0x000000000800370e                nRF24_SetRFChannel
 .text.nRF24_SetAutoRetr
                0x000000000800372a       0x36 ./Drivers/NRF24L01/nrf24.o
                0x000000000800372a                nRF24_SetAutoRetr
 .text.nRF24_SetAddrWidth
                0x0000000008003760       0x20 ./Drivers/NRF24L01/nrf24.o
                0x0000000008003760                nRF24_SetAddrWidth
 .text.nRF24_SetAddr
                0x0000000008003780       0x94 ./Drivers/NRF24L01/nrf24.o
                0x0000000008003780                nRF24_SetAddr
 .text.nRF24_SetTXPower
                0x0000000008003814       0x36 ./Drivers/NRF24L01/nrf24.o
                0x0000000008003814                nRF24_SetTXPower
 .text.nRF24_SetDataRate
                0x000000000800384a       0x36 ./Drivers/NRF24L01/nrf24.o
                0x000000000800384a                nRF24_SetDataRate
 .text.nRF24_EnableAA
                0x0000000008003880       0x3a ./Drivers/NRF24L01/nrf24.o
                0x0000000008003880                nRF24_EnableAA
 .text.nRF24_GetStatus
                0x00000000080038ba       0x10 ./Drivers/NRF24L01/nrf24.o
                0x00000000080038ba                nRF24_GetStatus
 .text.nRF24_GetRetransmitCounters
                0x00000000080038ca       0x10 ./Drivers/NRF24L01/nrf24.o
                0x00000000080038ca                nRF24_GetRetransmitCounters
 .text.nRF24_ResetPLOS
                0x00000000080038da       0x22 ./Drivers/NRF24L01/nrf24.o
                0x00000000080038da                nRF24_ResetPLOS
 .text.nRF24_FlushTX
                0x00000000080038fc       0x10 ./Drivers/NRF24L01/nrf24.o
                0x00000000080038fc                nRF24_FlushTX
 .text.nRF24_FlushRX
                0x000000000800390c       0x10 ./Drivers/NRF24L01/nrf24.o
                0x000000000800390c                nRF24_FlushRX
 .text.nRF24_ClearIRQFlags
                0x000000000800391c       0x2a ./Drivers/NRF24L01/nrf24.o
                0x000000000800391c                nRF24_ClearIRQFlags
 .text.nRF24_WritePayload
                0x0000000008003946       0x20 ./Drivers/NRF24L01/nrf24.o
                0x0000000008003946                nRF24_WritePayload
 .text.nRF24_GetRxDplPayloadWidth
                0x0000000008003966       0x28 ./Drivers/NRF24L01/nrf24.o
 *fill*         0x000000000800398e        0x2 
 .text.nRF24_ReadPayloadGeneric
                0x0000000008003990       0x90 ./Drivers/NRF24L01/nrf24.o
 .text.nRF24_ReadPayloadDpl
                0x0000000008003a20       0x1e ./Drivers/NRF24L01/nrf24.o
                0x0000000008003a20                nRF24_ReadPayloadDpl
 *fill*         0x0000000008003a3e        0x2 
 .text.HAL_Init
                0x0000000008003a40       0x44 ./Drivers/STM32F4xx_HAL_Driver/Src/stm32f4xx_hal.o
                0x0000000008003a40                HAL_Init
 .text.HAL_IncTick
                0x0000000008003a84       0x28 ./Drivers/STM32F4xx_HAL_Driver/Src/stm32f4xx_hal.o
                0x0000000008003a84                HAL_IncTick
 .text.HAL_GetTick
                0x0000000008003aac       0x18 ./Drivers/STM32F4xx_HAL_Driver/Src/stm32f4xx_hal.o
                0x0000000008003aac                HAL_GetTick
 .text.HAL_Delay
                0x0000000008003ac4       0x48 ./Drivers/STM32F4xx_HAL_Driver/Src/stm32f4xx_hal.o
                0x0000000008003ac4                HAL_Delay
 .text.__NVIC_SetPriorityGrouping
                0x0000000008003b0c       0x48 ./Drivers/STM32F4xx_HAL_Driver/Src/stm32f4xx_hal_cortex.o
 .text.__NVIC_GetPriorityGrouping
                0x0000000008003b54       0x1c ./Drivers/STM32F4xx_HAL_Driver/Src/stm32f4xx_hal_cortex.o
 .text.__NVIC_EnableIRQ
                0x0000000008003b70       0x3c ./Drivers/STM32F4xx_HAL_Driver/Src/stm32f4xx_hal_cortex.o
 .text.__NVIC_SetPriority
                0x0000000008003bac       0x54 ./Drivers/STM32F4xx_HAL_Driver/Src/stm32f4xx_hal_cortex.o
 .text.NVIC_EncodePriority
                0x0000000008003c00       0x66 ./Drivers/STM32F4xx_HAL_Driver/Src/stm32f4xx_hal_cortex.o
 .text.HAL_NVIC_SetPriorityGrouping
                0x0000000008003c66       0x16 ./Drivers/STM32F4xx_HAL_Driver/Src/stm32f4xx_hal_cortex.o
                0x0000000008003c66                HAL_NVIC_SetPriorityGrouping
 .text.HAL_NVIC_SetPriority
                0x0000000008003c7c       0x38 ./Drivers/STM32F4xx_HAL_Driver/Src/stm32f4xx_hal_cortex.o
                0x0000000008003c7c                HAL_NVIC_SetPriority
 .text.HAL_NVIC_EnableIRQ
                0x0000000008003cb4       0x1c ./Drivers/STM32F4xx_HAL_Driver/Src/stm32f4xx_hal_cortex.o
                0x0000000008003cb4                HAL_NVIC_EnableIRQ
 .text.HAL_CRC_Init
                0x0000000008003cd0       0x38 ./Drivers/STM32F4xx_HAL_Driver/Src/stm32f4xx_hal_crc.o
                0x0000000008003cd0                HAL_CRC_Init
 .text.HAL_DMA_Init
                0x0000000008003d08      0x15c ./Drivers/STM32F4xx_HAL_Driver/Src/stm32f4xx_hal_dma.o
                0x0000000008003d08                HAL_DMA_Init
 .text.HAL_DMA_DeInit
                0x0000000008003e64       0xbc ./Drivers/STM32F4xx_HAL_Driver/Src/stm32f4xx_hal_dma.o
                0x0000000008003e64                HAL_DMA_DeInit
 .text.DMA_CalcBaseAndBitshift
                0x0000000008003f20       0x6c ./Drivers/STM32F4xx_HAL_Driver/Src/stm32f4xx_hal_dma.o
 .text.DMA_CheckFifoParam
                0x0000000008003f8c       0xf8 ./Drivers/STM32F4xx_HAL_Driver/Src/stm32f4xx_hal_dma.o
 .text.HAL_DMA2D_Init
                0x0000000008004084       0x92 ./Drivers/STM32F4xx_HAL_Driver/Src/stm32f4xx_hal_dma2d.o
                0x0000000008004084                HAL_DMA2D_Init
 .text.HAL_DMA2D_Start
                0x0000000008004116       0x56 ./Drivers/STM32F4xx_HAL_Driver/Src/stm32f4xx_hal_dma2d.o
                0x0000000008004116                HAL_DMA2D_Start
 .text.HAL_DMA2D_PollForTransfer
                0x000000000800416c      0x1d2 ./Drivers/STM32F4xx_HAL_Driver/Src/stm32f4xx_hal_dma2d.o
                0x000000000800416c                HAL_DMA2D_PollForTransfer
 *fill*         0x000000000800433e        0x2 
 .text.HAL_DMA2D_ConfigLayer
                0x0000000008004340      0x124 ./Drivers/STM32F4xx_HAL_Driver/Src/stm32f4xx_hal_dma2d.o
                0x0000000008004340                HAL_DMA2D_ConfigLayer
 .text.DMA2D_SetConfig
                0x0000000008004464      0x138 ./Drivers/STM32F4xx_HAL_Driver/Src/stm32f4xx_hal_dma2d.o
 .text.HAL_GPIO_Init
                0x000000000800459c      0x358 ./Drivers/STM32F4xx_HAL_Driver/Src/stm32f4xx_hal_gpio.o
                0x000000000800459c                HAL_GPIO_Init
 .text.HAL_GPIO_DeInit
                0x00000000080048f4      0x218 ./Drivers/STM32F4xx_HAL_Driver/Src/stm32f4xx_hal_gpio.o
                0x00000000080048f4                HAL_GPIO_DeInit
 .text.HAL_GPIO_WritePin
                0x0000000008004b0c       0x32 ./Drivers/STM32F4xx_HAL_Driver/Src/stm32f4xx_hal_gpio.o
                0x0000000008004b0c                HAL_GPIO_WritePin
 .text.HAL_GPIO_TogglePin
                0x0000000008004b3e       0x34 ./Drivers/STM32F4xx_HAL_Driver/Src/stm32f4xx_hal_gpio.o
                0x0000000008004b3e                HAL_GPIO_TogglePin
 .text.HAL_HCD_Init
                0x0000000008004b72       0xc4 ./Drivers/STM32F4xx_HAL_Driver/Src/stm32f4xx_hal_hcd.o
                0x0000000008004b72                HAL_HCD_Init
 .text.HAL_HCD_IRQHandler
                0x0000000008004c36      0x216 ./Drivers/STM32F4xx_HAL_Driver/Src/stm32f4xx_hal_hcd.o
                0x0000000008004c36                HAL_HCD_IRQHandler
 .text.HAL_HCD_SOF_Callback
                0x0000000008004e4c       0x14 ./Drivers/STM32F4xx_HAL_Driver/Src/stm32f4xx_hal_hcd.o
                0x0000000008004e4c                HAL_HCD_SOF_Callback
 .text.HAL_HCD_Connect_Callback
                0x0000000008004e60       0x14 ./Drivers/STM32F4xx_HAL_Driver/Src/stm32f4xx_hal_hcd.o
                0x0000000008004e60                HAL_HCD_Connect_Callback
 .text.HAL_HCD_Disconnect_Callback
                0x0000000008004e74       0x14 ./Drivers/STM32F4xx_HAL_Driver/Src/stm32f4xx_hal_hcd.o
                0x0000000008004e74                HAL_HCD_Disconnect_Callback
 .text.HAL_HCD_PortEnabled_Callback
                0x0000000008004e88       0x14 ./Drivers/STM32F4xx_HAL_Driver/Src/stm32f4xx_hal_hcd.o
                0x0000000008004e88                HAL_HCD_PortEnabled_Callback
 .text.HAL_HCD_PortDisabled_Callback
                0x0000000008004e9c       0x14 ./Drivers/STM32F4xx_HAL_Driver/Src/stm32f4xx_hal_hcd.o
                0x0000000008004e9c                HAL_HCD_PortDisabled_Callback
 .text.HAL_HCD_HC_NotifyURBChange_Callback
                0x0000000008004eb0       0x1c ./Drivers/STM32F4xx_HAL_Driver/Src/stm32f4xx_hal_hcd.o
                0x0000000008004eb0                HAL_HCD_HC_NotifyURBChange_Callback
 .text.HCD_HC_IN_IRQHandler
                0x0000000008004ecc      0x6aa ./Drivers/STM32F4xx_HAL_Driver/Src/stm32f4xx_hal_hcd.o
 .text.HCD_HC_OUT_IRQHandler
                0x0000000008005576      0x6d2 ./Drivers/STM32F4xx_HAL_Driver/Src/stm32f4xx_hal_hcd.o
 .text.HCD_RXQLVL_IRQHandler
                0x0000000008005c48      0x1a4 ./Drivers/STM32F4xx_HAL_Driver/Src/stm32f4xx_hal_hcd.o
 .text.HCD_Port_IRQHandler
                0x0000000008005dec       0xe6 ./Drivers/STM32F4xx_HAL_Driver/Src/stm32f4xx_hal_hcd.o
 *fill*         0x0000000008005ed2        0x2 
 .text.HAL_I2C_Init
                0x0000000008005ed4      0x288 ./Drivers/STM32F4xx_HAL_Driver/Src/stm32f4xx_hal_i2c.o
                0x0000000008005ed4                HAL_I2C_Init
 .text.HAL_I2CEx_ConfigAnalogFilter
                0x000000000800615c       0x78 ./Drivers/STM32F4xx_HAL_Driver/Src/stm32f4xx_hal_i2c_ex.o
                0x000000000800615c                HAL_I2CEx_ConfigAnalogFilter
 .text.HAL_I2CEx_ConfigDigitalFilter
                0x00000000080061d4       0x7e ./Drivers/STM32F4xx_HAL_Driver/Src/stm32f4xx_hal_i2c_ex.o
                0x00000000080061d4                HAL_I2CEx_ConfigDigitalFilter
 *fill*         0x0000000008006252        0x2 
 .text.HAL_LTDC_Init
                0x0000000008006254      0x1a0 ./Drivers/STM32F4xx_HAL_Driver/Src/stm32f4xx_hal_ltdc.o
                0x0000000008006254                HAL_LTDC_Init
 .text.HAL_LTDC_ConfigLayer
                0x00000000080063f4       0x7c ./Drivers/STM32F4xx_HAL_Driver/Src/stm32f4xx_hal_ltdc.o
                0x00000000080063f4                HAL_LTDC_ConfigLayer
 .text.HAL_LTDC_EnableDither
                0x0000000008006470       0x54 ./Drivers/STM32F4xx_HAL_Driver/Src/stm32f4xx_hal_ltdc.o
                0x0000000008006470                HAL_LTDC_EnableDither
 .text.LTDC_SetConfig
                0x00000000080064c4      0x32e ./Drivers/STM32F4xx_HAL_Driver/Src/stm32f4xx_hal_ltdc.o
 *fill*         0x00000000080067f2        0x2 
 .text.HAL_PWREx_EnableOverDrive
                0x00000000080067f4       0xa0 ./Drivers/STM32F4xx_HAL_Driver/Src/stm32f4xx_hal_pwr_ex.o
                0x00000000080067f4                HAL_PWREx_EnableOverDrive
 .text.HAL_RCC_OscConfig
                0x0000000008006894      0x4f0 ./Drivers/STM32F4xx_HAL_Driver/Src/stm32f4xx_hal_rcc.o
                0x0000000008006894                HAL_RCC_OscConfig
 .text.HAL_RCC_ClockConfig
                0x0000000008006d84      0x1cc ./Drivers/STM32F4xx_HAL_Driver/Src/stm32f4xx_hal_rcc.o
                0x0000000008006d84                HAL_RCC_ClockConfig
 .text.HAL_RCC_GetSysClockFreq
                0x0000000008006f50      0x20c ./Drivers/STM32F4xx_HAL_Driver/Src/stm32f4xx_hal_rcc.o
                0x0000000008006f50                HAL_RCC_GetSysClockFreq
 .text.HAL_RCC_GetHCLKFreq
                0x000000000800715c       0x18 ./Drivers/STM32F4xx_HAL_Driver/Src/stm32f4xx_hal_rcc.o
                0x000000000800715c                HAL_RCC_GetHCLKFreq
 .text.HAL_RCC_GetPCLK1Freq
                0x0000000008007174       0x28 ./Drivers/STM32F4xx_HAL_Driver/Src/stm32f4xx_hal_rcc.o
                0x0000000008007174                HAL_RCC_GetPCLK1Freq
 .text.HAL_RCC_GetPCLK2Freq
                0x000000000800719c       0x28 ./Drivers/STM32F4xx_HAL_Driver/Src/stm32f4xx_hal_rcc.o
                0x000000000800719c                HAL_RCC_GetPCLK2Freq
 .text.HAL_RCC_GetClockConfig
                0x00000000080071c4       0x64 ./Drivers/STM32F4xx_HAL_Driver/Src/stm32f4xx_hal_rcc.o
                0x00000000080071c4                HAL_RCC_GetClockConfig
 .text.HAL_RCCEx_PeriphCLKConfig
                0x0000000008007228      0x380 ./Drivers/STM32F4xx_HAL_Driver/Src/stm32f4xx_hal_rcc_ex.o
                0x0000000008007228                HAL_RCCEx_PeriphCLKConfig
 .text.HAL_SDRAM_Init
                0x00000000080075a8       0x68 ./Drivers/STM32F4xx_HAL_Driver/Src/stm32f4xx_hal_sdram.o
                0x00000000080075a8                HAL_SDRAM_Init
 .text.HAL_SDRAM_SendCommand
                0x0000000008007610       0x6a ./Drivers/STM32F4xx_HAL_Driver/Src/stm32f4xx_hal_sdram.o
                0x0000000008007610                HAL_SDRAM_SendCommand
 .text.HAL_SDRAM_ProgramRefreshRate
                0x000000000800767a       0x50 ./Drivers/STM32F4xx_HAL_Driver/Src/stm32f4xx_hal_sdram.o
                0x000000000800767a                HAL_SDRAM_ProgramRefreshRate
 .text.HAL_SPI_Init
                0x00000000080076ca      0x112 ./Drivers/STM32F4xx_HAL_Driver/Src/stm32f4xx_hal_spi.o
                0x00000000080076ca                HAL_SPI_Init
 .text.HAL_SPI_DeInit
                0x00000000080077dc       0x50 ./Drivers/STM32F4xx_HAL_Driver/Src/stm32f4xx_hal_spi.o
                0x00000000080077dc                HAL_SPI_DeInit
 .text.HAL_SPI_Transmit
                0x000000000800782c      0x278 ./Drivers/STM32F4xx_HAL_Driver/Src/stm32f4xx_hal_spi.o
                0x000000000800782c                HAL_SPI_Transmit
 .text.HAL_SPI_Receive
                0x0000000008007aa4      0x222 ./Drivers/STM32F4xx_HAL_Driver/Src/stm32f4xx_hal_spi.o
                0x0000000008007aa4                HAL_SPI_Receive
 .text.HAL_SPI_TransmitReceive
                0x0000000008007cc6      0x344 ./Drivers/STM32F4xx_HAL_Driver/Src/stm32f4xx_hal_spi.o
                0x0000000008007cc6                HAL_SPI_TransmitReceive
 .text.HAL_SPI_GetState
                0x000000000800800a       0x1c ./Drivers/STM32F4xx_HAL_Driver/Src/stm32f4xx_hal_spi.o
                0x000000000800800a                HAL_SPI_GetState
 *fill*         0x0000000008008026        0x2 
 .text.SPI_WaitFlagStateUntilTimeout
                0x0000000008008028      0x110 ./Drivers/STM32F4xx_HAL_Driver/Src/stm32f4xx_hal_spi.o
 .text.SPI_EndRxTransaction
                0x0000000008008138       0xca ./Drivers/STM32F4xx_HAL_Driver/Src/stm32f4xx_hal_spi.o
 *fill*         0x0000000008008202        0x2 
 .text.SPI_EndRxTxTransaction
                0x0000000008008204       0x84 ./Drivers/STM32F4xx_HAL_Driver/Src/stm32f4xx_hal_spi.o
 .text.HAL_TIM_Base_Init
                0x0000000008008288       0x9e ./Drivers/STM32F4xx_HAL_Driver/Src/stm32f4xx_hal_tim.o
                0x0000000008008288                HAL_TIM_Base_Init
 *fill*         0x0000000008008326        0x2 
 .text.HAL_TIM_Base_Start_IT
                0x0000000008008328       0xe0 ./Drivers/STM32F4xx_HAL_Driver/Src/stm32f4xx_hal_tim.o
                0x0000000008008328                HAL_TIM_Base_Start_IT
 .text.HAL_TIM_IRQHandler
                0x0000000008008408      0x210 ./Drivers/STM32F4xx_HAL_Driver/Src/stm32f4xx_hal_tim.o
                0x0000000008008408                HAL_TIM_IRQHandler
 .text.HAL_TIM_ConfigClockSource
                0x0000000008008618      0x18e ./Drivers/STM32F4xx_HAL_Driver/Src/stm32f4xx_hal_tim.o
                0x0000000008008618                HAL_TIM_ConfigClockSource
 .text.HAL_TIM_OC_DelayElapsedCallback
                0x00000000080087a6       0x14 ./Drivers/STM32F4xx_HAL_Driver/Src/stm32f4xx_hal_tim.o
                0x00000000080087a6                HAL_TIM_OC_DelayElapsedCallback
 .text.HAL_TIM_IC_CaptureCallback
                0x00000000080087ba       0x14 ./Drivers/STM32F4xx_HAL_Driver/Src/stm32f4xx_hal_tim.o
                0x00000000080087ba                HAL_TIM_IC_CaptureCallback
 .text.HAL_TIM_PWM_PulseFinishedCallback
                0x00000000080087ce       0x14 ./Drivers/STM32F4xx_HAL_Driver/Src/stm32f4xx_hal_tim.o
                0x00000000080087ce                HAL_TIM_PWM_PulseFinishedCallback
 .text.HAL_TIM_TriggerCallback
                0x00000000080087e2       0x14 ./Drivers/STM32F4xx_HAL_Driver/Src/stm32f4xx_hal_tim.o
                0x00000000080087e2                HAL_TIM_TriggerCallback
 *fill*         0x00000000080087f6        0x2 
 .text.TIM_Base_SetConfig
                0x00000000080087f8      0x140 ./Drivers/STM32F4xx_HAL_Driver/Src/stm32f4xx_hal_tim.o
                0x00000000080087f8                TIM_Base_SetConfig
 .text.TIM_TI1_ConfigInputStage
                0x0000000008008938       0x5e ./Drivers/STM32F4xx_HAL_Driver/Src/stm32f4xx_hal_tim.o
 .text.TIM_TI2_ConfigInputStage
                0x0000000008008996       0x60 ./Drivers/STM32F4xx_HAL_Driver/Src/stm32f4xx_hal_tim.o
 .text.TIM_ITRx_SetConfig
                0x00000000080089f6       0x36 ./Drivers/STM32F4xx_HAL_Driver/Src/stm32f4xx_hal_tim.o
 .text.TIM_ETR_SetConfig
                0x0000000008008a2c       0x40 ./Drivers/STM32F4xx_HAL_Driver/Src/stm32f4xx_hal_tim.o
                0x0000000008008a2c                TIM_ETR_SetConfig
 .text.HAL_TIMEx_MasterConfigSynchronization
                0x0000000008008a6c       0xf8 ./Drivers/STM32F4xx_HAL_Driver/Src/stm32f4xx_hal_tim_ex.o
                0x0000000008008a6c                HAL_TIMEx_MasterConfigSynchronization
 .text.HAL_TIMEx_CommutCallback
                0x0000000008008b64       0x14 ./Drivers/STM32F4xx_HAL_Driver/Src/stm32f4xx_hal_tim_ex.o
                0x0000000008008b64                HAL_TIMEx_CommutCallback
 .text.HAL_TIMEx_BreakCallback
                0x0000000008008b78       0x14 ./Drivers/STM32F4xx_HAL_Driver/Src/stm32f4xx_hal_tim_ex.o
                0x0000000008008b78                HAL_TIMEx_BreakCallback
 .text.HAL_UART_Init
                0x0000000008008b8c       0x9a ./Drivers/STM32F4xx_HAL_Driver/Src/stm32f4xx_hal_uart.o
                0x0000000008008b8c                HAL_UART_Init
 .text.HAL_UART_Transmit
                0x0000000008008c26      0x124 ./Drivers/STM32F4xx_HAL_Driver/Src/stm32f4xx_hal_uart.o
                0x0000000008008c26                HAL_UART_Transmit
 .text.UART_WaitOnFlagUntilTimeout
                0x0000000008008d4a       0xdc ./Drivers/STM32F4xx_HAL_Driver/Src/stm32f4xx_hal_uart.o
 *fill*         0x0000000008008e26        0x2 
 .text.UART_SetConfig
                0x0000000008008e28      0x4e8 ./Drivers/STM32F4xx_HAL_Driver/Src/stm32f4xx_hal_uart.o
 .text.FMC_SDRAM_Init
                0x0000000008009310       0xba ./Drivers/STM32F4xx_HAL_Driver/Src/stm32f4xx_ll_fmc.o
                0x0000000008009310                FMC_SDRAM_Init
 .text.FMC_SDRAM_Timing_Init
                0x00000000080093ca       0xd2 ./Drivers/STM32F4xx_HAL_Driver/Src/stm32f4xx_ll_fmc.o
                0x00000000080093ca                FMC_SDRAM_Timing_Init
 .text.FMC_SDRAM_SendCommand
                0x000000000800949c       0x7a ./Drivers/STM32F4xx_HAL_Driver/Src/stm32f4xx_ll_fmc.o
                0x000000000800949c                FMC_SDRAM_SendCommand
 .text.FMC_SDRAM_ProgramRefreshRate
                0x0000000008009516       0x2e ./Drivers/STM32F4xx_HAL_Driver/Src/stm32f4xx_ll_fmc.o
                0x0000000008009516                FMC_SDRAM_ProgramRefreshRate
 .text.USB_CoreInit
                0x0000000008009544       0xc2 ./Drivers/STM32F4xx_HAL_Driver/Src/stm32f4xx_ll_usb.o
                0x0000000008009544                USB_CoreInit
 .text.USB_DisableGlobalInt
                0x0000000008009606       0x22 ./Drivers/STM32F4xx_HAL_Driver/Src/stm32f4xx_ll_usb.o
                0x0000000008009606                USB_DisableGlobalInt
 .text.USB_SetCurrentMode
                0x0000000008009628       0x98 ./Drivers/STM32F4xx_HAL_Driver/Src/stm32f4xx_ll_usb.o
                0x0000000008009628                USB_SetCurrentMode
 .text.USB_FlushTxFifo
                0x00000000080096c0       0x68 ./Drivers/STM32F4xx_HAL_Driver/Src/stm32f4xx_ll_usb.o
                0x00000000080096c0                USB_FlushTxFifo
 .text.USB_FlushRxFifo
                0x0000000008009728       0x60 ./Drivers/STM32F4xx_HAL_Driver/Src/stm32f4xx_ll_usb.o
                0x0000000008009728                USB_FlushRxFifo
 .text.USB_ReadPacket
                0x0000000008009788       0xb0 ./Drivers/STM32F4xx_HAL_Driver/Src/stm32f4xx_ll_usb.o
                0x0000000008009788                USB_ReadPacket
 .text.USB_ReadInterrupts
                0x0000000008009838       0x26 ./Drivers/STM32F4xx_HAL_Driver/Src/stm32f4xx_ll_usb.o
                0x0000000008009838                USB_ReadInterrupts
 .text.USB_GetMode
                0x000000000800985e       0x1c ./Drivers/STM32F4xx_HAL_Driver/Src/stm32f4xx_ll_usb.o
                0x000000000800985e                USB_GetMode
 *fill*         0x000000000800987a        0x2 
 .text.USB_CoreReset
                0x000000000800987c       0x68 ./Drivers/STM32F4xx_HAL_Driver/Src/stm32f4xx_ll_usb.o
 .text.USB_HostInit
                0x00000000080098e4      0x180 ./Drivers/STM32F4xx_HAL_Driver/Src/stm32f4xx_ll_usb.o
                0x00000000080098e4                USB_HostInit
 .text.USB_InitFSLSPClkSel
                0x0000000008009a64       0x74 ./Drivers/STM32F4xx_HAL_Driver/Src/stm32f4xx_ll_usb.o
                0x0000000008009a64                USB_InitFSLSPClkSel
 .text.USB_HC_ReadInterrupt
                0x0000000008009ad8       0x22 ./Drivers/STM32F4xx_HAL_Driver/Src/stm32f4xx_ll_usb.o
                0x0000000008009ad8                USB_HC_ReadInterrupt
 .text.USB_HC_Halt
                0x0000000008009afa      0x1f8 ./Drivers/STM32F4xx_HAL_Driver/Src/stm32f4xx_ll_usb.o
                0x0000000008009afa                USB_HC_Halt
 *fill*         0x0000000008009cf2        0x2 
 .text.__libc_init_array
                0x0000000008009cf4       0x48 c:/st/stm32cubeide_1.11.2/stm32cubeide/plugins/com.st.stm32cube.ide.mcu.externaltools.gnu-tools-for-stm32.10.3-2021.10.win32_1.0.100.202210260954/tools/bin/../lib/gcc/arm-none-eabi/10.3.1/../../../../arm-none-eabi/lib/thumb/v7e-m+fp/hard\libc_nano.a(lib_a-init.o)
                0x0000000008009cf4                __libc_init_array
 .text.memset   0x0000000008009d3c       0x10 c:/st/stm32cubeide_1.11.2/stm32cubeide/plugins/com.st.stm32cube.ide.mcu.externaltools.gnu-tools-for-stm32.10.3-2021.10.win32_1.0.100.202210260954/tools/bin/../lib/gcc/arm-none-eabi/10.3.1/../../../../arm-none-eabi/lib/thumb/v7e-m+fp/hard\libc_nano.a(lib_a-memset.o)
                0x0000000008009d3c                memset
 *(.glue_7)
 .glue_7        0x0000000008009d4c        0x0 linker stubs
 *(.glue_7t)
 .glue_7t       0x0000000008009d4c        0x0 linker stubs
 *(.eh_frame)
 .eh_frame      0x0000000008009d4c        0x0 c:/st/stm32cubeide_1.11.2/stm32cubeide/plugins/com.st.stm32cube.ide.mcu.externaltools.gnu-tools-for-stm32.10.3-2021.10.win32_1.0.100.202210260954/tools/bin/../lib/gcc/arm-none-eabi/10.3.1/thumb/v7e-m+fp/hard/crtbegin.o
 *(.init)
 .init          0x0000000008009d4c        0x4 c:/st/stm32cubeide_1.11.2/stm32cubeide/plugins/com.st.stm32cube.ide.mcu.externaltools.gnu-tools-for-stm32.10.3-2021.10.win32_1.0.100.202210260954/tools/bin/../lib/gcc/arm-none-eabi/10.3.1/thumb/v7e-m+fp/hard/crti.o
                0x0000000008009d4c                _init
 .init          0x0000000008009d50        0x8 c:/st/stm32cubeide_1.11.2/stm32cubeide/plugins/com.st.stm32cube.ide.mcu.externaltools.gnu-tools-for-stm32.10.3-2021.10.win32_1.0.100.202210260954/tools/bin/../lib/gcc/arm-none-eabi/10.3.1/thumb/v7e-m+fp/hard/crtn.o
 *(.fini)
 .fini          0x0000000008009d58        0x4 c:/st/stm32cubeide_1.11.2/stm32cubeide/plugins/com.st.stm32cube.ide.mcu.externaltools.gnu-tools-for-stm32.10.3-2021.10.win32_1.0.100.202210260954/tools/bin/../lib/gcc/arm-none-eabi/10.3.1/thumb/v7e-m+fp/hard/crti.o
                0x0000000008009d58                _fini
 .fini          0x0000000008009d5c        0x8 c:/st/stm32cubeide_1.11.2/stm32cubeide/plugins/com.st.stm32cube.ide.mcu.externaltools.gnu-tools-for-stm32.10.3-2021.10.win32_1.0.100.202210260954/tools/bin/../lib/gcc/arm-none-eabi/10.3.1/thumb/v7e-m+fp/hard/crtn.o
                0x0000000008009d64                . = ALIGN (0x4)
                0x0000000008009d64                _etext = .

.vfp11_veneer   0x0000000008009d64        0x0
 .vfp11_veneer  0x0000000008009d64        0x0 linker stubs

.v4_bx          0x0000000008009d64        0x0
 .v4_bx         0x0000000008009d64        0x0 linker stubs

.iplt           0x0000000008009d64        0x0
 .iplt          0x0000000008009d64        0x0 c:/st/stm32cubeide_1.11.2/stm32cubeide/plugins/com.st.stm32cube.ide.mcu.externaltools.gnu-tools-for-stm32.10.3-2021.10.win32_1.0.100.202210260954/tools/bin/../lib/gcc/arm-none-eabi/10.3.1/thumb/v7e-m+fp/hard/crtbegin.o

.rodata         0x0000000008009d64     0x1bcc
                0x0000000008009d64                . = ALIGN (0x4)
 *(.rodata)
 .rodata        0x0000000008009d64       0x10 ./Core/Src/main.o
 .rodata        0x0000000008009d74       0xc3 ./Core/Src/radio_demo.o
 *fill*         0x0000000008009e37        0x1 
 .rodata        0x0000000008009e38        0x6 ./Drivers/NRF24L01/nrf24.o
 *(.rodata*)
 *fill*         0x0000000008009e3e        0x2 
 .rodata.nRF24_ADDR.0
                0x0000000008009e40        0x3 ./Core/Src/radio_demo.o
 *fill*         0x0000000008009e43        0x1 
 .rodata.AHBPrescTable
                0x0000000008009e44       0x10 ./Core/Src/system_stm32f4xx.o
                0x0000000008009e44                AHBPrescTable
 .rodata.APBPrescTable
                0x0000000008009e54        0x8 ./Core/Src/system_stm32f4xx.o
                0x0000000008009e54                APBPrescTable
 .rodata.GPIO_PIN
                0x0000000008009e5c        0x4 ./Drivers/BSP/STM32F429I-Discovery/stm32f429i_discovery.o
                0x0000000008009e5c                GPIO_PIN
 .rodata.Font24_Table
                0x0000000008009e60     0x1ab8 ./Drivers/BSP/STM32F429I-Discovery/stm32f429i_discovery_lcd.o
                0x0000000008009e60                Font24_Table
 .rodata.nRF24_RX_PW_PIPE
                0x000000000800b918        0x6 ./Drivers/NRF24L01/nrf24.o
 *fill*         0x000000000800b91e        0x2 
 .rodata.nRF24_ADDR_REGS
                0x000000000800b920        0x7 ./Drivers/NRF24L01/nrf24.o
 *fill*         0x000000000800b927        0x1 
 .rodata.flagBitshiftOffset.0
                0x000000000800b928        0x8 ./Drivers/STM32F4xx_HAL_Driver/Src/stm32f4xx_hal_dma.o
                0x000000000800b930                . = ALIGN (0x4)

.ARM.extab      0x000000000800b930        0x0
                0x000000000800b930                . = ALIGN (0x4)
 *(.ARM.extab* .gnu.linkonce.armextab.*)
                0x000000000800b930                . = ALIGN (0x4)

.ARM            0x000000000800b930        0x8
                0x000000000800b930                . = ALIGN (0x4)
                0x000000000800b930                __exidx_start = .
 *(.ARM.exidx*)
 .ARM.exidx     0x000000000800b930        0x8 c:/st/stm32cubeide_1.11.2/stm32cubeide/plugins/com.st.stm32cube.ide.mcu.externaltools.gnu-tools-for-stm32.10.3-2021.10.win32_1.0.100.202210260954/tools/bin/../lib/gcc/arm-none-eabi/10.3.1/thumb/v7e-m+fp/hard\libgcc.a(_udivmoddi4.o)
                0x000000000800b938                __exidx_end = .
                0x000000000800b938                . = ALIGN (0x4)

.rel.dyn        0x000000000800b938        0x0
 .rel.iplt      0x000000000800b938        0x0 c:/st/stm32cubeide_1.11.2/stm32cubeide/plugins/com.st.stm32cube.ide.mcu.externaltools.gnu-tools-for-stm32.10.3-2021.10.win32_1.0.100.202210260954/tools/bin/../lib/gcc/arm-none-eabi/10.3.1/thumb/v7e-m+fp/hard/crtbegin.o

.preinit_array  0x000000000800b938        0x0
                0x000000000800b938                . = ALIGN (0x4)
                0x000000000800b938                PROVIDE (__preinit_array_start = .)
 *(.preinit_array*)
                0x000000000800b938                PROVIDE (__preinit_array_end = .)
                0x000000000800b938                . = ALIGN (0x4)

.init_array     0x000000000800b938        0x4
                0x000000000800b938                . = ALIGN (0x4)
                0x000000000800b938                PROVIDE (__init_array_start = .)
 *(SORT_BY_NAME(.init_array.*))
 *(.init_array*)
 .init_array    0x000000000800b938        0x4 c:/st/stm32cubeide_1.11.2/stm32cubeide/plugins/com.st.stm32cube.ide.mcu.externaltools.gnu-tools-for-stm32.10.3-2021.10.win32_1.0.100.202210260954/tools/bin/../lib/gcc/arm-none-eabi/10.3.1/thumb/v7e-m+fp/hard/crtbegin.o
                0x000000000800b93c                PROVIDE (__init_array_end = .)
                0x000000000800b93c                . = ALIGN (0x4)

.fini_array     0x000000000800b93c        0x4
                0x000000000800b93c                . = ALIGN (0x4)
                [!provide]                        PROVIDE (__fini_array_start = .)
 *(SORT_BY_NAME(.fini_array.*))
 *(.fini_array*)
 .fini_array    0x000000000800b93c        0x4 c:/st/stm32cubeide_1.11.2/stm32cubeide/plugins/com.st.stm32cube.ide.mcu.externaltools.gnu-tools-for-stm32.10.3-2021.10.win32_1.0.100.202210260954/tools/bin/../lib/gcc/arm-none-eabi/10.3.1/thumb/v7e-m+fp/hard/crtbegin.o
                [!provide]                        PROVIDE (__fini_array_end = .)
                0x000000000800b940                . = ALIGN (0x4)
                0x000000000800b940                _sidata = LOADADDR (.data)

.data           0x0000000020000000       0x5c load address 0x000000000800b940
                0x0000000020000000                . = ALIGN (0x4)
                0x0000000020000000                _sdata = .
 *(.data)
 *(.data*)
 .data.SystemCoreClock
                0x0000000020000000        0x4 ./Core/Src/system_stm32f4xx.o
                0x0000000020000000                SystemCoreClock
 .data.ili9341_drv
                0x0000000020000004       0x38 ./Drivers/BSP/Components/ili9341/ili9341.o
                0x0000000020000004                ili9341_drv
 .data.GPIO_PORT
                0x000000002000003c        0x8 ./Drivers/BSP/STM32F429I-Discovery/stm32f429i_discovery.o
                0x000000002000003c                GPIO_PORT
 .data.SpixTimeout
                0x0000000020000044        0x4 ./Drivers/BSP/STM32F429I-Discovery/stm32f429i_discovery.o
                0x0000000020000044                SpixTimeout
 .data.Font24   0x0000000020000048        0x8 ./Drivers/BSP/STM32F429I-Discovery/stm32f429i_discovery_lcd.o
                0x0000000020000048                Font24
 .data.sdramstatus.2
                0x0000000020000050        0x1 ./Drivers/BSP/STM32F429I-Discovery/stm32f429i_discovery_sdram.o
 *fill*         0x0000000020000051        0x3 
 .data.uwTickPrio
                0x0000000020000054        0x4 ./Drivers/STM32F4xx_HAL_Driver/Src/stm32f4xx_hal.o
                0x0000000020000054                uwTickPrio
 .data.uwTickFreq
                0x0000000020000058        0x1 ./Drivers/STM32F4xx_HAL_Driver/Src/stm32f4xx_hal.o
                0x0000000020000058                uwTickFreq
 *(.RamFunc)
 *(.RamFunc*)
                0x000000002000005c                . = ALIGN (0x4)
 *fill*         0x0000000020000059        0x3 
                0x000000002000005c                _edata = .
                0x000000000800b99c                _siccmram = LOADADDR (.ccmram)

.igot.plt       0x000000002000005c        0x0 load address 0x000000000800b99c
 .igot.plt      0x000000002000005c        0x0 c:/st/stm32cubeide_1.11.2/stm32cubeide/plugins/com.st.stm32cube.ide.mcu.externaltools.gnu-tools-for-stm32.10.3-2021.10.win32_1.0.100.202210260954/tools/bin/../lib/gcc/arm-none-eabi/10.3.1/thumb/v7e-m+fp/hard/crtbegin.o

.ccmram         0x0000000010000000        0x0 load address 0x000000000800b99c
                0x0000000010000000                . = ALIGN (0x4)
                0x0000000010000000                _sccmram = .
 *(.ccmram)
 *(.ccmram*)
                0x0000000010000000                . = ALIGN (0x4)
                0x0000000010000000                _eccmram = .
                0x0000000010000000                . = ALIGN (0x4)

.bss            0x000000002000005c      0x8a8
                0x000000002000005c                _sbss = .
                0x000000002000005c                __bss_start__ = _sbss
 *(.bss)
 .bss           0x000000002000005c       0x1c c:/st/stm32cubeide_1.11.2/stm32cubeide/plugins/com.st.stm32cube.ide.mcu.externaltools.gnu-tools-for-stm32.10.3-2021.10.win32_1.0.100.202210260954/tools/bin/../lib/gcc/arm-none-eabi/10.3.1/thumb/v7e-m+fp/hard/crtbegin.o
 *(.bss*)
 .bss.hcrc      0x0000000020000078        0x8 ./Core/Src/main.o
                0x0000000020000078                hcrc
 .bss.hdma2d    0x0000000020000080       0x40 ./Core/Src/main.o
                0x0000000020000080                hdma2d
 .bss.hi2c3     0x00000000200000c0       0x54 ./Core/Src/main.o
                0x00000000200000c0                hi2c3
 .bss.hltdc     0x0000000020000114       0xa8 ./Core/Src/main.o
                0x0000000020000114                hltdc
 .bss.hspi3     0x00000000200001bc       0x58 ./Core/Src/main.o
                0x00000000200001bc                hspi3
 .bss.hspi5     0x0000000020000214       0x58 ./Core/Src/main.o
                0x0000000020000214                hspi5
 .bss.htim1     0x000000002000026c       0x48 ./Core/Src/main.o
                0x000000002000026c                htim1
 .bss.huart1    0x00000000200002b4       0x44 ./Core/Src/main.o
                0x00000000200002b4                huart1
 .bss.hhcd_USB_OTG_HS
                0x00000000200002f8      0x304 ./Core/Src/main.o
                0x00000000200002f8                hhcd_USB_OTG_HS
 .bss.hsdram1   0x00000000200005fc       0x34 ./Core/Src/main.o
                0x00000000200005fc                hsdram1
 .bss.nRF24_payload
                0x0000000020000630       0x20 ./Core/Src/radio_demo.o
                0x0000000020000630                nRF24_payload
 .bss.i         0x0000000020000650        0x4 ./Core/Src/radio_demo.o
                0x0000000020000650                i
 .bss.j         0x0000000020000654        0x4 ./Core/Src/radio_demo.o
                0x0000000020000654                j
 .bss.k         0x0000000020000658        0x4 ./Core/Src/radio_demo.o
                0x0000000020000658                k
 .bss.payload_length
                0x000000002000065c        0x1 ./Core/Src/radio_demo.o
                0x000000002000065c                payload_length
 .bss.tx_res    0x000000002000065d        0x1 ./Core/Src/radio_demo.o
                0x000000002000065d                tx_res
 *fill*         0x000000002000065e        0x2 
 .bss.FMC_Initialized
                0x0000000020000660        0x4 ./Core/Src/stm32f4xx_hal_msp.o
 .bss.htim6     0x0000000020000664       0x48 ./Core/Src/stm32f4xx_hal_timebase_tim.o
                0x0000000020000664                htim6
 .bss.SpiHandle
                0x00000000200006ac       0x58 ./Drivers/BSP/STM32F429I-Discovery/stm32f429i_discovery.o
 .bss.Is_LCD_IO_Initialized
                0x0000000020000704        0x1 ./Drivers/BSP/STM32F429I-Discovery/stm32f429i_discovery.o
 *fill*         0x0000000020000705        0x3 
 .bss.LtdcHandler
                0x0000000020000708       0xa8 ./Drivers/BSP/STM32F429I-Discovery/stm32f429i_discovery_lcd.o
                0x0000000020000708                LtdcHandler
 .bss.Dma2dHandler
                0x00000000200007b0       0x40 ./Drivers/BSP/STM32F429I-Discovery/stm32f429i_discovery_lcd.o
 .bss.PeriphClkInitStruct
                0x00000000200007f0       0x30 ./Drivers/BSP/STM32F429I-Discovery/stm32f429i_discovery_lcd.o
 .bss.ActiveLayer
                0x0000000020000820        0x4 ./Drivers/BSP/STM32F429I-Discovery/stm32f429i_discovery_lcd.o
 .bss.DrawProp  0x0000000020000824       0x18 ./Drivers/BSP/STM32F429I-Discovery/stm32f429i_discovery_lcd.o
 .bss.LcdDrv    0x000000002000083c        0x4 ./Drivers/BSP/STM32F429I-Discovery/stm32f429i_discovery_lcd.o
                0x000000002000083c                LcdDrv
 .bss.SdramHandle
                0x0000000020000840       0x34 ./Drivers/BSP/STM32F429I-Discovery/stm32f429i_discovery_sdram.o
 .bss.Timing    0x0000000020000874       0x1c ./Drivers/BSP/STM32F429I-Discovery/stm32f429i_discovery_sdram.o
 .bss.Command   0x0000000020000890       0x10 ./Drivers/BSP/STM32F429I-Discovery/stm32f429i_discovery_sdram.o
 .bss.dmaHandle.1
                0x00000000200008a0       0x60 ./Drivers/BSP/STM32F429I-Discovery/stm32f429i_discovery_sdram.o
 .bss.uwTick    0x0000000020000900        0x4 ./Drivers/STM32F4xx_HAL_Driver/Src/stm32f4xx_hal.o
                0x0000000020000900                uwTick
 *(COMMON)
                0x0000000020000904                . = ALIGN (0x4)
                0x0000000020000904                _ebss = .
                0x0000000020000904                __bss_end__ = _ebss

._user_heap_stack
                0x0000000020000904      0x604
                0x0000000020000908                . = ALIGN (0x8)
 *fill*         0x0000000020000904        0x4 
                [!provide]                        PROVIDE (end = .)
                0x0000000020000908                PROVIDE (_end = .)
                0x0000000020000b08                . = (. + _Min_Heap_Size)
 *fill*         0x0000000020000908      0x200 
                0x0000000020000f08                . = (. + _Min_Stack_Size)
 *fill*         0x0000000020000b08      0x400 
                0x0000000020000f08                . = ALIGN (0x8)

/DISCARD/
 libc.a(*)
 libm.a(*)
 libgcc.a(*)

.ARM.attributes
                0x0000000000000000       0x30
 *(.ARM.attributes)
 .ARM.attributes
                0x0000000000000000       0x1e c:/st/stm32cubeide_1.11.2/stm32cubeide/plugins/com.st.stm32cube.ide.mcu.externaltools.gnu-tools-for-stm32.10.3-2021.10.win32_1.0.100.202210260954/tools/bin/../lib/gcc/arm-none-eabi/10.3.1/thumb/v7e-m+fp/hard/crti.o
 .ARM.attributes
                0x000000000000001e       0x34 c:/st/stm32cubeide_1.11.2/stm32cubeide/plugins/com.st.stm32cube.ide.mcu.externaltools.gnu-tools-for-stm32.10.3-2021.10.win32_1.0.100.202210260954/tools/bin/../lib/gcc/arm-none-eabi/10.3.1/thumb/v7e-m+fp/hard/crtbegin.o
 .ARM.attributes
                0x0000000000000052       0x34 ./Core/Src/main.o
 .ARM.attributes
                0x0000000000000086       0x34 ./Core/Src/radio_demo.o
 .ARM.attributes
                0x00000000000000ba       0x34 ./Core/Src/stm32f4xx_hal_msp.o
 .ARM.attributes
                0x00000000000000ee       0x34 ./Core/Src/stm32f4xx_hal_timebase_tim.o
 .ARM.attributes
                0x0000000000000122       0x34 ./Core/Src/stm32f4xx_it.o
 .ARM.attributes
                0x0000000000000156       0x34 ./Core/Src/system_stm32f4xx.o
 .ARM.attributes
                0x000000000000018a       0x21 ./Core/Startup/startup_stm32f429zitx.o
 .ARM.attributes
                0x00000000000001ab       0x34 ./Drivers/BSP/Components/ili9341/ili9341.o
 .ARM.attributes
                0x00000000000001df       0x34 ./Drivers/BSP/STM32F429I-Discovery/stm32f429i_discovery.o
 .ARM.attributes
                0x0000000000000213       0x34 ./Drivers/BSP/STM32F429I-Discovery/stm32f429i_discovery_lcd.o
 .ARM.attributes
                0x0000000000000247       0x34 ./Drivers/BSP/STM32F429I-Discovery/stm32f429i_discovery_sdram.o
 .ARM.attributes
                0x000000000000027b       0x34 ./Drivers/NRF24L01/nrf24.o
 .ARM.attributes
                0x00000000000002af       0x34 ./Drivers/STM32F4xx_HAL_Driver/Src/stm32f4xx_hal.o
 .ARM.attributes
                0x00000000000002e3       0x34 ./Drivers/STM32F4xx_HAL_Driver/Src/stm32f4xx_hal_cortex.o
 .ARM.attributes
                0x0000000000000317       0x34 ./Drivers/STM32F4xx_HAL_Driver/Src/stm32f4xx_hal_crc.o
 .ARM.attributes
                0x000000000000034b       0x34 ./Drivers/STM32F4xx_HAL_Driver/Src/stm32f4xx_hal_dma.o
 .ARM.attributes
                0x000000000000037f       0x34 ./Drivers/STM32F4xx_HAL_Driver/Src/stm32f4xx_hal_dma2d.o
 .ARM.attributes
                0x00000000000003b3       0x34 ./Drivers/STM32F4xx_HAL_Driver/Src/stm32f4xx_hal_gpio.o
 .ARM.attributes
                0x00000000000003e7       0x34 ./Drivers/STM32F4xx_HAL_Driver/Src/stm32f4xx_hal_hcd.o
 .ARM.attributes
                0x000000000000041b       0x34 ./Drivers/STM32F4xx_HAL_Driver/Src/stm32f4xx_hal_i2c.o
 .ARM.attributes
                0x000000000000044f       0x34 ./Drivers/STM32F4xx_HAL_Driver/Src/stm32f4xx_hal_i2c_ex.o
 .ARM.attributes
                0x0000000000000483       0x34 ./Drivers/STM32F4xx_HAL_Driver/Src/stm32f4xx_hal_ltdc.o
 .ARM.attributes
                0x00000000000004b7       0x34 ./Drivers/STM32F4xx_HAL_Driver/Src/stm32f4xx_hal_pwr_ex.o
 .ARM.attributes
                0x00000000000004eb       0x34 ./Drivers/STM32F4xx_HAL_Driver/Src/stm32f4xx_hal_rcc.o
 .ARM.attributes
                0x000000000000051f       0x34 ./Drivers/STM32F4xx_HAL_Driver/Src/stm32f4xx_hal_rcc_ex.o
 .ARM.attributes
                0x0000000000000553       0x34 ./Drivers/STM32F4xx_HAL_Driver/Src/stm32f4xx_hal_sdram.o
 .ARM.attributes
                0x0000000000000587       0x34 ./Drivers/STM32F4xx_HAL_Driver/Src/stm32f4xx_hal_spi.o
 .ARM.attributes
                0x00000000000005bb       0x34 ./Drivers/STM32F4xx_HAL_Driver/Src/stm32f4xx_hal_tim.o
 .ARM.attributes
                0x00000000000005ef       0x34 ./Drivers/STM32F4xx_HAL_Driver/Src/stm32f4xx_hal_tim_ex.o
 .ARM.attributes
                0x0000000000000623       0x34 ./Drivers/STM32F4xx_HAL_Driver/Src/stm32f4xx_hal_uart.o
 .ARM.attributes
                0x0000000000000657       0x34 ./Drivers/STM32F4xx_HAL_Driver/Src/stm32f4xx_ll_fmc.o
 .ARM.attributes
                0x000000000000068b       0x34 ./Drivers/STM32F4xx_HAL_Driver/Src/stm32f4xx_ll_usb.o
 .ARM.attributes
                0x00000000000006bf       0x34 c:/st/stm32cubeide_1.11.2/stm32cubeide/plugins/com.st.stm32cube.ide.mcu.externaltools.gnu-tools-for-stm32.10.3-2021.10.win32_1.0.100.202210260954/tools/bin/../lib/gcc/arm-none-eabi/10.3.1/../../../../arm-none-eabi/lib/thumb/v7e-m+fp/hard\libc_nano.a(lib_a-init.o)
 .ARM.attributes
                0x00000000000006f3       0x34 c:/st/stm32cubeide_1.11.2/stm32cubeide/plugins/com.st.stm32cube.ide.mcu.externaltools.gnu-tools-for-stm32.10.3-2021.10.win32_1.0.100.202210260954/tools/bin/../lib/gcc/arm-none-eabi/10.3.1/../../../../arm-none-eabi/lib/thumb/v7e-m+fp/hard\libc_nano.a(lib_a-memset.o)
 .ARM.attributes
                0x0000000000000727       0x17 c:/st/stm32cubeide_1.11.2/stm32cubeide/plugins/com.st.stm32cube.ide.mcu.externaltools.gnu-tools-for-stm32.10.3-2021.10.win32_1.0.100.202210260954/tools/bin/../lib/gcc/arm-none-eabi/10.3.1/../../../../arm-none-eabi/lib/thumb/v7e-m+fp/hard\libc_nano.a(lib_a-strlen.o)
 .ARM.attributes
                0x000000000000073e       0x1e c:/st/stm32cubeide_1.11.2/stm32cubeide/plugins/com.st.stm32cube.ide.mcu.externaltools.gnu-tools-for-stm32.10.3-2021.10.win32_1.0.100.202210260954/tools/bin/../lib/gcc/arm-none-eabi/10.3.1/thumb/v7e-m+fp/hard\libgcc.a(_aeabi_uldivmod.o)
 .ARM.attributes
                0x000000000000075c       0x34 c:/st/stm32cubeide_1.11.2/stm32cubeide/plugins/com.st.stm32cube.ide.mcu.externaltools.gnu-tools-for-stm32.10.3-2021.10.win32_1.0.100.202210260954/tools/bin/../lib/gcc/arm-none-eabi/10.3.1/thumb/v7e-m+fp/hard\libgcc.a(_udivmoddi4.o)
 .ARM.attributes
                0x0000000000000790       0x1e c:/st/stm32cubeide_1.11.2/stm32cubeide/plugins/com.st.stm32cube.ide.mcu.externaltools.gnu-tools-for-stm32.10.3-2021.10.win32_1.0.100.202210260954/tools/bin/../lib/gcc/arm-none-eabi/10.3.1/thumb/v7e-m+fp/hard\libgcc.a(_dvmd_tls.o)
 .ARM.attributes
                0x00000000000007ae       0x1e c:/st/stm32cubeide_1.11.2/stm32cubeide/plugins/com.st.stm32cube.ide.mcu.externaltools.gnu-tools-for-stm32.10.3-2021.10.win32_1.0.100.202210260954/tools/bin/../lib/gcc/arm-none-eabi/10.3.1/thumb/v7e-m+fp/hard/crtn.o
OUTPUT(Disco_F429_NRF2401_LCD_Transmitter_v1.elf elf32-littlearm)
LOAD linker stubs
LOAD c:/st/stm32cubeide_1.11.2/stm32cubeide/plugins/com.st.stm32cube.ide.mcu.externaltools.gnu-tools-for-stm32.10.3-2021.10.win32_1.0.100.202210260954/tools/bin/../lib/gcc/arm-none-eabi/10.3.1/../../../../arm-none-eabi/lib/thumb/v7e-m+fp/hard\libc.a
LOAD c:/st/stm32cubeide_1.11.2/stm32cubeide/plugins/com.st.stm32cube.ide.mcu.externaltools.gnu-tools-for-stm32.10.3-2021.10.win32_1.0.100.202210260954/tools/bin/../lib/gcc/arm-none-eabi/10.3.1/../../../../arm-none-eabi/lib/thumb/v7e-m+fp/hard\libm.a
LOAD c:/st/stm32cubeide_1.11.2/stm32cubeide/plugins/com.st.stm32cube.ide.mcu.externaltools.gnu-tools-for-stm32.10.3-2021.10.win32_1.0.100.202210260954/tools/bin/../lib/gcc/arm-none-eabi/10.3.1/thumb/v7e-m+fp/hard\libgcc.a

.debug_info     0x0000000000000000    0x24925
 .debug_info    0x0000000000000000     0x2868 ./Core/Src/main.o
 .debug_info    0x0000000000002868      0xe75 ./Core/Src/radio_demo.o
 .debug_info    0x00000000000036dd     0x2969 ./Core/Src/stm32f4xx_hal_msp.o
 .debug_info    0x0000000000006046      0xc9d ./Core/Src/stm32f4xx_hal_timebase_tim.o
 .debug_info    0x0000000000006ce3      0xc3c ./Core/Src/stm32f4xx_it.o
 .debug_info    0x000000000000791f      0x53f ./Core/Src/system_stm32f4xx.o
 .debug_info    0x0000000000007e5e       0x22 ./Core/Startup/startup_stm32f429zitx.o
 .debug_info    0x0000000000007e80      0x3c2 ./Drivers/BSP/Components/ili9341/ili9341.o
 .debug_info    0x0000000000008242     0x1aeb ./Drivers/BSP/STM32F429I-Discovery/stm32f429i_discovery.o
 .debug_info    0x0000000000009d2d     0x2618 ./Drivers/BSP/STM32F429I-Discovery/stm32f429i_discovery_lcd.o
 .debug_info    0x000000000000c345     0x108d ./Drivers/BSP/STM32F429I-Discovery/stm32f429i_discovery_sdram.o
 .debug_info    0x000000000000d3d2     0x100a ./Drivers/NRF24L01/nrf24.o
 .debug_info    0x000000000000e3dc      0x9f4 ./Drivers/STM32F4xx_HAL_Driver/Src/stm32f4xx_hal.o
 .debug_info    0x000000000000edd0      0xe51 ./Drivers/STM32F4xx_HAL_Driver/Src/stm32f4xx_hal_cortex.o
 .debug_info    0x000000000000fc21      0x3a6 ./Drivers/STM32F4xx_HAL_Driver/Src/stm32f4xx_hal_crc.o
 .debug_info    0x000000000000ffc7      0x94f ./Drivers/STM32F4xx_HAL_Driver/Src/stm32f4xx_hal_dma.o
 .debug_info    0x0000000000010916      0xf91 ./Drivers/STM32F4xx_HAL_Driver/Src/stm32f4xx_hal_dma2d.o
 .debug_info    0x00000000000118a7      0x786 ./Drivers/STM32F4xx_HAL_Driver/Src/stm32f4xx_hal_gpio.o
 .debug_info    0x000000000001202d     0x10c6 ./Drivers/STM32F4xx_HAL_Driver/Src/stm32f4xx_hal_hcd.o
 .debug_info    0x00000000000130f3     0x2617 ./Drivers/STM32F4xx_HAL_Driver/Src/stm32f4xx_hal_i2c.o
 .debug_info    0x000000000001570a      0x6b6 ./Drivers/STM32F4xx_HAL_Driver/Src/stm32f4xx_hal_i2c_ex.o
 .debug_info    0x0000000000015dc0     0x114d ./Drivers/STM32F4xx_HAL_Driver/Src/stm32f4xx_hal_ltdc.o
 .debug_info    0x0000000000016f0d      0x6e6 ./Drivers/STM32F4xx_HAL_Driver/Src/stm32f4xx_hal_pwr_ex.o
 .debug_info    0x00000000000175f3      0x982 ./Drivers/STM32F4xx_HAL_Driver/Src/stm32f4xx_hal_rcc.o
 .debug_info    0x0000000000017f75      0x689 ./Drivers/STM32F4xx_HAL_Driver/Src/stm32f4xx_hal_rcc_ex.o
 .debug_info    0x00000000000185fe      0xf46 ./Drivers/STM32F4xx_HAL_Driver/Src/stm32f4xx_hal_sdram.o
 .debug_info    0x0000000000019544     0x1758 ./Drivers/STM32F4xx_HAL_Driver/Src/stm32f4xx_hal_spi.o
 .debug_info    0x000000000001ac9c     0x2bbe ./Drivers/STM32F4xx_HAL_Driver/Src/stm32f4xx_hal_tim.o
 .debug_info    0x000000000001d85a     0x15e0 ./Drivers/STM32F4xx_HAL_Driver/Src/stm32f4xx_hal_tim_ex.o
 .debug_info    0x000000000001ee3a     0x31bc ./Drivers/STM32F4xx_HAL_Driver/Src/stm32f4xx_hal_uart.o
 .debug_info    0x0000000000021ff6      0xe98 ./Drivers/STM32F4xx_HAL_Driver/Src/stm32f4xx_ll_fmc.o
 .debug_info    0x0000000000022e8e     0x1a97 ./Drivers/STM32F4xx_HAL_Driver/Src/stm32f4xx_ll_usb.o

.debug_abbrev   0x0000000000000000     0x4715
 .debug_abbrev  0x0000000000000000      0x323 ./Core/Src/main.o
 .debug_abbrev  0x0000000000000323      0x29e ./Core/Src/radio_demo.o
 .debug_abbrev  0x00000000000005c1      0x2de ./Core/Src/stm32f4xx_hal_msp.o
 .debug_abbrev  0x000000000000089f      0x1e6 ./Core/Src/stm32f4xx_hal_timebase_tim.o
 .debug_abbrev  0x0000000000000a85      0x1d7 ./Core/Src/stm32f4xx_it.o
 .debug_abbrev  0x0000000000000c5c      0x116 ./Core/Src/system_stm32f4xx.o
 .debug_abbrev  0x0000000000000d72       0x12 ./Core/Startup/startup_stm32f429zitx.o
 .debug_abbrev  0x0000000000000d84      0x1a8 ./Drivers/BSP/Components/ili9341/ili9341.o
 .debug_abbrev  0x0000000000000f2c      0x2e2 ./Drivers/BSP/STM32F429I-Discovery/stm32f429i_discovery.o
 .debug_abbrev  0x000000000000120e      0x32c ./Drivers/BSP/STM32F429I-Discovery/stm32f429i_discovery_lcd.o
 .debug_abbrev  0x000000000000153a      0x276 ./Drivers/BSP/STM32F429I-Discovery/stm32f429i_discovery_sdram.o
 .debug_abbrev  0x00000000000017b0      0x33a ./Drivers/NRF24L01/nrf24.o
 .debug_abbrev  0x0000000000001aea      0x20d ./Drivers/STM32F4xx_HAL_Driver/Src/stm32f4xx_hal.o
 .debug_abbrev  0x0000000000001cf7      0x316 ./Drivers/STM32F4xx_HAL_Driver/Src/stm32f4xx_hal_cortex.o
 .debug_abbrev  0x000000000000200d      0x19e ./Drivers/STM32F4xx_HAL_Driver/Src/stm32f4xx_hal_crc.o
 .debug_abbrev  0x00000000000021ab      0x25b ./Drivers/STM32F4xx_HAL_Driver/Src/stm32f4xx_hal_dma.o
 .debug_abbrev  0x0000000000002406      0x22e ./Drivers/STM32F4xx_HAL_Driver/Src/stm32f4xx_hal_dma2d.o
 .debug_abbrev  0x0000000000002634      0x1c4 ./Drivers/STM32F4xx_HAL_Driver/Src/stm32f4xx_hal_gpio.o
 .debug_abbrev  0x00000000000027f8      0x27e ./Drivers/STM32F4xx_HAL_Driver/Src/stm32f4xx_hal_hcd.o
 .debug_abbrev  0x0000000000002a76      0x297 ./Drivers/STM32F4xx_HAL_Driver/Src/stm32f4xx_hal_i2c.o
 .debug_abbrev  0x0000000000002d0d      0x14c ./Drivers/STM32F4xx_HAL_Driver/Src/stm32f4xx_hal_i2c_ex.o
 .debug_abbrev  0x0000000000002e59      0x221 ./Drivers/STM32F4xx_HAL_Driver/Src/stm32f4xx_hal_ltdc.o
 .debug_abbrev  0x000000000000307a      0x1c9 ./Drivers/STM32F4xx_HAL_Driver/Src/stm32f4xx_hal_pwr_ex.o
 .debug_abbrev  0x0000000000003243      0x2aa ./Drivers/STM32F4xx_HAL_Driver/Src/stm32f4xx_hal_rcc.o
 .debug_abbrev  0x00000000000034ed      0x1a8 ./Drivers/STM32F4xx_HAL_Driver/Src/stm32f4xx_hal_rcc_ex.o
 .debug_abbrev  0x0000000000003695      0x230 ./Drivers/STM32F4xx_HAL_Driver/Src/stm32f4xx_hal_sdram.o
 .debug_abbrev  0x00000000000038c5      0x26e ./Drivers/STM32F4xx_HAL_Driver/Src/stm32f4xx_hal_spi.o
 .debug_abbrev  0x0000000000003b33      0x25d ./Drivers/STM32F4xx_HAL_Driver/Src/stm32f4xx_hal_tim.o
 .debug_abbrev  0x0000000000003d90      0x265 ./Drivers/STM32F4xx_HAL_Driver/Src/stm32f4xx_hal_tim_ex.o
 .debug_abbrev  0x0000000000003ff5      0x2f4 ./Drivers/STM32F4xx_HAL_Driver/Src/stm32f4xx_hal_uart.o
 .debug_abbrev  0x00000000000042e9      0x196 ./Drivers/STM32F4xx_HAL_Driver/Src/stm32f4xx_ll_fmc.o
 .debug_abbrev  0x000000000000447f      0x296 ./Drivers/STM32F4xx_HAL_Driver/Src/stm32f4xx_ll_usb.o

.debug_aranges  0x0000000000000000     0x1f00
 .debug_aranges
                0x0000000000000000       0x90 ./Core/Src/main.o
 .debug_aranges
                0x0000000000000090       0x70 ./Core/Src/radio_demo.o
 .debug_aranges
                0x0000000000000100       0xc0 ./Core/Src/stm32f4xx_hal_msp.o
 .debug_aranges
                0x00000000000001c0       0x30 ./Core/Src/stm32f4xx_hal_timebase_tim.o
 .debug_aranges
                0x00000000000001f0       0x70 ./Core/Src/stm32f4xx_it.o
 .debug_aranges
                0x0000000000000260       0x28 ./Core/Src/system_stm32f4xx.o
 .debug_aranges
                0x0000000000000288       0x28 ./Core/Startup/startup_stm32f429zitx.o
 .debug_aranges
                0x00000000000002b0       0x60 ./Drivers/BSP/Components/ili9341/ili9341.o
 .debug_aranges
                0x0000000000000310      0x138 ./Drivers/BSP/STM32F429I-Discovery/stm32f429i_discovery.o
 .debug_aranges
                0x0000000000000448      0x1a8 ./Drivers/BSP/STM32F429I-Discovery/stm32f429i_discovery_lcd.o
 .debug_aranges
                0x00000000000005f0       0x68 ./Drivers/BSP/STM32F429I-Discovery/stm32f429i_discovery_sdram.o
 .debug_aranges
                0x0000000000000658      0x168 ./Drivers/NRF24L01/nrf24.o
 .debug_aranges
                0x00000000000007c0      0x100 ./Drivers/STM32F4xx_HAL_Driver/Src/stm32f4xx_hal.o
 .debug_aranges
                0x00000000000008c0      0x118 ./Drivers/STM32F4xx_HAL_Driver/Src/stm32f4xx_hal_cortex.o
 .debug_aranges
                0x00000000000009d8       0x50 ./Drivers/STM32F4xx_HAL_Driver/Src/stm32f4xx_hal_crc.o
 .debug_aranges
                0x0000000000000a28       0x90 ./Drivers/STM32F4xx_HAL_Driver/Src/stm32f4xx_hal_dma.o
 .debug_aranges
                0x0000000000000ab8      0x118 ./Drivers/STM32F4xx_HAL_Driver/Src/stm32f4xx_hal_dma2d.o
 .debug_aranges
                0x0000000000000bd0       0x58 ./Drivers/STM32F4xx_HAL_Driver/Src/stm32f4xx_hal_gpio.o
 .debug_aranges
                0x0000000000000c28       0xf8 ./Drivers/STM32F4xx_HAL_Driver/Src/stm32f4xx_hal_hcd.o
 .debug_aranges
                0x0000000000000d20      0x2a0 ./Drivers/STM32F4xx_HAL_Driver/Src/stm32f4xx_hal_i2c.o
 .debug_aranges
                0x0000000000000fc0       0x28 ./Drivers/STM32F4xx_HAL_Driver/Src/stm32f4xx_hal_i2c_ex.o
 .debug_aranges
                0x0000000000000fe8      0x158 ./Drivers/STM32F4xx_HAL_Driver/Src/stm32f4xx_hal_ltdc.o
 .debug_aranges
                0x0000000000001140       0x60 ./Drivers/STM32F4xx_HAL_Driver/Src/stm32f4xx_hal_pwr_ex.o
 .debug_aranges
                0x00000000000011a0       0x88 ./Drivers/STM32F4xx_HAL_Driver/Src/stm32f4xx_hal_rcc.o
 .debug_aranges
                0x0000000000001228       0x58 ./Drivers/STM32F4xx_HAL_Driver/Src/stm32f4xx_hal_rcc_ex.o
 .debug_aranges
                0x0000000000001280       0xe8 ./Drivers/STM32F4xx_HAL_Driver/Src/stm32f4xx_hal_sdram.o
 .debug_aranges
                0x0000000000001368      0x1d0 ./Drivers/STM32F4xx_HAL_Driver/Src/stm32f4xx_hal_spi.o
 .debug_aranges
                0x0000000000001538      0x3d0 ./Drivers/STM32F4xx_HAL_Driver/Src/stm32f4xx_hal_tim.o
 .debug_aranges
                0x0000000000001908      0x168 ./Drivers/STM32F4xx_HAL_Driver/Src/stm32f4xx_hal_tim_ex.o
 .debug_aranges
                0x0000000000001a70      0x200 ./Drivers/STM32F4xx_HAL_Driver/Src/stm32f4xx_hal_uart.o
 .debug_aranges
                0x0000000000001c70       0xf0 ./Drivers/STM32F4xx_HAL_Driver/Src/stm32f4xx_ll_fmc.o
 .debug_aranges
                0x0000000000001d60      0x1a0 ./Drivers/STM32F4xx_HAL_Driver/Src/stm32f4xx_ll_usb.o

.debug_ranges   0x0000000000000000     0x1d50
 .debug_ranges  0x0000000000000000       0x80 ./Core/Src/main.o
 .debug_ranges  0x0000000000000080       0x60 ./Core/Src/radio_demo.o
 .debug_ranges  0x00000000000000e0       0xb0 ./Core/Src/stm32f4xx_hal_msp.o
 .debug_ranges  0x0000000000000190       0x20 ./Core/Src/stm32f4xx_hal_timebase_tim.o
 .debug_ranges  0x00000000000001b0       0x60 ./Core/Src/stm32f4xx_it.o
 .debug_ranges  0x0000000000000210       0x18 ./Core/Src/system_stm32f4xx.o
 .debug_ranges  0x0000000000000228       0x20 ./Core/Startup/startup_stm32f429zitx.o
 .debug_ranges  0x0000000000000248       0x50 ./Drivers/BSP/Components/ili9341/ili9341.o
 .debug_ranges  0x0000000000000298      0x128 ./Drivers/BSP/STM32F429I-Discovery/stm32f429i_discovery.o
 .debug_ranges  0x00000000000003c0      0x198 ./Drivers/BSP/STM32F429I-Discovery/stm32f429i_discovery_lcd.o
 .debug_ranges  0x0000000000000558       0x58 ./Drivers/BSP/STM32F429I-Discovery/stm32f429i_discovery_sdram.o
 .debug_ranges  0x00000000000005b0      0x158 ./Drivers/NRF24L01/nrf24.o
 .debug_ranges  0x0000000000000708       0xf0 ./Drivers/STM32F4xx_HAL_Driver/Src/stm32f4xx_hal.o
 .debug_ranges  0x00000000000007f8      0x108 ./Drivers/STM32F4xx_HAL_Driver/Src/stm32f4xx_hal_cortex.o
 .debug_ranges  0x0000000000000900       0x40 ./Drivers/STM32F4xx_HAL_Driver/Src/stm32f4xx_hal_crc.o
 .debug_ranges  0x0000000000000940       0x80 ./Drivers/STM32F4xx_HAL_Driver/Src/stm32f4xx_hal_dma.o
 .debug_ranges  0x00000000000009c0      0x108 ./Drivers/STM32F4xx_HAL_Driver/Src/stm32f4xx_hal_dma2d.o
 .debug_ranges  0x0000000000000ac8       0x48 ./Drivers/STM32F4xx_HAL_Driver/Src/stm32f4xx_hal_gpio.o
 .debug_ranges  0x0000000000000b10       0xe8 ./Drivers/STM32F4xx_HAL_Driver/Src/stm32f4xx_hal_hcd.o
 .debug_ranges  0x0000000000000bf8      0x2a8 ./Drivers/STM32F4xx_HAL_Driver/Src/stm32f4xx_hal_i2c.o
 .debug_ranges  0x0000000000000ea0       0x18 ./Drivers/STM32F4xx_HAL_Driver/Src/stm32f4xx_hal_i2c_ex.o
 .debug_ranges  0x0000000000000eb8      0x148 ./Drivers/STM32F4xx_HAL_Driver/Src/stm32f4xx_hal_ltdc.o
 .debug_ranges  0x0000000000001000       0x50 ./Drivers/STM32F4xx_HAL_Driver/Src/stm32f4xx_hal_pwr_ex.o
 .debug_ranges  0x0000000000001050       0x78 ./Drivers/STM32F4xx_HAL_Driver/Src/stm32f4xx_hal_rcc.o
 .debug_ranges  0x00000000000010c8       0x48 ./Drivers/STM32F4xx_HAL_Driver/Src/stm32f4xx_hal_rcc_ex.o
 .debug_ranges  0x0000000000001110       0xd8 ./Drivers/STM32F4xx_HAL_Driver/Src/stm32f4xx_hal_sdram.o
 .debug_ranges  0x00000000000011e8      0x1c0 ./Drivers/STM32F4xx_HAL_Driver/Src/stm32f4xx_hal_spi.o
 .debug_ranges  0x00000000000013a8      0x3c0 ./Drivers/STM32F4xx_HAL_Driver/Src/stm32f4xx_hal_tim.o
 .debug_ranges  0x0000000000001768      0x158 ./Drivers/STM32F4xx_HAL_Driver/Src/stm32f4xx_hal_tim_ex.o
 .debug_ranges  0x00000000000018c0      0x220 ./Drivers/STM32F4xx_HAL_Driver/Src/stm32f4xx_hal_uart.o
 .debug_ranges  0x0000000000001ae0       0xe0 ./Drivers/STM32F4xx_HAL_Driver/Src/stm32f4xx_ll_fmc.o
 .debug_ranges  0x0000000000001bc0      0x190 ./Drivers/STM32F4xx_HAL_Driver/Src/stm32f4xx_ll_usb.o

.debug_macro    0x0000000000000000    0x28f16
 .debug_macro   0x0000000000000000      0x438 ./Core/Src/main.o
 .debug_macro   0x0000000000000438      0xa78 ./Core/Src/main.o
 .debug_macro   0x0000000000000eb0      0x2c5 ./Core/Src/main.o
 .debug_macro   0x0000000000001175       0x2e ./Core/Src/main.o
 .debug_macro   0x00000000000011a3       0x28 ./Core/Src/main.o
 .debug_macro   0x00000000000011cb       0x22 ./Core/Src/main.o
 .debug_macro   0x00000000000011ed       0x8e ./Core/Src/main.o
 .debug_macro   0x000000000000127b       0x51 ./Core/Src/main.o
 .debug_macro   0x00000000000012cc      0x103 ./Core/Src/main.o
 .debug_macro   0x00000000000013cf       0x6a ./Core/Src/main.o
 .debug_macro   0x0000000000001439      0x1df ./Core/Src/main.o
 .debug_macro   0x0000000000001618       0x1c ./Core/Src/main.o
 .debug_macro   0x0000000000001634       0x22 ./Core/Src/main.o
 .debug_macro   0x0000000000001656       0xd9 ./Core/Src/main.o
 .debug_macro   0x000000000000172f     0x102d ./Core/Src/main.o
 .debug_macro   0x000000000000275c      0x11f ./Core/Src/main.o
 .debug_macro   0x000000000000287b    0x17fc0 ./Core/Src/main.o
 .debug_macro   0x000000000001a83b       0x6d ./Core/Src/main.o
 .debug_macro   0x000000000001a8a8     0x36f5 ./Core/Src/main.o
 .debug_macro   0x000000000001df9d      0x174 ./Core/Src/main.o
 .debug_macro   0x000000000001e111       0x5c ./Core/Src/main.o
 .debug_macro   0x000000000001e16d      0xca5 ./Core/Src/main.o
 .debug_macro   0x000000000001ee12      0x9fe ./Core/Src/main.o
 .debug_macro   0x000000000001f810      0x115 ./Core/Src/main.o
 .debug_macro   0x000000000001f925      0x156 ./Core/Src/main.o
 .debug_macro   0x000000000001fa7b       0xa5 ./Core/Src/main.o
 .debug_macro   0x000000000001fb20      0x182 ./Core/Src/main.o
 .debug_macro   0x000000000001fca2      0x287 ./Core/Src/main.o
 .debug_macro   0x000000000001ff29       0x5f ./Core/Src/main.o
 .debug_macro   0x000000000001ff88      0x236 ./Core/Src/main.o
 .debug_macro   0x00000000000201be       0x22 ./Core/Src/main.o
 .debug_macro   0x00000000000201e0      0x208 ./Core/Src/main.o
 .debug_macro   0x00000000000203e8      0x132 ./Core/Src/main.o
 .debug_macro   0x000000000002051a      0x41d ./Core/Src/main.o
 .debug_macro   0x0000000000020937       0x2e ./Core/Src/main.o
 .debug_macro   0x0000000000020965      0x556 ./Core/Src/main.o
 .debug_macro   0x0000000000020ebb      0x1b5 ./Core/Src/main.o
 .debug_macro   0x0000000000021070       0x22 ./Core/Src/main.o
 .debug_macro   0x0000000000021092       0xd6 ./Core/Src/main.o
 .debug_macro   0x0000000000021168      0x198 ./Core/Src/main.o
 .debug_macro   0x0000000000021300       0xd6 ./Core/Src/main.o
 .debug_macro   0x00000000000213d6      0x11a ./Core/Src/main.o
 .debug_macro   0x00000000000214f0       0xe2 ./Core/Src/main.o
 .debug_macro   0x00000000000215d2       0x89 ./Core/Src/main.o
 .debug_macro   0x000000000002165b      0x225 ./Core/Src/main.o
 .debug_macro   0x0000000000021880      0x8e6 ./Core/Src/main.o
 .debug_macro   0x0000000000022166       0x47 ./Core/Src/main.o
 .debug_macro   0x00000000000221ad      0x295 ./Core/Src/main.o
 .debug_macro   0x0000000000022442      0x248 ./Core/Src/main.o