Archive member included to satisfy reference by file (symbol)

c:/st/stm32cubeide_1.11.2/stm32cubeide/plugins/com.st.stm32cube.ide.mcu.externaltools.gnu-tools-for-stm32.10.3-2021.10.win32_1.0.100.202210260954/tools/bin/../lib/gcc/arm-none-eabi/10.3.1/../../../../arm-none-eabi/lib/thumb/v7e-m+fp/hard\libc_nano.a(lib_a-errno.o)
                              ./Core/Src/syscalls.o (__errno)
c:/st/stm32cubeide_1.11.2/stm32cubeide/plugins/com.st.stm32cube.ide.mcu.externaltools.gnu-tools-for-stm32.10.3-2021.10.win32_1.0.100.202210260954/tools/bin/../lib/gcc/arm-none-eabi/10.3.1/../../../../arm-none-eabi/lib/thumb/v7e-m+fp/hard\libc_nano.a(lib_a-exit.o)
                              c:/st/stm32cubeide_1.11.2/stm32cubeide/plugins/com.st.stm32cube.ide.mcu.externaltools.gnu-tools-for-stm32.10.3-2021.10.win32_1.0.100.202210260954/tools/bin/../lib/gcc/arm-none-eabi/10.3.1/../../../../arm-none-eabi/lib/thumb/v7e-m+fp/hard/crt0.o (exit)
c:/st/stm32cubeide_1.11.2/stm32cubeide/plugins/com.st.stm32cube.ide.mcu.externaltools.gnu-tools-for-stm32.10.3-2021.10.win32_1.0.100.202210260954/tools/bin/../lib/gcc/arm-none-eabi/10.3.1/../../../../arm-none-eabi/lib/thumb/v7e-m+fp/hard\libc_nano.a(lib_a-impure.o)
                              c:/st/stm32cubeide_1.11.2/stm32cubeide/plugins/com.st.stm32cube.ide.mcu.externaltools.gnu-tools-for-stm32.10.3-2021.10.win32_1.0.100.202210260954/tools/bin/../lib/gcc/arm-none-eabi/10.3.1/../../../../arm-none-eabi/lib/thumb/v7e-m+fp/hard\libc_nano.a(lib_a-exit.o) (_global_impure_ptr)
c:/st/stm32cubeide_1.11.2/stm32cubeide/plugins/com.st.stm32cube.ide.mcu.externaltools.gnu-tools-for-stm32.10.3-2021.10.win32_1.0.100.202210260954/tools/bin/../lib/gcc/arm-none-eabi/10.3.1/../../../../arm-none-eabi/lib/thumb/v7e-m+fp/hard\libc_nano.a(lib_a-init.o)
                              c:/st/stm32cubeide_1.11.2/stm32cubeide/plugins/com.st.stm32cube.ide.mcu.externaltools.gnu-tools-for-stm32.10.3-2021.10.win32_1.0.100.202210260954/tools/bin/../lib/gcc/arm-none-eabi/10.3.1/../../../../arm-none-eabi/lib/thumb/v7e-m+fp/hard/crt0.o (__libc_init_array)
c:/st/stm32cubeide_1.11.2/stm32cubeide/plugins/com.st.stm32cube.ide.mcu.externaltools.gnu-tools-for-stm32.10.3-2021.10.win32_1.0.100.202210260954/tools/bin/../lib/gcc/arm-none-eabi/10.3.1/../../../../arm-none-eabi/lib/thumb/v7e-m+fp/hard\libc_nano.a(lib_a-memset.o)
                              c:/st/stm32cubeide_1.11.2/stm32cubeide/plugins/com.st.stm32cube.ide.mcu.externaltools.gnu-tools-for-stm32.10.3-2021.10.win32_1.0.100.202210260954/tools/bin/../lib/gcc/arm-none-eabi/10.3.1/../../../../arm-none-eabi/lib/thumb/v7e-m+fp/hard/crt0.o (memset)
c:/st/stm32cubeide_1.11.2/stm32cubeide/plugins/com.st.stm32cube.ide.mcu.externaltools.gnu-tools-for-stm32.10.3-2021.10.win32_1.0.100.202210260954/tools/bin/../lib/gcc/arm-none-eabi/10.3.1/../../../../arm-none-eabi/lib/thumb/v7e-m+fp/hard\libc_nano.a(lib_a-strlen.o)
                              ./Core/Src/radio_demo.o (strlen)
c:/st/stm32cubeide_1.11.2/stm32cubeide/plugins/com.st.stm32cube.ide.mcu.externaltools.gnu-tools-for-stm32.10.3-2021.10.win32_1.0.100.202210260954/tools/bin/../lib/gcc/arm-none-eabi/10.3.1/thumb/v7e-m+fp/hard\libgcc.a(_aeabi_uldivmod.o)
                              ./Drivers/STM32F4xx_HAL_Driver/Src/stm32f4xx_hal_rcc.o (__aeabi_uldivmod)
c:/st/stm32cubeide_1.11.2/stm32cubeide/plugins/com.st.stm32cube.ide.mcu.externaltools.gnu-tools-for-stm32.10.3-2021.10.win32_1.0.100.202210260954/tools/bin/../lib/gcc/arm-none-eabi/10.3.1/thumb/v7e-m+fp/hard\libgcc.a(_udivmoddi4.o)
                              c:/st/stm32cubeide_1.11.2/stm32cubeide/plugins/com.st.stm32cube.ide.mcu.externaltools.gnu-tools-for-stm32.10.3-2021.10.win32_1.0.100.202210260954/tools/bin/../lib/gcc/arm-none-eabi/10.3.1/thumb/v7e-m+fp/hard\libgcc.a(_aeabi_uldivmod.o) (__udivmoddi4)
c:/st/stm32cubeide_1.11.2/stm32cubeide/plugins/com.st.stm32cube.ide.mcu.externaltools.gnu-tools-for-stm32.10.3-2021.10.win32_1.0.100.202210260954/tools/bin/../lib/gcc/arm-none-eabi/10.3.1/thumb/v7e-m+fp/hard\libgcc.a(_dvmd_tls.o)
                              c:/st/stm32cubeide_1.11.2/stm32cubeide/plugins/com.st.stm32cube.ide.mcu.externaltools.gnu-tools-for-stm32.10.3-2021.10.win32_1.0.100.202210260954/tools/bin/../lib/gcc/arm-none-eabi/10.3.1/thumb/v7e-m+fp/hard\libgcc.a(_aeabi_uldivmod.o) (__aeabi_ldiv0)

Discarded input sections

 .text          0x0000000000000000        0x0 c:/st/stm32cubeide_1.11.2/stm32cubeide/plugins/com.st.stm32cube.ide.mcu.externaltools.gnu-tools-for-stm32.10.3-2021.10.win32_1.0.100.202210260954/tools/bin/../lib/gcc/arm-none-eabi/10.3.1/thumb/v7e-m+fp/hard/crti.o
 .data          0x0000000000000000        0x0 c:/st/stm32cubeide_1.11.2/stm32cubeide/plugins/com.st.stm32cube.ide.mcu.externaltools.gnu-tools-for-stm32.10.3-2021.10.win32_1.0.100.202210260954/tools/bin/../lib/gcc/arm-none-eabi/10.3.1/thumb/v7e-m+fp/hard/crti.o
[...]
Memory Configuration

Name             Origin             Length             Attributes
RAM              0x0000000020000000 0x0000000000020000 xrw
FLASH            0x0000000008000000 0x0000000000080000 xr
*default*        0x0000000000000000 0xffffffffffffffff

Linker script and memory map

LOAD c:/st/stm32cubeide_1.11.2/stm32cubeide/plugins/com.st.stm32cube.ide.mcu.externaltools.gnu-tools-for-stm32.10.3-2021.10.win32_1.0.100.202210260954/tools/bin/../lib/gcc/arm-none-eabi/10.3.1/thumb/v7e-m+fp/hard/crti.o
LOAD c:/st/stm32cubeide_1.11.2/stm32cubeide/plugins/com.st.stm32cube.ide.mcu.externaltools.gnu-tools-for-stm32.10.3-2021.10.win32_1.0.100.202210260954/tools/bin/../lib/gcc/arm-none-eabi/10.3.1/thumb/v7e-m+fp/hard/crtbegin.o
LOAD c:/st/stm32cubeide_1.11.2/stm32cubeide/plugins/com.st.stm32cube.ide.mcu.externaltools.gnu-tools-for-stm32.10.3-2021.10.win32_1.0.100.202210260954/tools/bin/../lib/gcc/arm-none-eabi/10.3.1/../../../../arm-none-eabi/lib/thumb/v7e-m+fp/hard/crt0.o
LOAD ./Core/Src/main.o
LOAD ./Core/Src/radio_demo.o
LOAD ./Core/Src/stm32f4xx_hal_msp.o
LOAD ./Core/Src/stm32f4xx_it.o
LOAD ./Core/Src/syscalls.o
LOAD ./Core/Src/sysmem.o
LOAD ./Core/Src/system_stm32f4xx.o
LOAD ./Core/Startup/startup_stm32f411retx.o
LOAD ./Drivers/NRF24L01/nrf24.o
LOAD ./Drivers/STM32F4xx_HAL_Driver/Src/stm32f4xx_hal.o
LOAD ./Drivers/STM32F4xx_HAL_Driver/Src/stm32f4xx_hal_cortex.o
LOAD ./Drivers/STM32F4xx_HAL_Driver/Src/stm32f4xx_hal_dma.o
LOAD ./Drivers/STM32F4xx_HAL_Driver/Src/stm32f4xx_hal_dma_ex.o
LOAD ./Drivers/STM32F4xx_HAL_Driver/Src/stm32f4xx_hal_exti.o
LOAD ./Drivers/STM32F4xx_HAL_Driver/Src/stm32f4xx_hal_flash.o
LOAD ./Drivers/STM32F4xx_HAL_Driver/Src/stm32f4xx_hal_flash_ex.o
LOAD ./Drivers/STM32F4xx_HAL_Driver/Src/stm32f4xx_hal_flash_ramfunc.o
LOAD ./Drivers/STM32F4xx_HAL_Driver/Src/stm32f4xx_hal_gpio.o
LOAD ./Drivers/STM32F4xx_HAL_Driver/Src/stm32f4xx_hal_pwr.o
LOAD ./Drivers/STM32F4xx_HAL_Driver/Src/stm32f4xx_hal_pwr_ex.o
LOAD ./Drivers/STM32F4xx_HAL_Driver/Src/stm32f4xx_hal_rcc.o
LOAD ./Drivers/STM32F4xx_HAL_Driver/Src/stm32f4xx_hal_rcc_ex.o
LOAD ./Drivers/STM32F4xx_HAL_Driver/Src/stm32f4xx_hal_spi.o
LOAD ./Drivers/STM32F4xx_HAL_Driver/Src/stm32f4xx_hal_tim.o
LOAD ./Drivers/STM32F4xx_HAL_Driver/Src/stm32f4xx_hal_tim_ex.o
LOAD ./Drivers/STM32F4xx_HAL_Driver/Src/stm32f4xx_hal_uart.o
START GROUP
LOAD c:/st/stm32cubeide_1.11.2/stm32cubeide/plugins/com.st.stm32cube.ide.mcu.externaltools.gnu-tools-for-stm32.10.3-2021.10.win32_1.0.100.202210260954/tools/bin/../lib/gcc/arm-none-eabi/10.3.1/../../../../arm-none-eabi/lib/thumb/v7e-m+fp/hard\libc_nano.a
LOAD c:/st/stm32cubeide_1.11.2/stm32cubeide/plugins/com.st.stm32cube.ide.mcu.externaltools.gnu-tools-for-stm32.10.3-2021.10.win32_1.0.100.202210260954/tools/bin/../lib/gcc/arm-none-eabi/10.3.1/../../../../arm-none-eabi/lib/thumb/v7e-m+fp/hard\libm.a
END GROUP
START GROUP
LOAD c:/st/stm32cubeide_1.11.2/stm32cubeide/plugins/com.st.stm32cube.ide.mcu.externaltools.gnu-tools-for-stm32.10.3-2021.10.win32_1.0.100.202210260954/tools/bin/../lib/gcc/arm-none-eabi/10.3.1/thumb/v7e-m+fp/hard\libgcc.a
LOAD c:/st/stm32cubeide_1.11.2/stm32cubeide/plugins/com.st.stm32cube.ide.mcu.externaltools.gnu-tools-for-stm32.10.3-2021.10.win32_1.0.100.202210260954/tools/bin/../lib/gcc/arm-none-eabi/10.3.1/../../../../arm-none-eabi/lib/thumb/v7e-m+fp/hard\libc_nano.a
END GROUP
START GROUP
LOAD c:/st/stm32cubeide_1.11.2/stm32cubeide/plugins/com.st.stm32cube.ide.mcu.externaltools.gnu-tools-for-stm32.10.3-2021.10.win32_1.0.100.202210260954/tools/bin/../lib/gcc/arm-none-eabi/10.3.1/thumb/v7e-m+fp/hard\libgcc.a
LOAD c:/st/stm32cubeide_1.11.2/stm32cubeide/plugins/com.st.stm32cube.ide.mcu.externaltools.gnu-tools-for-stm32.10.3-2021.10.win32_1.0.100.202210260954/tools/bin/../lib/gcc/arm-none-eabi/10.3.1/../../../../arm-none-eabi/lib/thumb/v7e-m+fp/hard\libc_nano.a
LOAD c:/st/stm32cubeide_1.11.2/stm32cubeide/plugins/com.st.stm32cube.ide.mcu.externaltools.gnu-tools-for-stm32.10.3-2021.10.win32_1.0.100.202210260954/tools/bin/../lib/gcc/arm-none-eabi/10.3.1/../../../../arm-none-eabi/lib/thumb/v7e-m+fp/hard\libnosys.a
END GROUP
START GROUP
LOAD c:/st/stm32cubeide_1.11.2/stm32cubeide/plugins/com.st.stm32cube.ide.mcu.externaltools.gnu-tools-for-stm32.10.3-2021.10.win32_1.0.100.202210260954/tools/bin/../lib/gcc/arm-none-eabi/10.3.1/thumb/v7e-m+fp/hard\libgcc.a
LOAD c:/st/stm32cubeide_1.11.2/stm32cubeide/plugins/com.st.stm32cube.ide.mcu.externaltools.gnu-tools-for-stm32.10.3-2021.10.win32_1.0.100.202210260954/tools/bin/../lib/gcc/arm-none-eabi/10.3.1/../../../../arm-none-eabi/lib/thumb/v7e-m+fp/hard\libc_nano.a
LOAD c:/st/stm32cubeide_1.11.2/stm32cubeide/plugins/com.st.stm32cube.ide.mcu.externaltools.gnu-tools-for-stm32.10.3-2021.10.win32_1.0.100.202210260954/tools/bin/../lib/gcc/arm-none-eabi/10.3.1/../../../../arm-none-eabi/lib/thumb/v7e-m+fp/hard\libnosys.a
END GROUP
LOAD c:/st/stm32cubeide_1.11.2/stm32cubeide/plugins/com.st.stm32cube.ide.mcu.externaltools.gnu-tools-for-stm32.10.3-2021.10.win32_1.0.100.202210260954/tools/bin/../lib/gcc/arm-none-eabi/10.3.1/thumb/v7e-m+fp/hard/crtend.o
LOAD c:/st/stm32cubeide_1.11.2/stm32cubeide/plugins/com.st.stm32cube.ide.mcu.externaltools.gnu-tools-for-stm32.10.3-2021.10.win32_1.0.100.202210260954/tools/bin/../lib/gcc/arm-none-eabi/10.3.1/thumb/v7e-m+fp/hard/crtn.o
                0x0000000020020000                _estack = (ORIGIN (RAM) + LENGTH (RAM))
                0x0000000000000200                _Min_Heap_Size = 0x200
                0x0000000000000400                _Min_Stack_Size = 0x400

.isr_vector     0x0000000008000000      0x198
                0x0000000008000000                . = ALIGN (0x4)
 *(.isr_vector)
 .isr_vector    0x0000000008000000      0x198 ./Core/Startup/startup_stm32f411retx.o
                0x0000000008000000                g_pfnVectors
                0x0000000008000198                . = ALIGN (0x4)

.text           0x0000000008000198     0x3398
                0x0000000008000198                . = ALIGN (0x4)
 *(.text)
 .text          0x0000000008000198       0x40 c:/st/stm32cubeide_1.11.2/stm32cubeide/plugins/com.st.stm32cube.ide.mcu.externaltools.gnu-tools-for-stm32.10.3-2021.10.win32_1.0.100.202210260954/tools/bin/../lib/gcc/arm-none-eabi/10.3.1/thumb/v7e-m+fp/hard/crtbegin.o
 .text          0x00000000080001d8       0x10 c:/st/stm32cubeide_1.11.2/stm32cubeide/plugins/com.st.stm32cube.ide.mcu.externaltools.gnu-tools-for-stm32.10.3-2021.10.win32_1.0.100.202210260954/tools/bin/../lib/gcc/arm-none-eabi/10.3.1/../../../../arm-none-eabi/lib/thumb/v7e-m+fp/hard\libc_nano.a(lib_a-strlen.o)
                0x00000000080001d8                strlen
 .text          0x00000000080001e8       0x30 c:/st/stm32cubeide_1.11.2/stm32cubeide/plugins/com.st.stm32cube.ide.mcu.externaltools.gnu-tools-for-stm32.10.3-2021.10.win32_1.0.100.202210260954/tools/bin/../lib/gcc/arm-none-eabi/10.3.1/thumb/v7e-m+fp/hard\libgcc.a(_aeabi_uldivmod.o)
                0x00000000080001e8                __aeabi_uldivmod
 .text          0x0000000008000218      0x2d0 c:/st/stm32cubeide_1.11.2/stm32cubeide/plugins/com.st.stm32cube.ide.mcu.externaltools.gnu-tools-for-stm32.10.3-2021.10.win32_1.0.100.202210260954/tools/bin/../lib/gcc/arm-none-eabi/10.3.1/thumb/v7e-m+fp/hard\libgcc.a(_udivmoddi4.o)
                0x0000000008000218                __udivmoddi4
 .text          0x00000000080004e8        0x4 c:/st/stm32cubeide_1.11.2/stm32cubeide/plugins/com.st.stm32cube.ide.mcu.externaltools.gnu-tools-for-stm32.10.3-2021.10.win32_1.0.100.202210260954/tools/bin/../lib/gcc/arm-none-eabi/10.3.1/thumb/v7e-m+fp/hard\libgcc.a(_dvmd_tls.o)
                0x00000000080004e8                __aeabi_idiv0
                0x00000000080004e8                __aeabi_ldiv0
 *(.text*)
 .text.main     0x00000000080004ec       0x26 ./Core/Src/main.o
                0x00000000080004ec                main
 *fill*         0x0000000008000512        0x2 
 .text.SystemClock_Config
                0x0000000008000514       0xd4 ./Core/Src/main.o
                0x0000000008000514                SystemClock_Config
 .text.MX_SPI3_Init
                0x00000000080005e8       0x6c ./Core/Src/main.o
 .text.MX_USART2_UART_Init
                0x0000000008000654       0x54 ./Core/Src/main.o
 .text.MX_GPIO_Init
                0x00000000080006a8      0x12c ./Core/Src/main.o
 .text.Error_Handler
                0x00000000080007d4        0xe ./Core/Src/main.o
                0x00000000080007d4                Error_Handler
 *fill*         0x00000000080007e2        0x2 
 .text.nRF24_CE_L
                0x00000000080007e4       0x1c ./Core/Src/radio_demo.o
 .text.nRF24_CE_H
                0x0000000008000800       0x1c ./Core/Src/radio_demo.o
 .text.Delay_ms
                0x000000000800081c       0x16 ./Core/Src/radio_demo.o
 *fill*         0x0000000008000832        0x2 
 .text.UART_SendChar
                0x0000000008000834       0x24 ./Core/Src/radio_demo.o
                0x0000000008000834                UART_SendChar
 .text.UART_SendStr
                0x0000000008000858       0x28 ./Core/Src/radio_demo.o
                0x0000000008000858                UART_SendStr
 .text.Toggle_LED
                0x0000000008000880       0x14 ./Core/Src/radio_demo.o
                0x0000000008000880                Toggle_LED
 .text.UART_SendBufHex
                0x0000000008000894       0x5c ./Core/Src/radio_demo.o
                0x0000000008000894                UART_SendBufHex
 .text.UART_SendHex8
                0x00000000080008f0       0x3c ./Core/Src/radio_demo.o
                0x00000000080008f0                UART_SendHex8
 .text.UART_SendInt
                0x000000000800092c       0x94 ./Core/Src/radio_demo.o
                0x000000000800092c                UART_SendInt
 .text.nRF24_TransmitPacket
                0x00000000080009c0       0xa0 ./Core/Src/radio_demo.o
                0x00000000080009c0                nRF24_TransmitPacket
 .text.runRadio
                0x0000000008000a60      0x2fc ./Core/Src/radio_demo.o
                0x0000000008000a60                runRadio
 .text.HAL_MspInit
                0x0000000008000d5c       0x50 ./Core/Src/stm32f4xx_hal_msp.o
                0x0000000008000d5c                HAL_MspInit
 .text.HAL_SPI_MspInit
                0x0000000008000dac       0xd4 ./Core/Src/stm32f4xx_hal_msp.o
                0x0000000008000dac                HAL_SPI_MspInit
 .text.HAL_UART_MspInit
                0x0000000008000e80       0x90 ./Core/Src/stm32f4xx_hal_msp.o
                0x0000000008000e80                HAL_UART_MspInit
 .text.NMI_Handler
                0x0000000008000f10        0xe ./Core/Src/stm32f4xx_it.o
                0x0000000008000f10                NMI_Handler
 .text.HardFault_Handler
                0x0000000008000f1e        0x6 ./Core/Src/stm32f4xx_it.o
                0x0000000008000f1e                HardFault_Handler
 .text.MemManage_Handler
                0x0000000008000f24        0x6 ./Core/Src/stm32f4xx_it.o
                0x0000000008000f24                MemManage_Handler
 .text.BusFault_Handler
                0x0000000008000f2a        0x6 ./Core/Src/stm32f4xx_it.o
                0x0000000008000f2a                BusFault_Handler
 .text.UsageFault_Handler
                0x0000000008000f30        0x6 ./Core/Src/stm32f4xx_it.o
                0x0000000008000f30                UsageFault_Handler
 .text.SVC_Handler
                0x0000000008000f36        0xe ./Core/Src/stm32f4xx_it.o
                0x0000000008000f36                SVC_Handler
 .text.DebugMon_Handler
                0x0000000008000f44        0xe ./Core/Src/stm32f4xx_it.o
                0x0000000008000f44                DebugMon_Handler
 .text.PendSV_Handler
                0x0000000008000f52        0xe ./Core/Src/stm32f4xx_it.o
                0x0000000008000f52                PendSV_Handler
 .text.SysTick_Handler
                0x0000000008000f60        0xc ./Core/Src/stm32f4xx_it.o
                0x0000000008000f60                SysTick_Handler
 .text.EXTI2_IRQHandler
                0x0000000008000f6c        0xe ./Core/Src/stm32f4xx_it.o
                0x0000000008000f6c                EXTI2_IRQHandler
 *fill*         0x0000000008000f7a        0x2 
 .text.SystemInit
                0x0000000008000f7c       0x2c ./Core/Src/system_stm32f4xx.o
                0x0000000008000f7c                SystemInit
 .text.Reset_Handler
                0x0000000008000fa8       0x50 ./Core/Startup/startup_stm32f411retx.o
                0x0000000008000fa8                Reset_Handler
 .text.Default_Handler
                0x0000000008000ff8        0x2 ./Core/Startup/startup_stm32f411retx.o
                0x0000000008000ff8                RTC_Alarm_IRQHandler
                0x0000000008000ff8                SPI4_IRQHandler
                0x0000000008000ff8                TIM1_CC_IRQHandler
                0x0000000008000ff8                DMA2_Stream5_IRQHandler
                0x0000000008000ff8                DMA1_Stream5_IRQHandler
                0x0000000008000ff8                PVD_IRQHandler
                0x0000000008000ff8                SDIO_IRQHandler
                0x0000000008000ff8                TAMP_STAMP_IRQHandler
                0x0000000008000ff8                EXTI3_IRQHandler
                0x0000000008000ff8                TIM1_UP_TIM10_IRQHandler
                0x0000000008000ff8                I2C3_ER_IRQHandler
                0x0000000008000ff8                EXTI0_IRQHandler
                0x0000000008000ff8                I2C2_EV_IRQHandler
                0x0000000008000ff8                DMA1_Stream2_IRQHandler
                0x0000000008000ff8                FPU_IRQHandler
                0x0000000008000ff8                DMA2_Stream2_IRQHandler
                0x0000000008000ff8                SPI1_IRQHandler
                0x0000000008000ff8                TIM1_BRK_TIM9_IRQHandler
                0x0000000008000ff8                DMA2_Stream3_IRQHandler
                0x0000000008000ff8                USART6_IRQHandler
                0x0000000008000ff8                DMA2_Stream0_IRQHandler
                0x0000000008000ff8                TIM4_IRQHandler
                0x0000000008000ff8                I2C1_EV_IRQHandler
                0x0000000008000ff8                DMA1_Stream6_IRQHandler
                0x0000000008000ff8                DMA1_Stream1_IRQHandler
                0x0000000008000ff8                TIM3_IRQHandler
                0x0000000008000ff8                RCC_IRQHandler
                0x0000000008000ff8                Default_Handler
                0x0000000008000ff8                EXTI15_10_IRQHandler
                0x0000000008000ff8                ADC_IRQHandler
                0x0000000008000ff8                DMA1_Stream7_IRQHandler
                0x0000000008000ff8                SPI5_IRQHandler
                0x0000000008000ff8                TIM5_IRQHandler
                0x0000000008000ff8                DMA2_Stream7_IRQHandler
                0x0000000008000ff8                I2C3_EV_IRQHandler
                0x0000000008000ff8                EXTI9_5_IRQHandler
                0x0000000008000ff8                RTC_WKUP_IRQHandler
                0x0000000008000ff8                SPI2_IRQHandler
                0x0000000008000ff8                DMA1_Stream0_IRQHandler
                0x0000000008000ff8                EXTI4_IRQHandler
                0x0000000008000ff8                WWDG_IRQHandler
                0x0000000008000ff8                TIM2_IRQHandler
                0x0000000008000ff8                OTG_FS_WKUP_IRQHandler
                0x0000000008000ff8                TIM1_TRG_COM_TIM11_IRQHandler
                0x0000000008000ff8                EXTI1_IRQHandler
                0x0000000008000ff8                USART2_IRQHandler
                0x0000000008000ff8                I2C2_ER_IRQHandler
                0x0000000008000ff8                DMA2_Stream1_IRQHandler
                0x0000000008000ff8                FLASH_IRQHandler
                0x0000000008000ff8                DMA2_Stream4_IRQHandler
                0x0000000008000ff8                USART1_IRQHandler
                0x0000000008000ff8                OTG_FS_IRQHandler
                0x0000000008000ff8                SPI3_IRQHandler
                0x0000000008000ff8                DMA1_Stream4_IRQHandler
                0x0000000008000ff8                I2C1_ER_IRQHandler
                0x0000000008000ff8                DMA2_Stream6_IRQHandler
                0x0000000008000ff8                DMA1_Stream3_IRQHandler
 *fill*         0x0000000008000ffa        0x2 
 .text.nRF24_CSN_L
                0x0000000008000ffc       0x1c ./Drivers/NRF24L01/nrf24.o
 .text.nRF24_CSN_H
                0x0000000008001018       0x1c ./Drivers/NRF24L01/nrf24.o
 .text.nRF24_LL_RW
                0x0000000008001034       0x38 ./Drivers/NRF24L01/nrf24.o
 .text.nRF24_ReadReg
                0x000000000800106c       0x34 ./Drivers/NRF24L01/nrf24.o
 .text.nRF24_WriteReg
                0x00000000080010a0       0x70 ./Drivers/NRF24L01/nrf24.o
 .text.nRF24_ReadMBReg
                0x0000000008001110       0x44 ./Drivers/NRF24L01/nrf24.o
 .text.nRF24_WriteMBReg
                0x0000000008001154       0x42 ./Drivers/NRF24L01/nrf24.o
 .text.nRF24_Init
                0x0000000008001196       0x98 ./Drivers/NRF24L01/nrf24.o
                0x0000000008001196                nRF24_Init
 *fill*         0x000000000800122e        0x2 
 .text.nRF24_Check
                0x0000000008001230       0x5c ./Drivers/NRF24L01/nrf24.o
                0x0000000008001230                nRF24_Check
 .text.nRF24_SetPowerMode
                0x000000000800128c       0x3e ./Drivers/NRF24L01/nrf24.o
                0x000000000800128c                nRF24_SetPowerMode
 .text.nRF24_SetOperationalMode
                0x00000000080012ca       0x42 ./Drivers/NRF24L01/nrf24.o
                0x00000000080012ca                nRF24_SetOperationalMode
 .text.nRF24_SetDynamicPayloadLength
                0x000000000800130c       0x54 ./Drivers/NRF24L01/nrf24.o
                0x000000000800130c                nRF24_SetDynamicPayloadLength
 .text.nRF24_SetPayloadWithAck
                0x0000000008001360       0x44 ./Drivers/NRF24L01/nrf24.o
                0x0000000008001360                nRF24_SetPayloadWithAck
 .text.nRF24_SetCRCScheme
                0x00000000080013a4       0x42 ./Drivers/NRF24L01/nrf24.o
                0x00000000080013a4                nRF24_SetCRCScheme
 .text.nRF24_SetRFChannel
                0x00000000080013e6       0x1c ./Drivers/NRF24L01/nrf24.o
                0x00000000080013e6                nRF24_SetRFChannel
 .text.nRF24_SetAutoRetr
                0x0000000008001402       0x36 ./Drivers/NRF24L01/nrf24.o
                0x0000000008001402                nRF24_SetAutoRetr
 .text.nRF24_SetAddrWidth
                0x0000000008001438       0x20 ./Drivers/NRF24L01/nrf24.o
                0x0000000008001438                nRF24_SetAddrWidth
 .text.nRF24_SetAddr
                0x0000000008001458       0x94 ./Drivers/NRF24L01/nrf24.o
                0x0000000008001458                nRF24_SetAddr
 .text.nRF24_SetTXPower
                0x00000000080014ec       0x36 ./Drivers/NRF24L01/nrf24.o
                0x00000000080014ec                nRF24_SetTXPower
 .text.nRF24_SetDataRate
                0x0000000008001522       0x36 ./Drivers/NRF24L01/nrf24.o
                0x0000000008001522                nRF24_SetDataRate
 .text.nRF24_EnableAA
                0x0000000008001558       0x3a ./Drivers/NRF24L01/nrf24.o
                0x0000000008001558                nRF24_EnableAA
 .text.nRF24_GetStatus
                0x0000000008001592       0x10 ./Drivers/NRF24L01/nrf24.o
                0x0000000008001592                nRF24_GetStatus
 .text.nRF24_GetRetransmitCounters
                0x00000000080015a2       0x10 ./Drivers/NRF24L01/nrf24.o
                0x00000000080015a2                nRF24_GetRetransmitCounters
 .text.nRF24_ResetPLOS
                0x00000000080015b2       0x22 ./Drivers/NRF24L01/nrf24.o
                0x00000000080015b2                nRF24_ResetPLOS
 .text.nRF24_FlushTX
                0x00000000080015d4       0x10 ./Drivers/NRF24L01/nrf24.o
                0x00000000080015d4                nRF24_FlushTX
 .text.nRF24_FlushRX
                0x00000000080015e4       0x10 ./Drivers/NRF24L01/nrf24.o
                0x00000000080015e4                nRF24_FlushRX
 .text.nRF24_ClearIRQFlags
                0x00000000080015f4       0x2a ./Drivers/NRF24L01/nrf24.o
                0x00000000080015f4                nRF24_ClearIRQFlags
 .text.nRF24_WritePayload
                0x000000000800161e       0x20 ./Drivers/NRF24L01/nrf24.o
                0x000000000800161e                nRF24_WritePayload
 .text.nRF24_GetRxDplPayloadWidth
                0x000000000800163e       0x28 ./Drivers/NRF24L01/nrf24.o
 *fill*         0x0000000008001666        0x2 
 .text.nRF24_ReadPayloadGeneric
                0x0000000008001668       0x90 ./Drivers/NRF24L01/nrf24.o
 .text.nRF24_ReadPayloadDpl
                0x00000000080016f8       0x1e ./Drivers/NRF24L01/nrf24.o
                0x00000000080016f8                nRF24_ReadPayloadDpl
 *fill*         0x0000000008001716        0x2 
 .text.HAL_Init
                0x0000000008001718       0x44 ./Drivers/STM32F4xx_HAL_Driver/Src/stm32f4xx_hal.o
                0x0000000008001718                HAL_Init
 .text.HAL_InitTick
                0x000000000800175c       0x60 ./Drivers/STM32F4xx_HAL_Driver/Src/stm32f4xx_hal.o
                0x000000000800175c                HAL_InitTick
 .text.HAL_IncTick
                0x00000000080017bc       0x28 ./Drivers/STM32F4xx_HAL_Driver/Src/stm32f4xx_hal.o
                0x00000000080017bc                HAL_IncTick
 .text.HAL_GetTick
                0x00000000080017e4       0x18 ./Drivers/STM32F4xx_HAL_Driver/Src/stm32f4xx_hal.o
                0x00000000080017e4                HAL_GetTick
 .text.HAL_Delay
                0x00000000080017fc       0x48 ./Drivers/STM32F4xx_HAL_Driver/Src/stm32f4xx_hal.o
                0x00000000080017fc                HAL_Delay
 .text.__NVIC_SetPriorityGrouping
                0x0000000008001844       0x48 ./Drivers/STM32F4xx_HAL_Driver/Src/stm32f4xx_hal_cortex.o
 .text.__NVIC_GetPriorityGrouping
                0x000000000800188c       0x1c ./Drivers/STM32F4xx_HAL_Driver/Src/stm32f4xx_hal_cortex.o
 .text.__NVIC_EnableIRQ
                0x00000000080018a8       0x3c ./Drivers/STM32F4xx_HAL_Driver/Src/stm32f4xx_hal_cortex.o
 .text.__NVIC_SetPriority
                0x00000000080018e4       0x54 ./Drivers/STM32F4xx_HAL_Driver/Src/stm32f4xx_hal_cortex.o
 .text.NVIC_EncodePriority
                0x0000000008001938       0x66 ./Drivers/STM32F4xx_HAL_Driver/Src/stm32f4xx_hal_cortex.o
 *fill*         0x000000000800199e        0x2 
 .text.SysTick_Config
                0x00000000080019a0       0x44 ./Drivers/STM32F4xx_HAL_Driver/Src/stm32f4xx_hal_cortex.o
 .text.HAL_NVIC_SetPriorityGrouping
                0x00000000080019e4       0x16 ./Drivers/STM32F4xx_HAL_Driver/Src/stm32f4xx_hal_cortex.o
                0x00000000080019e4                HAL_NVIC_SetPriorityGrouping
 .text.HAL_NVIC_SetPriority
                0x00000000080019fa       0x38 ./Drivers/STM32F4xx_HAL_Driver/Src/stm32f4xx_hal_cortex.o
                0x00000000080019fa                HAL_NVIC_SetPriority
 .text.HAL_NVIC_EnableIRQ
                0x0000000008001a32       0x1c ./Drivers/STM32F4xx_HAL_Driver/Src/stm32f4xx_hal_cortex.o
                0x0000000008001a32                HAL_NVIC_EnableIRQ
 .text.HAL_SYSTICK_Config
                0x0000000008001a4e       0x18 ./Drivers/STM32F4xx_HAL_Driver/Src/stm32f4xx_hal_cortex.o
                0x0000000008001a4e                HAL_SYSTICK_Config
 *fill*         0x0000000008001a66        0x2 
 .text.HAL_GPIO_Init
                0x0000000008001a68      0x308 ./Drivers/STM32F4xx_HAL_Driver/Src/stm32f4xx_hal_gpio.o
                0x0000000008001a68                HAL_GPIO_Init
 .text.HAL_GPIO_WritePin
                0x0000000008001d70       0x32 ./Drivers/STM32F4xx_HAL_Driver/Src/stm32f4xx_hal_gpio.o
                0x0000000008001d70                HAL_GPIO_WritePin
 .text.HAL_GPIO_TogglePin
                0x0000000008001da2       0x34 ./Drivers/STM32F4xx_HAL_Driver/Src/stm32f4xx_hal_gpio.o
                0x0000000008001da2                HAL_GPIO_TogglePin
 *fill*         0x0000000008001dd6        0x2 
 .text.HAL_GPIO_EXTI_IRQHandler
                0x0000000008001dd8       0x30 ./Drivers/STM32F4xx_HAL_Driver/Src/stm32f4xx_hal_gpio.o
                0x0000000008001dd8                HAL_GPIO_EXTI_IRQHandler
 .text.HAL_GPIO_EXTI_Callback
                0x0000000008001e08       0x16 ./Drivers/STM32F4xx_HAL_Driver/Src/stm32f4xx_hal_gpio.o
                0x0000000008001e08                HAL_GPIO_EXTI_Callback
 *fill*         0x0000000008001e1e        0x2 
 .text.HAL_RCC_OscConfig
                0x0000000008001e20      0x4f0 ./Drivers/STM32F4xx_HAL_Driver/Src/stm32f4xx_hal_rcc.o
                0x0000000008001e20                HAL_RCC_OscConfig
 .text.HAL_RCC_ClockConfig
                0x0000000008002310      0x1cc ./Drivers/STM32F4xx_HAL_Driver/Src/stm32f4xx_hal_rcc.o
                0x0000000008002310                HAL_RCC_ClockConfig
 .text.HAL_RCC_GetSysClockFreq
                0x00000000080024dc      0x20c ./Drivers/STM32F4xx_HAL_Driver/Src/stm32f4xx_hal_rcc.o
                0x00000000080024dc                HAL_RCC_GetSysClockFreq
 .text.HAL_RCC_GetHCLKFreq
                0x00000000080026e8       0x18 ./Drivers/STM32F4xx_HAL_Driver/Src/stm32f4xx_hal_rcc.o
                0x00000000080026e8                HAL_RCC_GetHCLKFreq
 .text.HAL_RCC_GetPCLK1Freq
                0x0000000008002700       0x28 ./Drivers/STM32F4xx_HAL_Driver/Src/stm32f4xx_hal_rcc.o
                0x0000000008002700                HAL_RCC_GetPCLK1Freq
 .text.HAL_RCC_GetPCLK2Freq
                0x0000000008002728       0x28 ./Drivers/STM32F4xx_HAL_Driver/Src/stm32f4xx_hal_rcc.o
                0x0000000008002728                HAL_RCC_GetPCLK2Freq
 .text.HAL_SPI_Init
                0x0000000008002750      0x112 ./Drivers/STM32F4xx_HAL_Driver/Src/stm32f4xx_hal_spi.o
                0x0000000008002750                HAL_SPI_Init
 .text.HAL_SPI_TransmitReceive
                0x0000000008002862      0x344 ./Drivers/STM32F4xx_HAL_Driver/Src/stm32f4xx_hal_spi.o
                0x0000000008002862                HAL_SPI_TransmitReceive
 *fill*         0x0000000008002ba6        0x2 
 .text.SPI_WaitFlagStateUntilTimeout
                0x0000000008002ba8      0x110 ./Drivers/STM32F4xx_HAL_Driver/Src/stm32f4xx_hal_spi.o
 .text.SPI_EndRxTxTransaction
                0x0000000008002cb8       0x84 ./Drivers/STM32F4xx_HAL_Driver/Src/stm32f4xx_hal_spi.o
 .text.HAL_UART_Init
                0x0000000008002d3c       0x9a ./Drivers/STM32F4xx_HAL_Driver/Src/stm32f4xx_hal_uart.o
                0x0000000008002d3c                HAL_UART_Init
 .text.HAL_UART_Transmit
                0x0000000008002dd6      0x124 ./Drivers/STM32F4xx_HAL_Driver/Src/stm32f4xx_hal_uart.o
                0x0000000008002dd6                HAL_UART_Transmit
 .text.UART_WaitOnFlagUntilTimeout
                0x0000000008002efa       0xdc ./Drivers/STM32F4xx_HAL_Driver/Src/stm32f4xx_hal_uart.o
 *fill*         0x0000000008002fd6        0x2 
 .text.UART_SetConfig
                0x0000000008002fd8      0x4e8 ./Drivers/STM32F4xx_HAL_Driver/Src/stm32f4xx_hal_uart.o
 .text.__libc_init_array
                0x00000000080034c0       0x48 c:/st/stm32cubeide_1.11.2/stm32cubeide/plugins/com.st.stm32cube.ide.mcu.externaltools.gnu-tools-for-stm32.10.3-2021.10.win32_1.0.100.202210260954/tools/bin/../lib/gcc/arm-none-eabi/10.3.1/../../../../arm-none-eabi/lib/thumb/v7e-m+fp/hard\libc_nano.a(lib_a-init.o)
                0x00000000080034c0                __libc_init_array
 .text.memset   0x0000000008003508       0x10 c:/st/stm32cubeide_1.11.2/stm32cubeide/plugins/com.st.stm32cube.ide.mcu.externaltools.gnu-tools-for-stm32.10.3-2021.10.win32_1.0.100.202210260954/tools/bin/../lib/gcc/arm-none-eabi/10.3.1/../../../../arm-none-eabi/lib/thumb/v7e-m+fp/hard\libc_nano.a(lib_a-memset.o)
                0x0000000008003508                memset
 *(.glue_7)
 .glue_7        0x0000000008003518        0x0 linker stubs
 *(.glue_7t)
 .glue_7t       0x0000000008003518        0x0 linker stubs
 *(.eh_frame)
 .eh_frame      0x0000000008003518        0x0 c:/st/stm32cubeide_1.11.2/stm32cubeide/plugins/com.st.stm32cube.ide.mcu.externaltools.gnu-tools-for-stm32.10.3-2021.10.win32_1.0.100.202210260954/tools/bin/../lib/gcc/arm-none-eabi/10.3.1/thumb/v7e-m+fp/hard/crtbegin.o
 *(.init)
 .init          0x0000000008003518        0x4 c:/st/stm32cubeide_1.11.2/stm32cubeide/plugins/com.st.stm32cube.ide.mcu.externaltools.gnu-tools-for-stm32.10.3-2021.10.win32_1.0.100.202210260954/tools/bin/../lib/gcc/arm-none-eabi/10.3.1/thumb/v7e-m+fp/hard/crti.o
                0x0000000008003518                _init
 .init          0x000000000800351c        0x8 c:/st/stm32cubeide_1.11.2/stm32cubeide/plugins/com.st.stm32cube.ide.mcu.externaltools.gnu-tools-for-stm32.10.3-2021.10.win32_1.0.100.202210260954/tools/bin/../lib/gcc/arm-none-eabi/10.3.1/thumb/v7e-m+fp/hard/crtn.o
 *(.fini)
 .fini          0x0000000008003524        0x4 c:/st/stm32cubeide_1.11.2/stm32cubeide/plugins/com.st.stm32cube.ide.mcu.externaltools.gnu-tools-for-stm32.10.3-2021.10.win32_1.0.100.202210260954/tools/bin/../lib/gcc/arm-none-eabi/10.3.1/thumb/v7e-m+fp/hard/crti.o
                0x0000000008003524                _fini
 .fini          0x0000000008003528        0x8 c:/st/stm32cubeide_1.11.2/stm32cubeide/plugins/com.st.stm32cube.ide.mcu.externaltools.gnu-tools-for-stm32.10.3-2021.10.win32_1.0.100.202210260954/tools/bin/../lib/gcc/arm-none-eabi/10.3.1/thumb/v7e-m+fp/hard/crtn.o
                0x0000000008003530                . = ALIGN (0x4)
                0x0000000008003530                _etext = .

.vfp11_veneer   0x0000000008003530        0x0
 .vfp11_veneer  0x0000000008003530        0x0 linker stubs

.v4_bx          0x0000000008003530        0x0
 .v4_bx         0x0000000008003530        0x0 linker stubs

.iplt           0x0000000008003530        0x0
 .iplt          0x0000000008003530        0x0 c:/st/stm32cubeide_1.11.2/stm32cubeide/plugins/com.st.stm32cube.ide.mcu.externaltools.gnu-tools-for-stm32.10.3-2021.10.win32_1.0.100.202210260954/tools/bin/../lib/gcc/arm-none-eabi/10.3.1/thumb/v7e-m+fp/hard/crtbegin.o

.rodata         0x0000000008003530      0x104
                0x0000000008003530                . = ALIGN (0x4)
 *(.rodata)
 .rodata        0x0000000008003530       0xcf ./Core/Src/radio_demo.o
 *fill*         0x00000000080035ff        0x1 
 .rodata        0x0000000008003600        0x6 ./Drivers/NRF24L01/nrf24.o
 *(.rodata*)
 *fill*         0x0000000008003606        0x2 
 .rodata.nRF24_ADDR.0
                0x0000000008003608        0x3 ./Core/Src/radio_demo.o
 *fill*         0x000000000800360b        0x1 
 .rodata.AHBPrescTable
                0x000000000800360c       0x10 ./Core/Src/system_stm32f4xx.o
                0x000000000800360c                AHBPrescTable
 .rodata.APBPrescTable
                0x000000000800361c        0x8 ./Core/Src/system_stm32f4xx.o
                0x000000000800361c                APBPrescTable
 .rodata.nRF24_RX_PW_PIPE
                0x0000000008003624        0x6 ./Drivers/NRF24L01/nrf24.o
 *fill*         0x000000000800362a        0x2 
 .rodata.nRF24_ADDR_REGS
                0x000000000800362c        0x7 ./Drivers/NRF24L01/nrf24.o
                0x0000000008003634                . = ALIGN (0x4)
 *fill*         0x0000000008003633        0x1 

.ARM.extab      0x0000000008003634        0x0
                0x0000000008003634                . = ALIGN (0x4)
 *(.ARM.extab* .gnu.linkonce.armextab.*)
                0x0000000008003634                . = ALIGN (0x4)

.ARM            0x0000000008003634        0x8
                0x0000000008003634                . = ALIGN (0x4)
                0x0000000008003634                __exidx_start = .
 *(.ARM.exidx*)
 .ARM.exidx     0x0000000008003634        0x8 c:/st/stm32cubeide_1.11.2/stm32cubeide/plugins/com.st.stm32cube.ide.mcu.externaltools.gnu-tools-for-stm32.10.3-2021.10.win32_1.0.100.202210260954/tools/bin/../lib/gcc/arm-none-eabi/10.3.1/thumb/v7e-m+fp/hard\libgcc.a(_udivmoddi4.o)
                0x000000000800363c                __exidx_end = .
                0x000000000800363c                . = ALIGN (0x4)

.rel.dyn        0x000000000800363c        0x0
 .rel.iplt      0x000000000800363c        0x0 c:/st/stm32cubeide_1.11.2/stm32cubeide/plugins/com.st.stm32cube.ide.mcu.externaltools.gnu-tools-for-stm32.10.3-2021.10.win32_1.0.100.202210260954/tools/bin/../lib/gcc/arm-none-eabi/10.3.1/thumb/v7e-m+fp/hard/crtbegin.o

.preinit_array  0x000000000800363c        0x0
                0x000000000800363c                . = ALIGN (0x4)
                0x000000000800363c                PROVIDE (__preinit_array_start = .)
 *(.preinit_array*)
                0x000000000800363c                PROVIDE (__preinit_array_end = .)
                0x000000000800363c                . = ALIGN (0x4)

.init_array     0x000000000800363c        0x4
                0x000000000800363c                . = ALIGN (0x4)
                0x000000000800363c                PROVIDE (__init_array_start = .)
 *(SORT_BY_NAME(.init_array.*))
 *(.init_array*)
 .init_array    0x000000000800363c        0x4 c:/st/stm32cubeide_1.11.2/stm32cubeide/plugins/com.st.stm32cube.ide.mcu.externaltools.gnu-tools-for-stm32.10.3-2021.10.win32_1.0.100.202210260954/tools/bin/../lib/gcc/arm-none-eabi/10.3.1/thumb/v7e-m+fp/hard/crtbegin.o
                0x0000000008003640                PROVIDE (__init_array_end = .)
                0x0000000008003640                . = ALIGN (0x4)

.fini_array     0x0000000008003640        0x4
                0x0000000008003640                . = ALIGN (0x4)
                [!provide]                        PROVIDE (__fini_array_start = .)
 *(SORT_BY_NAME(.fini_array.*))
 *(.fini_array*)
 .fini_array    0x0000000008003640        0x4 c:/st/stm32cubeide_1.11.2/stm32cubeide/plugins/com.st.stm32cube.ide.mcu.externaltools.gnu-tools-for-stm32.10.3-2021.10.win32_1.0.100.202210260954/tools/bin/../lib/gcc/arm-none-eabi/10.3.1/thumb/v7e-m+fp/hard/crtbegin.o
                [!provide]                        PROVIDE (__fini_array_end = .)
                0x0000000008003644                . = ALIGN (0x4)
                0x0000000008003644                _sidata = LOADADDR (.data)

.data           0x0000000020000000        0xc load address 0x0000000008003644
                0x0000000020000000                . = ALIGN (0x4)
                0x0000000020000000                _sdata = .
 *(.data)
 *(.data*)
 .data.SystemCoreClock
                0x0000000020000000        0x4 ./Core/Src/system_stm32f4xx.o
                0x0000000020000000                SystemCoreClock
 .data.uwTickPrio
                0x0000000020000004        0x4 ./Drivers/STM32F4xx_HAL_Driver/Src/stm32f4xx_hal.o
                0x0000000020000004                uwTickPrio
 .data.uwTickFreq
                0x0000000020000008        0x1 ./Drivers/STM32F4xx_HAL_Driver/Src/stm32f4xx_hal.o
                0x0000000020000008                uwTickFreq
                0x000000002000000c                . = ALIGN (0x4)
 *fill*         0x0000000020000009        0x3 
                0x000000002000000c                _edata = .

.igot.plt       0x000000002000000c        0x0 load address 0x0000000008003650
 .igot.plt      0x000000002000000c        0x0 c:/st/stm32cubeide_1.11.2/stm32cubeide/plugins/com.st.stm32cube.ide.mcu.externaltools.gnu-tools-for-stm32.10.3-2021.10.win32_1.0.100.202210260954/tools/bin/../lib/gcc/arm-none-eabi/10.3.1/thumb/v7e-m+fp/hard/crtbegin.o
                0x000000002000000c                . = ALIGN (0x4)

.bss            0x000000002000000c       0xec load address 0x0000000008003650
                0x000000002000000c                _sbss = .
                0x000000002000000c                __bss_start__ = _sbss
 *(.bss)
 .bss           0x000000002000000c       0x1c c:/st/stm32cubeide_1.11.2/stm32cubeide/plugins/com.st.stm32cube.ide.mcu.externaltools.gnu-tools-for-stm32.10.3-2021.10.win32_1.0.100.202210260954/tools/bin/../lib/gcc/arm-none-eabi/10.3.1/thumb/v7e-m+fp/hard/crtbegin.o
 *(.bss*)
 .bss.hspi3     0x0000000020000028       0x58 ./Core/Src/main.o
                0x0000000020000028                hspi3
 .bss.huart2    0x0000000020000080       0x44 ./Core/Src/main.o
                0x0000000020000080                huart2
 .bss.nRF24_payload
                0x00000000200000c4       0x20 ./Core/Src/radio_demo.o
                0x00000000200000c4                nRF24_payload
 .bss.i         0x00000000200000e4        0x4 ./Core/Src/radio_demo.o
                0x00000000200000e4                i
 .bss.j         0x00000000200000e8        0x4 ./Core/Src/radio_demo.o
                0x00000000200000e8                j
 .bss.k         0x00000000200000ec        0x4 ./Core/Src/radio_demo.o
                0x00000000200000ec                k
 .bss.payload_length
                0x00000000200000f0        0x1 ./Core/Src/radio_demo.o
                0x00000000200000f0                payload_length
 .bss.tx_res    0x00000000200000f1        0x1 ./Core/Src/radio_demo.o
                0x00000000200000f1                tx_res
 *fill*         0x00000000200000f2        0x2 
 .bss.uwTick    0x00000000200000f4        0x4 ./Drivers/STM32F4xx_HAL_Driver/Src/stm32f4xx_hal.o
                0x00000000200000f4                uwTick
 *(COMMON)
                0x00000000200000f8                . = ALIGN (0x4)
                0x00000000200000f8                _ebss = .
                0x00000000200000f8                __bss_end__ = _ebss

._user_heap_stack
                0x00000000200000f8      0x600 load address 0x0000000008003650
                0x00000000200000f8                . = ALIGN (0x8)
                [!provide]                        PROVIDE (end = .)
                0x00000000200000f8                PROVIDE (_end = .)
                0x00000000200002f8                . = (. + _Min_Heap_Size)
 *fill*         0x00000000200000f8      0x200 
                0x00000000200006f8                . = (. + _Min_Stack_Size)
 *fill*         0x00000000200002f8      0x400 
                0x00000000200006f8                . = ALIGN (0x8)

/DISCARD/
 libc.a(*)
 libm.a(*)
 libgcc.a(*)

.ARM.attributes
                0x0000000000000000       0x30
 *(.ARM.attributes)
 .ARM.attributes
                0x0000000000000000       0x1e c:/st/stm32cubeide_1.11.2/stm32cubeide/plugins/com.st.stm32cube.ide.mcu.externaltools.gnu-tools-for-stm32.10.3-2021.10.win32_1.0.100.202210260954/tools/bin/../lib/gcc/arm-none-eabi/10.3.1/thumb/v7e-m+fp/hard/crti.o
 .ARM.attributes
                0x000000000000001e       0x34 c:/st/stm32cubeide_1.11.2/stm32cubeide/plugins/com.st.stm32cube.ide.mcu.externaltools.gnu-tools-for-stm32.10.3-2021.10.win32_1.0.100.202210260954/tools/bin/../lib/gcc/arm-none-eabi/10.3.1/thumb/v7e-m+fp/hard/crtbegin.o
 .ARM.attributes
                0x0000000000000052       0x34 ./Core/Src/main.o
 .ARM.attributes
                0x0000000000000086       0x34 ./Core/Src/radio_demo.o
 .ARM.attributes
                0x00000000000000ba       0x34 ./Core/Src/stm32f4xx_hal_msp.o
 .ARM.attributes
                0x00000000000000ee       0x34 ./Core/Src/stm32f4xx_it.o
 .ARM.attributes
                0x0000000000000122       0x34 ./Core/Src/system_stm32f4xx.o
 .ARM.attributes
                0x0000000000000156       0x21 ./Core/Startup/startup_stm32f411retx.o
 .ARM.attributes
                0x0000000000000177       0x34 ./Drivers/NRF24L01/nrf24.o
 .ARM.attributes
                0x00000000000001ab       0x34 ./Drivers/STM32F4xx_HAL_Driver/Src/stm32f4xx_hal.o
 .ARM.attributes
                0x00000000000001df       0x34 ./Drivers/STM32F4xx_HAL_Driver/Src/stm32f4xx_hal_cortex.o
 .ARM.attributes
                0x0000000000000213       0x34 ./Drivers/STM32F4xx_HAL_Driver/Src/stm32f4xx_hal_gpio.o
 .ARM.attributes
                0x0000000000000247       0x34 ./Drivers/STM32F4xx_HAL_Driver/Src/stm32f4xx_hal_rcc.o
 .ARM.attributes
                0x000000000000027b       0x34 ./Drivers/STM32F4xx_HAL_Driver/Src/stm32f4xx_hal_spi.o
 .ARM.attributes
                0x00000000000002af       0x34 ./Drivers/STM32F4xx_HAL_Driver/Src/stm32f4xx_hal_uart.o
 .ARM.attributes
                0x00000000000002e3       0x34 c:/st/stm32cubeide_1.11.2/stm32cubeide/plugins/com.st.stm32cube.ide.mcu.externaltools.gnu-tools-for-stm32.10.3-2021.10.win32_1.0.100.202210260954/tools/bin/../lib/gcc/arm-none-eabi/10.3.1/../../../../arm-none-eabi/lib/thumb/v7e-m+fp/hard\libc_nano.a(lib_a-init.o)
 .ARM.attributes
                0x0000000000000317       0x34 c:/st/stm32cubeide_1.11.2/stm32cubeide/plugins/com.st.stm32cube.ide.mcu.externaltools.gnu-tools-for-stm32.10.3-2021.10.win32_1.0.100.202210260954/tools/bin/../lib/gcc/arm-none-eabi/10.3.1/../../../../arm-none-eabi/lib/thumb/v7e-m+fp/hard\libc_nano.a(lib_a-memset.o)
 .ARM.attributes
                0x000000000000034b       0x17 c:/st/stm32cubeide_1.11.2/stm32cubeide/plugins/com.st.stm32cube.ide.mcu.externaltools.gnu-tools-for-stm32.10.3-2021.10.win32_1.0.100.202210260954/tools/bin/../lib/gcc/arm-none-eabi/10.3.1/../../../../arm-none-eabi/lib/thumb/v7e-m+fp/hard\libc_nano.a(lib_a-strlen.o)
 .ARM.attributes
                0x0000000000000362       0x1e c:/st/stm32cubeide_1.11.2/stm32cubeide/plugins/com.st.stm32cube.ide.mcu.externaltools.gnu-tools-for-stm32.10.3-2021.10.win32_1.0.100.202210260954/tools/bin/../lib/gcc/arm-none-eabi/10.3.1/thumb/v7e-m+fp/hard\libgcc.a(_aeabi_uldivmod.o)
 .ARM.attributes
                0x0000000000000380       0x34 c:/st/stm32cubeide_1.11.2/stm32cubeide/plugins/com.st.stm32cube.ide.mcu.externaltools.gnu-tools-for-stm32.10.3-2021.10.win32_1.0.100.202210260954/tools/bin/../lib/gcc/arm-none-eabi/10.3.1/thumb/v7e-m+fp/hard\libgcc.a(_udivmoddi4.o)
 .ARM.attributes
                0x00000000000003b4       0x1e c:/st/stm32cubeide_1.11.2/stm32cubeide/plugins/com.st.stm32cube.ide.mcu.externaltools.gnu-tools-for-stm32.10.3-2021.10.win32_1.0.100.202210260954/tools/bin/../lib/gcc/arm-none-eabi/10.3.1/thumb/v7e-m+fp/hard\libgcc.a(_dvmd_tls.o)
 .ARM.attributes
                0x00000000000003d2       0x1e c:/st/stm32cubeide_1.11.2/stm32cubeide/plugins/com.st.stm32cube.ide.mcu.externaltools.gnu-tools-for-stm32.10.3-2021.10.win32_1.0.100.202210260954/tools/bin/../lib/gcc/arm-none-eabi/10.3.1/thumb/v7e-m+fp/hard/crtn.o
OUTPUT(Nucleo_F411RE_NRF24L01_Transmitter_v1.elf elf32-littlearm)
LOAD linker stubs
LOAD c:/st/stm32cubeide_1.11.2/stm32cubeide/plugins/com.st.stm32cube.ide.mcu.externaltools.gnu-tools-for-stm32.10.3-2021.10.win32_1.0.100.202210260954/tools/bin/../lib/gcc/arm-none-eabi/10.3.1/../../../../arm-none-eabi/lib/thumb/v7e-m+fp/hard\libc.a
LOAD c:/st/stm32cubeide_1.11.2/stm32cubeide/plugins/com.st.stm32cube.ide.mcu.externaltools.gnu-tools-for-stm32.10.3-2021.10.win32_1.0.100.202210260954/tools/bin/../lib/gcc/arm-none-eabi/10.3.1/../../../../arm-none-eabi/lib/thumb/v7e-m+fp/hard\libm.a
LOAD c:/st/stm32cubeide_1.11.2/stm32cubeide/plugins/com.st.stm32cube.ide.mcu.externaltools.gnu-tools-for-stm32.10.3-2021.10.win32_1.0.100.202210260954/tools/bin/../lib/gcc/arm-none-eabi/10.3.1/thumb/v7e-m+fp/hard\libgcc.a

.debug_info     0x0000000000000000     0xb315
 .debug_info    0x0000000000000000     0x10d5 ./Core/Src/main.o
 .debug_info    0x00000000000010d5      0xde0 ./Core/Src/radio_demo.o
 .debug_info    0x0000000000001eb5      0xcd9 ./Core/Src/stm32f4xx_hal_msp.o
 .debug_info    0x0000000000002b8e      0x15d ./Core/Src/stm32f4xx_it.o
 .debug_info    0x0000000000002ceb      0x54f ./Core/Src/system_stm32f4xx.o
 .debug_info    0x000000000000323a       0x22 ./Core/Startup/startup_stm32f411retx.o
 .debug_info    0x000000000000325c     0x1002 ./Drivers/NRF24L01/nrf24.o
 .debug_info    0x000000000000425e      0x90d ./Drivers/STM32F4xx_HAL_Driver/Src/stm32f4xx_hal.o
 .debug_info    0x0000000000004b6b      0xd8b ./Drivers/STM32F4xx_HAL_Driver/Src/stm32f4xx_hal_cortex.o
 .debug_info    0x00000000000058f6      0x78e ./Drivers/STM32F4xx_HAL_Driver/Src/stm32f4xx_hal_gpio.o
 .debug_info    0x0000000000006084      0x98d ./Drivers/STM32F4xx_HAL_Driver/Src/stm32f4xx_hal_rcc.o
 .debug_info    0x0000000000006a11     0x1750 ./Drivers/STM32F4xx_HAL_Driver/Src/stm32f4xx_hal_spi.o
 .debug_info    0x0000000000008161     0x31b4 ./Drivers/STM32F4xx_HAL_Driver/Src/stm32f4xx_hal_uart.o

.debug_abbrev   0x0000000000000000     0x1ad4
 .debug_abbrev  0x0000000000000000      0x248 ./Core/Src/main.o
 .debug_abbrev  0x0000000000000248      0x2a6 ./Core/Src/radio_demo.o
 .debug_abbrev  0x00000000000004ee      0x1b0 ./Core/Src/stm32f4xx_hal_msp.o
 .debug_abbrev  0x000000000000069e       0x9f ./Core/Src/stm32f4xx_it.o
 .debug_abbrev  0x000000000000073d      0x116 ./Core/Src/system_stm32f4xx.o
 .debug_abbrev  0x0000000000000853       0x12 ./Core/Startup/startup_stm32f411retx.o
 .debug_abbrev  0x0000000000000865      0x33a ./Drivers/NRF24L01/nrf24.o
 .debug_abbrev  0x0000000000000b9f      0x23e ./Drivers/STM32F4xx_HAL_Driver/Src/stm32f4xx_hal.o
 .debug_abbrev  0x0000000000000ddd      0x316 ./Drivers/STM32F4xx_HAL_Driver/Src/stm32f4xx_hal_cortex.o
 .debug_abbrev  0x00000000000010f3      0x1c4 ./Drivers/STM32F4xx_HAL_Driver/Src/stm32f4xx_hal_gpio.o
 .debug_abbrev  0x00000000000012b7      0x2aa ./Drivers/STM32F4xx_HAL_Driver/Src/stm32f4xx_hal_rcc.o
 .debug_abbrev  0x0000000000001561      0x26e ./Drivers/STM32F4xx_HAL_Driver/Src/stm32f4xx_hal_spi.o
 .debug_abbrev  0x00000000000017cf      0x305 ./Drivers/STM32F4xx_HAL_Driver/Src/stm32f4xx_hal_uart.o

.debug_aranges  0x0000000000000000      0x9d0
 .debug_aranges
                0x0000000000000000       0x48 ./Core/Src/main.o
 .debug_aranges
                0x0000000000000048       0x70 ./Core/Src/radio_demo.o
 .debug_aranges
                0x00000000000000b8       0x40 ./Core/Src/stm32f4xx_hal_msp.o
 .debug_aranges
                0x00000000000000f8       0x68 ./Core/Src/stm32f4xx_it.o
 .debug_aranges
                0x0000000000000160       0x28 ./Core/Src/system_stm32f4xx.o
 .debug_aranges
                0x0000000000000188       0x28 ./Core/Startup/startup_stm32f411retx.o
 .debug_aranges
                0x00000000000001b0      0x168 ./Drivers/NRF24L01/nrf24.o
 .debug_aranges
                0x0000000000000318       0xf0 ./Drivers/STM32F4xx_HAL_Driver/Src/stm32f4xx_hal.o
 .debug_aranges
                0x0000000000000408      0x118 ./Drivers/STM32F4xx_HAL_Driver/Src/stm32f4xx_hal_cortex.o
 .debug_aranges
                0x0000000000000520       0x58 ./Drivers/STM32F4xx_HAL_Driver/Src/stm32f4xx_hal_gpio.o
 .debug_aranges
                0x0000000000000578       0x88 ./Drivers/STM32F4xx_HAL_Driver/Src/stm32f4xx_hal_rcc.o
 .debug_aranges
                0x0000000000000600      0x1d0 ./Drivers/STM32F4xx_HAL_Driver/Src/stm32f4xx_hal_spi.o
 .debug_aranges
                0x00000000000007d0      0x200 ./Drivers/STM32F4xx_HAL_Driver/Src/stm32f4xx_hal_uart.o

.debug_ranges   0x0000000000000000      0x938
 .debug_ranges  0x0000000000000000       0x38 ./Core/Src/main.o
 .debug_ranges  0x0000000000000038       0x60 ./Core/Src/radio_demo.o
 .debug_ranges  0x0000000000000098       0x30 ./Core/Src/stm32f4xx_hal_msp.o
 .debug_ranges  0x00000000000000c8       0x58 ./Core/Src/stm32f4xx_it.o
 .debug_ranges  0x0000000000000120       0x18 ./Core/Src/system_stm32f4xx.o
 .debug_ranges  0x0000000000000138       0x20 ./Core/Startup/startup_stm32f411retx.o
 .debug_ranges  0x0000000000000158      0x158 ./Drivers/NRF24L01/nrf24.o
 .debug_ranges  0x00000000000002b0       0xe0 ./Drivers/STM32F4xx_HAL_Driver/Src/stm32f4xx_hal.o
 .debug_ranges  0x0000000000000390      0x108 ./Drivers/STM32F4xx_HAL_Driver/Src/stm32f4xx_hal_cortex.o
 .debug_ranges  0x0000000000000498       0x48 ./Drivers/STM32F4xx_HAL_Driver/Src/stm32f4xx_hal_gpio.o
 .debug_ranges  0x00000000000004e0       0x78 ./Drivers/STM32F4xx_HAL_Driver/Src/stm32f4xx_hal_rcc.o
 .debug_ranges  0x0000000000000558      0x1c0 ./Drivers/STM32F4xx_HAL_Driver/Src/stm32f4xx_hal_spi.o
 .debug_ranges  0x0000000000000718      0x220 ./Drivers/STM32F4xx_HAL_Driver/Src/stm32f4xx_hal_uart.o

.debug_macro    0x0000000000000000    0x15cfa
 .debug_macro   0x0000000000000000      0x1d3 ./Core/Src/main.o
 .debug_macro   0x00000000000001d3      0xa78 ./Core/Src/main.o
 .debug_macro   0x0000000000000c4b      0x29b ./Core/Src/main.o
 .debug_macro   0x0000000000000ee6       0x2e ./Core/Src/main.o
 .debug_macro   0x0000000000000f14       0x28 ./Core/Src/main.o
 .debug_macro   0x0000000000000f3c       0x22 ./Core/Src/main.o
 .debug_macro   0x0000000000000f5e       0x8e ./Core/Src/main.o
 .debug_macro   0x0000000000000fec       0x51 ./Core/Src/main.o
 .debug_macro   0x000000000000103d      0x103 ./Core/Src/main.o
 .debug_macro   0x0000000000001140       0x6a ./Core/Src/main.o
 .debug_macro   0x00000000000011aa      0x1df ./Core/Src/main.o
 .debug_macro   0x0000000000001389       0x1c ./Core/Src/main.o
 .debug_macro   0x00000000000013a5       0x22 ./Core/Src/main.o
 .debug_macro   0x00000000000013c7       0xd9 ./Core/Src/main.o
 .debug_macro   0x00000000000014a0     0x102d ./Core/Src/main.o
 .debug_macro   0x00000000000024cd      0x11f ./Core/Src/main.o
 .debug_macro   0x00000000000025ec     0xb953 ./Core/Src/main.o
 .debug_macro   0x000000000000df3f       0x6d ./Core/Src/main.o
 .debug_macro   0x000000000000dfac     0x367e ./Core/Src/main.o
 .debug_macro   0x000000000001162a      0x174 ./Core/Src/main.o
 .debug_macro   0x000000000001179e       0x5c ./Core/Src/main.o
 .debug_macro   0x00000000000117fa      0x447 ./Core/Src/main.o
 .debug_macro   0x0000000000011c41      0x9fe ./Core/Src/main.o
 .debug_macro   0x000000000001263f      0x115 ./Core/Src/main.o
 .debug_macro   0x0000000000012754      0x11b ./Core/Src/main.o
 .debug_macro   0x000000000001286f       0xa5 ./Core/Src/main.o
 .debug_macro   0x0000000000012914      0x15f ./Core/Src/main.o
 .debug_macro   0x0000000000012a73      0x287 ./Core/Src/main.o
 .debug_macro   0x0000000000012cfa       0x5f ./Core/Src/main.o
 .debug_macro   0x0000000000012d59      0x236 ./Core/Src/main.o
 .debug_macro   0x0000000000012f8f      0x132 ./Core/Src/main.o
 .debug_macro   0x00000000000130c1      0x264 ./Core/Src/main.o
 .debug_macro   0x0000000000013325       0x2e ./Core/Src/main.o
 .debug_macro   0x0000000000013353      0x11a ./Core/Src/main.o
 .debug_macro   0x000000000001346d       0x85 ./Core/Src/main.o
 .debug_macro   0x00000000000134f2       0x89 ./Core/Src/main.o
 .debug_macro   0x000000000001357b      0x225 ./Core/Src/main.o
 .debug_macro   0x00000000000137a0      0x295 ./Core/Src/main.o
 .debug_macro   0x0000000000013a35      0x126 ./Core/Src/main.o
 .debug_macro   0x0000000000013b5b       0x82 ./Core/Src/main.o
 .debug_macro   0x0000000000013bdd      0x306 ./Core/Src/radio_demo.o
 .debug_macro   0x0000000000013ee3       0x4c ./Core/Src/radio_demo.o
 .debug_macro   0x0000000000013f2f       0x1e ./Core/Src/radio_demo.o
 .debug_macro   0x0000000000013f4d       0x94 ./Core/Src/radio_demo.o
 .debug_macro   0x0000000000013fe1       0x3c ./Core/Src/radio_demo.o
 .debug_macro   0x000000000001401d       0x34 ./Core/Src/radio_demo.o
 .debug_macro   0x0000000000014051       0x16 ./Core/Src/radio_demo.o
 .debug_macro   0x0000000000014067       0x43 ./Core/Src/radio_demo.o
 .debug_macro   0x00000000000140aa       0x57 ./Core/Src/radio_demo.o
 .debug_macro   0x0000000000014101       0x34 ./Core/Src/radio_demo.o
 .debug_macro   0x0000000000014135       0x10 ./Core/Src/radio_demo.o
 .debug_macro   0x0000000000014145       0x58 ./Core/Src/radio_demo.o
 .debug_macro   0x000000000001419d       0x71 ./Core/Src/radio_demo.o
 .debug_macro   0x000000000001420e       0x1c ./Core/Src/radio_demo.o
 .debug_macro   0x000000000001422a      0x12a ./Core/Src/radio_demo.o
 .debug_macro   0x0000000000014354      0x341 ./Core/Src/radio_demo.o
 .debug_macro   0x0000000000014695       0x10 ./Core/Src/radio_demo.o
 .debug_macro   0x00000000000146a5       0x35 ./Core/Src/radio_demo.o
 .debug_macro   0x00000000000146da       0x20 ./Core/Src/radio_demo.o
 .debug_macro   0x00000000000146fa       0x56 ./Core/Src/radio_demo.o
 .debug_macro   0x0000000000014750      0x18c ./Core/Src/radio_demo.o
 .debug_macro   0x00000000000148dc      0x1d3 ./Core/Src/stm32f4xx_hal_msp.o
 .debug_macro   0x0000000000014aaf      0x1dd ./Core/Src/stm32f4xx_it.o
 .debug_macro   0x0000000000014c8c      0x1ca ./Core/Src/system_stm32f4xx.o
 .debug_macro   0x0000000000014e56      0x1ec ./Drivers/NRF24L01/nrf24.o
 .debug_macro   0x0000000000015042      0x186 ./Drivers/NRF24L01/nrf24.o
 .debug_macro   0x00000000000151c8      0x224 ./Drivers/STM32F4xx_HAL_Driver/Src/stm32f4xx_hal.o
 .debug_macro   0x00000000000153ec      0x1c4 ./Drivers/STM32F4xx_HAL_Driver/Src/stm32f4xx_hal_cortex.o
 .debug_macro   0x00000000000155b0      0x1ca ./Drivers/STM32F4xx_HAL_Driver/Src/stm32f4xx_hal_gpio.o
 .debug_macro   0x000000000001577a      0x1e8 ./Drivers/STM32F4xx_HAL_Driver/Src/stm32f4xx_hal_rcc.o
 .debug_macro   0x0000000000015962      0x1d3 ./Drivers/STM32F4xx_HAL_Driver/Src/stm32f4xx_hal_spi.o
 .debug_macro   0x0000000000015b35      0x1c5 ./Drivers/STM32F4xx_HAL_Driver/Src/stm32f4xx_hal_uart.o

.debug_line     0x0000000000000000     0xaa3f
 .debug_line    0x0000000000000000      0x7d6 ./Core/Src/main.o
 .debug_line    0x00000000000007d6      0xb1d ./Core/Src/radio_demo.o
 .debug_line    0x00000000000012f3      0x757 ./Core/Src/stm32f4xx_hal_msp.o
 .debug_line    0x0000000000001a4a      0x77e ./Core/Src/stm32f4xx_it.o
 .debug_line    0x00000000000021c8      0x731 ./Core/Src/system_stm32f4xx.o
 .debug_line    0x00000000000028f9       0x85 ./Core/Startup/startup_stm32f411retx.o
 .debug_line    0x000000000000297e      0xcc9 ./Drivers/NRF24L01/nrf24.o
 .debug_line    0x0000000000003647      0x991 ./Drivers/STM32F4xx_HAL_Driver/Src/stm32f4xx_hal.o
 .debug_line    0x0000000000003fd8      0xc40 ./Drivers/STM32F4xx_HAL_Driver/Src/stm32f4xx_hal_cortex.o
 .debug_line    0x0000000000004c18      0xac9 ./Drivers/STM32F4xx_HAL_Driver/Src/stm32f4xx_hal_gpio.o
 .debug_line    0x00000000000056e1      0xd0d ./Drivers/STM32F4xx_HAL_Driver/Src/stm32f4xx_hal_rcc.o
 .debug_line    0x00000000000063ee     0x1c1b ./Drivers/STM32F4xx_HAL_Driver/Src/stm32f4xx_hal_spi.o
 .debug_line    0x0000000000008009     0x2a36 ./Drivers/STM32F4xx_HAL_Driver/Src/stm32f4xx_hal_uart.o

.debug_str      0x0000000000000000    0x87488
 .debug_str     0x0000000000000000    0x81a27 ./Core/Src/main.o
                                      0x81d39 (size before relaxing)
 .debug_str     0x0000000000081a27     0x3dd7 ./Core/Src/radio_demo.o
                                      0x852c7 (size before relaxing)
 .debug_str     0x00000000000857fe       0xaa ./Core/Src/stm32f4xx_hal_msp.o
                                      0x817bc (size before relaxing)
 .debug_str     0x00000000000858a8       0xf3 ./Core/Src/stm32f4xx_it.o
                                      0x810a9 (size before relaxing)
 .debug_str     0x000000000008599b       0xf0 ./Core/Src/system_stm32f4xx.o
                                      0x80fee (size before relaxing)
 .debug_str     0x0000000000085a8b       0x36 ./Core/Startup/startup_stm32f411retx.o
                                         0xe4 (size before relaxing)
 .debug_str     0x0000000000085ac1      0x216 ./Drivers/NRF24L01/nrf24.o
                                      0x8220f (size before relaxing)
 .debug_str     0x0000000000085cd7      0x5e1 ./Drivers/STM32F4xx_HAL_Driver/Src/stm32f4xx_hal.o
                                      0x81a05 (size before relaxing)
 .debug_str     0x00000000000862b8      0x337 ./Drivers/STM32F4xx_HAL_Driver/Src/stm32f4xx_hal_cortex.o
                                      0x81726 (size before relaxing)
 .debug_str     0x00000000000865ef       0xf5 ./Drivers/STM32F4xx_HAL_Driver/Src/stm32f4xx_hal_gpio.o
                                      0x81154 (size before relaxing)
 .debug_str     0x00000000000866e4      0x233 ./Drivers/STM32F4xx_HAL_Driver/Src/stm32f4xx_hal_rcc.o
                                      0x8140d (size before relaxing)
 .debug_str     0x0000000000086917      0x58a ./Drivers/STM32F4xx_HAL_Driver/Src/stm32f4xx_hal_spi.o
                                      0x8188b (size before relaxing)
 .debug_str     0x0000000000086ea1      0x5e7 ./Drivers/STM32F4xx_HAL_Driver/Src/stm32f4xx_hal_uart.o
                                      0x8199a (size before relaxing)

.comment        0x0000000000000000       0x50
 .comment       0x0000000000000000       0x50 ./Core/Src/main.o
                                         0x51 (size before relaxing)
 .comment       0x0000000000000050       0x51 ./Core/Src/radio_demo.o
 .comment       0x0000000000000050       0x51 ./Core/Src/stm32f4xx_hal_msp.o
 .comment       0x0000000000000050       0x51 ./Core/Src/stm32f4xx_it.o
 .comment       0x0000000000000050       0x51 ./Core/Src/system_stm32f4xx.o
 .comment       0x0000000000000050       0x51 ./Drivers/NRF24L01/nrf24.o
 .comment       0x0000000000000050       0x51 ./Drivers/STM32F4xx_HAL_Driver/Src/stm32f4xx_hal.o
 .comment       0x0000000000000050       0x51 ./Drivers/STM32F4xx_HAL_Driver/Src/stm32f4xx_hal_cortex.o
 .comment       0x0000000000000050       0x51 ./Drivers/STM32F4xx_HAL_Driver/Src/stm32f4xx_hal_gpio.o
 .comment       0x0000000000000050       0x51 ./Drivers/STM32F4xx_HAL_Driver/Src/stm32f4xx_hal_rcc.o
 .comment       0x0000000000000050       0x51 ./Drivers/STM32F4xx_HAL_Driver/Src/stm32f4xx_hal_spi.o
 .comment       0x0000000000000050       0x51 ./Drivers/STM32F4xx_HAL_Driver/Src/stm32f4xx_hal_uart.o

.debug_frame    0x0000000000000000     0x2770
 .debug_frame   0x0000000000000000       0xcc ./Core/Src/main.o
 .debug_frame   0x00000000000000cc      0x184 ./Core/Src/radio_demo.o
 .debug_frame   0x0000000000000250       0xc4 ./Core/Src/stm32f4xx_hal_msp.o
 .debug_frame   0x0000000000000314      0x128 ./Core/Src/stm32f4xx_it.o
 .debug_frame   0x000000000000043c       0x58 ./Core/Src/system_stm32f4xx.o
 .debug_frame   0x0000000000000494      0x594 ./Drivers/NRF24L01/nrf24.o
 .debug_frame   0x0000000000000a28      0x374 ./Drivers/STM32F4xx_HAL_Driver/Src/stm32f4xx_hal.o
 .debug_frame   0x0000000000000d9c      0x498 ./Drivers/STM32F4xx_HAL_Driver/Src/stm32f4xx_hal_cortex.o
 .debug_frame   0x0000000000001234      0x14c ./Drivers/STM32F4xx_HAL_Driver/Src/stm32f4xx_hal_gpio.o
 .debug_frame   0x0000000000001380      0x1f4 ./Drivers/STM32F4xx_HAL_Driver/Src/stm32f4xx_hal_rcc.o
 .debug_frame   0x0000000000001574      0x824 ./Drivers/STM32F4xx_HAL_Driver/Src/stm32f4xx_hal_spi.o
 .debug_frame   0x0000000000001d98      0x92c ./Drivers/STM32F4xx_HAL_Driver/Src/stm32f4xx_hal_uart.o
 .debug_frame   0x00000000000026c4       0x2c c:/st/stm32cubeide_1.11.2/stm32cubeide/plugins/com.st.stm32cube.ide.mcu.externaltools.gnu-tools-for-stm32.10.3-2021.10.win32_1.0.100.202210260954/tools/bin/../lib/gcc/arm-none-eabi/10.3.1/../../../../arm-none-eabi/lib/thumb/v7e-m+fp/hard\libc_nano.a(lib_a-init.o)
 .debug_frame   0x00000000000026f0       0x20 c:/st/stm32cubeide_1.11.2/stm32cubeide/plugins/com.st.stm32cube.ide.mcu.externaltools.gnu-tools-for-stm32.10.3-2021.10.win32_1.0.100.202210260954/tools/bin/../lib/gcc/arm-none-eabi/10.3.1/../../../../arm-none-eabi/lib/thumb/v7e-m+fp/hard\libc_nano.a(lib_a-memset.o)
 .debug_frame   0x0000000000002710       0x2c c:/st/stm32cubeide_1.11.2/stm32cubeide/plugins/com.st.stm32cube.ide.mcu.externaltools.gnu-tools-for-stm32.10.3-2021.10.win32_1.0.100.202210260954/tools/bin/../lib/gcc/arm-none-eabi/10.3.1/thumb/v7e-m+fp/hard\libgcc.a(_aeabi_uldivmod.o)
 .debug_frame   0x000000000000273c       0x34 c:/st/stm32cubeide_1.11.2/stm32cubeide/plugins/com.st.stm32cube.ide.mcu.externaltools.gnu-tools-for-stm32.10.3-2021.10.win32_1.0.100.202210260954/tools/bin/../lib/gcc/arm-none-eabi/10.3.1/thumb/v7e-m+fp/hard\libgcc.a(_udivmoddi4.o)
